Archive member included because of file (symbol)

/usr/local/CrossPack-AVR-20130212/lib/gcc/avr/4.6.2/../../../../avr/lib/avr5/libm.a(addsf3.o)
                              RunningVariance.o (__subsf3)
/usr/local/CrossPack-AVR-20130212/lib/gcc/avr/4.6.2/../../../../avr/lib/avr5/libm.a(addsf3x.o)
                              /usr/local/CrossPack-AVR-20130212/lib/gcc/avr/4.6.2/../../../../avr/lib/avr5/libm.a(addsf3.o) (__addsf3x)
/usr/local/CrossPack-AVR-20130212/lib/gcc/avr/4.6.2/../../../../avr/lib/avr5/libm.a(divsf3.o)
                              GenericHID.o (__divsf3)
/usr/local/CrossPack-AVR-20130212/lib/gcc/avr/4.6.2/../../../../avr/lib/avr5/libm.a(divsf3x.o)
                              /usr/local/CrossPack-AVR-20130212/lib/gcc/avr/4.6.2/../../../../avr/lib/avr5/libm.a(divsf3.o) (__divsf3x)
/usr/local/CrossPack-AVR-20130212/lib/gcc/avr/4.6.2/../../../../avr/lib/avr5/libm.a(fixsfsi.o)
                              GenericHID.o (__fixsfsi)
/usr/local/CrossPack-AVR-20130212/lib/gcc/avr/4.6.2/../../../../avr/lib/avr5/libm.a(fixunssfsi.o)
                              /usr/local/CrossPack-AVR-20130212/lib/gcc/avr/4.6.2/../../../../avr/lib/avr5/libm.a(fixsfsi.o) (__fixunssfsi)
/usr/local/CrossPack-AVR-20130212/lib/gcc/avr/4.6.2/../../../../avr/lib/avr5/libm.a(floatsisf.o)
                              AirwaySensors.o (__floatunsisf)
/usr/local/CrossPack-AVR-20130212/lib/gcc/avr/4.6.2/../../../../avr/lib/avr5/libm.a(fp_inf.o)
                              /usr/local/CrossPack-AVR-20130212/lib/gcc/avr/4.6.2/../../../../avr/lib/avr5/libm.a(addsf3x.o) (__fp_inf)
/usr/local/CrossPack-AVR-20130212/lib/gcc/avr/4.6.2/../../../../avr/lib/avr5/libm.a(fp_nan.o)
                              /usr/local/CrossPack-AVR-20130212/lib/gcc/avr/4.6.2/../../../../avr/lib/avr5/libm.a(addsf3x.o) (__fp_nan)
/usr/local/CrossPack-AVR-20130212/lib/gcc/avr/4.6.2/../../../../avr/lib/avr5/libm.a(fp_pscA.o)
                              /usr/local/CrossPack-AVR-20130212/lib/gcc/avr/4.6.2/../../../../avr/lib/avr5/libm.a(addsf3x.o) (__fp_pscA)
/usr/local/CrossPack-AVR-20130212/lib/gcc/avr/4.6.2/../../../../avr/lib/avr5/libm.a(fp_pscB.o)
                              /usr/local/CrossPack-AVR-20130212/lib/gcc/avr/4.6.2/../../../../avr/lib/avr5/libm.a(addsf3x.o) (__fp_pscB)
/usr/local/CrossPack-AVR-20130212/lib/gcc/avr/4.6.2/../../../../avr/lib/avr5/libm.a(fp_round.o)
                              /usr/local/CrossPack-AVR-20130212/lib/gcc/avr/4.6.2/../../../../avr/lib/avr5/libm.a(addsf3.o) (__fp_round)
/usr/local/CrossPack-AVR-20130212/lib/gcc/avr/4.6.2/../../../../avr/lib/avr5/libm.a(fp_split3.o)
                              /usr/local/CrossPack-AVR-20130212/lib/gcc/avr/4.6.2/../../../../avr/lib/avr5/libm.a(addsf3x.o) (__fp_split3)
/usr/local/CrossPack-AVR-20130212/lib/gcc/avr/4.6.2/../../../../avr/lib/avr5/libm.a(fp_zero.o)
                              /usr/local/CrossPack-AVR-20130212/lib/gcc/avr/4.6.2/../../../../avr/lib/avr5/libm.a(addsf3x.o) (__fp_zero)
/usr/local/CrossPack-AVR-20130212/lib/gcc/avr/4.6.2/../../../../avr/lib/avr5/libm.a(gesf2.o)
                              AirwaySensors.o (__gtsf2)
/usr/local/CrossPack-AVR-20130212/lib/gcc/avr/4.6.2/../../../../avr/lib/avr5/libm.a(mulsf3.o)
                              GenericHID.o (__mulsf3)
/usr/local/CrossPack-AVR-20130212/lib/gcc/avr/4.6.2/../../../../avr/lib/avr5/libm.a(mulsf3x.o)
                              /usr/local/CrossPack-AVR-20130212/lib/gcc/avr/4.6.2/../../../../avr/lib/avr5/libm.a(mulsf3.o) (__mulsf3x)
/usr/local/CrossPack-AVR-20130212/lib/gcc/avr/4.6.2/../../../../avr/lib/avr5/libm.a(fp_cmp.o)
                              /usr/local/CrossPack-AVR-20130212/lib/gcc/avr/4.6.2/../../../../avr/lib/avr5/libm.a(gesf2.o) (__fp_cmp)
/usr/local/CrossPack-AVR-20130212/lib/gcc/avr/4.6.2/avr5/libgcc.a(_udivmodhi4.o)
                              AirwaySensors.o (__udivmodhi4)
/usr/local/CrossPack-AVR-20130212/lib/gcc/avr/4.6.2/avr5/libgcc.a(_udivmodsi4.o)
                              EscharotomyArm.o (__udivmodsi4)
/usr/local/CrossPack-AVR-20130212/lib/gcc/avr/4.6.2/avr5/libgcc.a(_exit.o)
                              /usr/local/CrossPack-AVR-20130212/lib/gcc/avr/4.6.2/../../../../avr/lib/avr5/crtm32u4.o (exit)
/usr/local/CrossPack-AVR-20130212/lib/gcc/avr/4.6.2/avr5/libgcc.a(_copy_data.o)
                              GenericHID.o (__do_copy_data)
/usr/local/CrossPack-AVR-20130212/lib/gcc/avr/4.6.2/avr5/libgcc.a(_clear_bss.o)
                              GenericHID.o (__do_clear_bss)
/usr/local/CrossPack-AVR-20130212/lib/gcc/avr/4.6.2/../../../../avr/lib/avr5/libc.a(memcpy_P.o)
                              ../lufa/LUFA/Drivers/USB/Class/Device/RNDISClassDevice.o (memcpy_P)
/usr/local/CrossPack-AVR-20130212/lib/gcc/avr/4.6.2/../../../../avr/lib/avr5/libc.a(strlen_P.o)
                              ../lufa/LUFA/Drivers/USB/Class/Device/CDCClassDevice.o (__strlen_P)
/usr/local/CrossPack-AVR-20130212/lib/gcc/avr/4.6.2/../../../../avr/lib/avr5/libc.a(memcmp.o)
[...]
Memory Configuration

Name             Origin             Length             Attributes
text             0x00000000         0x00020000         xr
data             0x00800060         0x0000ffa0         rw !x
eeprom           0x00810000         0x00010000         rw !x
fuse             0x00820000         0x00000400         rw !x
lock             0x00830000         0x00000400         rw !x
signature        0x00840000         0x00000400         rw !x
*default*        0x00000000         0xffffffff

Linker script and memory map

Address of section .data set to 0x800100
LOAD /usr/local/CrossPack-AVR-20130212/lib/gcc/avr/4.6.2/../../../../avr/lib/avr5/crtm32u4.o
LOAD GenericHID.o
LOAD Descriptors.o
LOAD AirwaySensors.o
LOAD Timer.o
LOAD RFID.o
LOAD EscharotomyArm.o
LOAD FlowSensor.o
LOAD RunningVariance.o
LOAD ../lufa/LUFA/Drivers/USB/Class/Common/HIDParser.o
LOAD ../lufa/LUFA/Drivers/USB/Core/AVR8/Device_AVR8.o
LOAD ../lufa/LUFA/Drivers/USB/Core/AVR8/EndpointStream_AVR8.o
LOAD ../lufa/LUFA/Drivers/USB/Core/AVR8/Endpoint_AVR8.o
LOAD ../lufa/LUFA/Drivers/USB/Core/AVR8/Host_AVR8.o
LOAD ../lufa/LUFA/Drivers/USB/Core/AVR8/PipeStream_AVR8.o
LOAD ../lufa/LUFA/Drivers/USB/Core/AVR8/Pipe_AVR8.o
LOAD ../lufa/LUFA/Drivers/USB/Core/AVR8/USBController_AVR8.o
LOAD ../lufa/LUFA/Drivers/USB/Core/AVR8/USBInterrupt_AVR8.o
LOAD ../lufa/LUFA/Drivers/USB/Core/ConfigDescriptors.o
LOAD ../lufa/LUFA/Drivers/USB/Core/DeviceStandardReq.o
LOAD ../lufa/LUFA/Drivers/USB/Core/Events.o
LOAD ../lufa/LUFA/Drivers/USB/Core/HostStandardReq.o
LOAD ../lufa/LUFA/Drivers/USB/Core/USBTask.o
LOAD ../lufa/LUFA/Drivers/USB/Class/Device/AudioClassDevice.o
LOAD ../lufa/LUFA/Drivers/USB/Class/Device/CDCClassDevice.o
LOAD ../lufa/LUFA/Drivers/USB/Class/Device/HIDClassDevice.o
LOAD ../lufa/LUFA/Drivers/USB/Class/Device/MassStorageClassDevice.o
LOAD ../lufa/LUFA/Drivers/USB/Class/Device/MIDIClassDevice.o
LOAD ../lufa/LUFA/Drivers/USB/Class/Device/PrinterClassDevice.o
LOAD ../lufa/LUFA/Drivers/USB/Class/Device/RNDISClassDevice.o
LOAD ../lufa/LUFA/Drivers/USB/Class/Host/AndroidAccessoryClassHost.o
LOAD ../lufa/LUFA/Drivers/USB/Class/Host/AudioClassHost.o
LOAD ../lufa/LUFA/Drivers/USB/Class/Host/CDCClassHost.o
LOAD ../lufa/LUFA/Drivers/USB/Class/Host/HIDClassHost.o
LOAD ../lufa/LUFA/Drivers/USB/Class/Host/MassStorageClassHost.o
LOAD ../lufa/LUFA/Drivers/USB/Class/Host/MIDIClassHost.o
LOAD ../lufa/LUFA/Drivers/USB/Class/Host/PrinterClassHost.o
LOAD ../lufa/LUFA/Drivers/USB/Class/Host/RNDISClassHost.o
LOAD ../lufa/LUFA/Drivers/USB/Class/Host/StillImageClassHost.o
LOAD /usr/local/CrossPack-AVR-20130212/lib/gcc/avr/4.6.2/../../../../avr/lib/avr5/libm.a
LOAD /usr/local/CrossPack-AVR-20130212/lib/gcc/avr/4.6.2/avr5/libgcc.a
LOAD /usr/local/CrossPack-AVR-20130212/lib/gcc/avr/4.6.2/../../../../avr/lib/avr5/libc.a
LOAD /usr/local/CrossPack-AVR-20130212/lib/gcc/avr/4.6.2/avr5/libgcc.a

.hash
 *(.hash)

.dynsym
 *(.dynsym)

.dynstr
 *(.dynstr)

.gnu.version
 *(.gnu.version)

.gnu.version_d
 *(.gnu.version_d)

.gnu.version_r
 *(.gnu.version_r)

.rel.init
 *(.rel.init)

.rela.init
 *(.rela.init)

.rel.text
 *(.rel.text)
 *(.rel.text.*)
 *(.rel.gnu.linkonce.t*)

.rela.text
 *(.rela.text)
 *(.rela.text.*)
 *(.rela.gnu.linkonce.t*)

.rel.fini
 *(.rel.fini)

.rela.fini
 *(.rela.fini)

.rel.rodata
 *(.rel.rodata)
 *(.rel.rodata.*)
 *(.rel.gnu.linkonce.r*)

.rela.rodata
 *(.rela.rodata)
 *(.rela.rodata.*)
 *(.rela.gnu.linkonce.r*)

.rel.data
 *(.rel.data)
 *(.rel.data.*)
 *(.rel.gnu.linkonce.d*)

.rela.data
 *(.rela.data)
 *(.rela.data.*)
 *(.rela.gnu.linkonce.d*)

.rel.ctors
 *(.rel.ctors)

.rela.ctors
 *(.rela.ctors)

.rel.dtors
 *(.rel.dtors)

.rela.dtors
 *(.rela.dtors)

.rel.got
 *(.rel.got)

.rela.got
 *(.rela.got)

.rel.bss
 *(.rel.bss)

.rela.bss
 *(.rela.bss)

.rel.plt
 *(.rel.plt)

.rela.plt
 *(.rela.plt)

.text           0x00000000     0x2988
 *(.vectors)
 .vectors       0x00000000       0xac /usr/local/CrossPack-AVR-20130212/lib/gcc/avr/4.6.2/../../../../avr/lib/avr5/crtm32u4.o
                0x00000000                __vectors
                0x00000000                __vector_default
 *(.vectors)
 *(.progmem.gcc*)
 *(.progmem*)
 .progmem.data  0x000000ac      0x18b GenericHID.o
                0x000000ac                pstr_ROC
                0x000000b6                pstr_LIDOCANE
                0x000000c5                pstr_PROPOFOL
                0x000000d4                pstr_ANTIBIOTICS
                0x000000e6                pstr_KETAMINE
                0x000000f5                pstr_FENTANYL
                0x00000104                pstr_MORPHINE
                0x00000113                pstr_ETOMIDATE
                0x00000123                heat_str
                0x00000129                blip_str
                0x0000012f                device_name_string
                0x0000013e                iv_arm_msg
                0x0000014d                eschar_msg_5
                0x0000015d                eschar_msg_4
                0x0000016d                eschar_msg_3
                0x0000017d                eschar_msg_2
                0x0000018d                eschar_msg_1
                0x0000019d                o2_msg_str
                0x000001a1                hypervent_msg_str
                0x000001b9                mainstem_msg_str
                0x000001d7                bvm_off_msg_str
                0x000001e0                vent_msg_str
                0x000001f5                esophageal_msg_str
                0x00000215                bio_report_string
 .progmem.data  0x00000237      0x24a Descriptors.o
                0x00000237                ProductString
                0x00000265                ManufacturerString
                0x0000027f                LanguageString
                0x00000283                ConfigurationDescriptor
                0x000002a5                DeviceDescriptor
                0x000002b7                GenericReport
 .progmem.data  0x00000481       0x91 RFID.o
                0x00000481                o2_str
                0x00000485                temp_probe_str
                0x00000491                pulse_ox_str
                0x0000049b                bp_cuff_str
                0x000004a4                ecg_str
                0x000004a9                fluids_str
                0x000004b1                roc_str
                0x000004b6                lidocane_str
                0x000004c0                propofol_str
                0x000004ca                antibiotics_str
                0x000004d7                ketamine_str
                0x000004e1                fentanyl_str
                0x000004eb                morphine_str
                0x000004f5                succs_str
                0x000004fc                etomidate_str
                0x00000507                vent_str
                0x0000050d                bvm_str
 .progmem.data  0x00000512       0x5e FlowSensor.o
                0x00000512                iv_connected_str
                0x00000521                pstr_rcv_ROC
                0x00000526                pstr_rcv_LIDOCANE
                0x00000530                pstr_rcv_PROPOFOL
                0x0000053a                pstr_rcv_ANTIBIOTICS
                0x00000547                pstr_rcv_KETAMINE
                0x00000551                pstr_rcv_FENTANYL
                0x0000055b                pstr_rcv_MORPHINE
                0x00000565                pstr_rcv_ETOMIDATE
                0x00000570                . = ALIGN (0x2)
                0x00000570                __trampolines_start = .
 *(.trampolines)
 .trampolines   0x00000570        0x0 linker stubs
 *(.trampolines*)
                0x00000570                __trampolines_end = .
 *(.jumptables)
 *(.jumptables*)
 *(.lowtext)
 *(.lowtext*)
                0x00000570                __ctors_start = .
 *(.ctors)
                0x00000570                __ctors_end = .
                0x00000570                __dtors_start = .
 *(.dtors)
                0x00000570                __dtors_end = .
 SORT(*)(.ctors)
 SORT(*)(.dtors)
 *(.init0)
 .init0         0x00000570        0x0 /usr/local/CrossPack-AVR-20130212/lib/gcc/avr/4.6.2/../../../../avr/lib/avr5/crtm32u4.o
                0x00000570                __init
 *(.init0)
 *(.init1)
 *(.init1)
 *(.init2)
 .init2         0x00000570        0xc /usr/local/CrossPack-AVR-20130212/lib/gcc/avr/4.6.2/../../../../avr/lib/avr5/crtm32u4.o
 *(.init2)
 *(.init3)
 .init3         0x0000057c       0x3c GenericHID.o
                0x0000057c                Bootloader_Jump_Check
 *(.init3)
 *(.init4)
 .init4         0x000005b8       0x16 /usr/local/CrossPack-AVR-20130212/lib/gcc/avr/4.6.2/avr5/libgcc.a(_copy_data.o)
                0x000005b8                __do_copy_data
 .init4         0x000005ce       0x10 /usr/local/CrossPack-AVR-20130212/lib/gcc/avr/4.6.2/avr5/libgcc.a(_clear_bss.o)
                0x000005ce                __do_clear_bss
 *(.init4)
 *(.init5)
 *(.init5)
 *(.init6)
 *(.init6)
 *(.init7)
 *(.init7)
 *(.init8)
 *(.init8)
 *(.init9)
 .init9         0x000005de        0x6 /usr/local/CrossPack-AVR-20130212/lib/gcc/avr/4.6.2/../../../../avr/lib/avr5/crtm32u4.o
 *(.init9)
 *(.text)
 .text          0x000005e4        0x2 /usr/local/CrossPack-AVR-20130212/lib/gcc/avr/4.6.2/../../../../avr/lib/avr5/crtm32u4.o
                0x000005e4                __vector_42
                0x000005e4                __vector_22
                0x000005e4                __vector_28
                0x000005e4                __vector_1
                0x000005e4                __vector_32
                0x000005e4                __vector_34
                0x000005e4                __vector_24
                0x000005e4                __vector_12
                0x000005e4                __bad_interrupt
                0x000005e4                __vector_6
                0x000005e4                __vector_31
                0x000005e4                __vector_35
                0x000005e4                __vector_39
                0x000005e4                __vector_3
                0x000005e4                __vector_23
                0x000005e4                __vector_30
                0x000005e4                __vector_25
                0x000005e4                __vector_11
                0x000005e4                __vector_13
                0x000005e4                __vector_17
                0x000005e4                __vector_19
                0x000005e4                __vector_7
                0x000005e4                __vector_41
                0x000005e4                __vector_27
                0x000005e4                __vector_5
                0x000005e4                __vector_33
                0x000005e4                __vector_37
                0x000005e4                __vector_4
                0x000005e4                __vector_9
                0x000005e4                __vector_2
                0x000005e4                __vector_15
                0x000005e4                __vector_36
                0x000005e4                __vector_29
                0x000005e4                __vector_40
                0x000005e4                __vector_8
                0x000005e4                __vector_26
                0x000005e4                __vector_14
                0x000005e4                __vector_16
                0x000005e4                __vector_18
                0x000005e4                __vector_20
                0x000005e4                __vector_38
                0x000005e6                . = ALIGN (0x2)
 *(.text.*)
 .text.LEDs_SetAllLEDs
                0x000005e6       0x28 GenericHID.o
 .text.Jump_To_Bootloader
                0x0000060e       0x4e GenericHID.o
                0x0000060e                Jump_To_Bootloader
 .text.adc_read
                0x0000065c       0x4c GenericHID.o
                0x0000065c                adc_read
 .text.adc_task
                0x000006a8       0x2e GenericHID.o
                0x000006a8                adc_task
 .text.SetupHardware
                0x000006d6       0x62 GenericHID.o
                0x000006d6                SetupHardware
 .text.startup.main
                0x00000738       0x20 GenericHID.o
                0x00000738                main
 .text.EVENT_USB_Device_Connect
                0x00000758        0x4 GenericHID.o
                0x00000758                EVENT_USB_Device_Connect
 .text.EVENT_USB_Device_Disconnect
                0x0000075c        0x4 GenericHID.o
                0x0000075c                EVENT_USB_Device_Disconnect
 .text.EVENT_USB_Device_ConfigurationChanged
                0x00000760       0x1e GenericHID.o
                0x00000760                EVENT_USB_Device_ConfigurationChanged
 .text.EVENT_USB_Device_ControlRequest
                0x0000077e        0x8 GenericHID.o
                0x0000077e                EVENT_USB_Device_ControlRequest
 .text.EVENT_USB_Device_StartOfFrame
                0x00000786       0x18 GenericHID.o
                0x00000786                EVENT_USB_Device_StartOfFrame
 .text.CALLBACK_HID_Device_CreateHIDReport
                0x0000079e      0x7ce GenericHID.o
                0x0000079e                CALLBACK_HID_Device_CreateHIDReport
 .text.CALLBACK_HID_Device_ProcessHIDReport
                0x00000f6c      0x14a GenericHID.o
                0x00000f6c                CALLBACK_HID_Device_ProcessHIDReport
 .text.CALLBACK_USB_GetDescriptor
                0x000010b6       0x7a Descriptors.o
                0x000010b6                CALLBACK_USB_GetDescriptor
 .text.deq_event
                0x00001130       0x50 AirwaySensors.o
                0x00001130                deq_event
 .text.uint32_to_wire
                0x00001180        0xc AirwaySensors.o
                0x00001180                uint32_to_wire
 .text.event_to_wire
                0x0000118c       0x48 AirwaySensors.o
                0x0000118c                event_to_wire
 .text.float_to_wire
                0x000011d4       0x3c AirwaySensors.o
                0x000011d4                float_to_wire
 .text.float_from_wire
                0x00001210       0x44 AirwaySensors.o
                0x00001210                float_from_wire
 .text.setup_timer
                0x00001254       0x1c Timer.o
                0x00001254                setup_timer
 .text.__vector_21
                0x00001270       0x4a Timer.o
                0x00001270                __vector_21
 .text.millis   0x000012ba       0x1e Timer.o
                0x000012ba                millis
 .text.host_millis
                0x000012d8       0xf2 Timer.o
                0x000012d8                host_millis
 .text.set_time_oset
                0x000013ca       0xe0 Timer.o
                0x000013ca                set_time_oset
 .text.time_to_wire
                0x000014aa       0x52 Timer.o
                0x000014aa                time_to_wire
 .text.time_from_wire
                0x000014fc       0x4e Timer.o
                0x000014fc                time_from_wire
 .text.rfid_sendcommand_readtags
                0x0000154a       0x2c RFID.o
                0x0000154a                rfid_sendcommand_readtags
 .text.classify_tag
                0x00001576       0xce RFID.o
                0x00001576                classify_tag
 .text.rfid_enable_buzzer
                0x00001644       0x1a RFID.o
                0x00001644                rfid_enable_buzzer
 .text.heat_enable
                0x0000165e        0x4 EscharotomyArm.o
                0x0000165e                heat_enable
 .text.pulse_stop
                0x00001662        0x6 EscharotomyArm.o
                0x00001662                pulse_stop
 .text.pulse_set_delay
                0x00001668       0x1a EscharotomyArm.o
                0x00001668                pulse_set_delay
 .text.flow_enum_set_waiting
                0x00001682       0x5e FlowSensor.o
                0x00001682                flow_enum_set_waiting
 .text.flowsensor_task
                0x000016e0       0xa0 FlowSensor.o
                0x000016e0                flowsensor_task
 .text.ram_prog_cmp
                0x00001780       0x34 FlowSensor.o
                0x00001780                ram_prog_cmp
 .text.flow_sensor_handle_PROX
                0x000017b4       0xd2 FlowSensor.o
                0x000017b4                flow_sensor_handle_PROX
 .text.flow_sensor_handle_ACT
                0x00001886       0x16 FlowSensor.o
                0x00001886                flow_sensor_handle_ACT
 .text.Endpoint_Write_Stream_LE
                0x0000189c       0xa0 ../lufa/LUFA/Drivers/USB/Core/AVR8/EndpointStream_AVR8.o
                0x0000189c                Endpoint_Write_Stream_LE
 .text.Endpoint_Write_Control_Stream_LE
                0x0000193c       0xcc ../lufa/LUFA/Drivers/USB/Core/AVR8/EndpointStream_AVR8.o
                0x0000193c                Endpoint_Write_Control_Stream_LE
 .text.Endpoint_Read_Control_Stream_LE
                0x00001a08       0x9c ../lufa/LUFA/Drivers/USB/Core/AVR8/EndpointStream_AVR8.o
                0x00001a08                Endpoint_Read_Control_Stream_LE
 .text.Endpoint_Write_Control_PStream_LE
                0x00001aa4       0xce ../lufa/LUFA/Drivers/USB/Core/AVR8/EndpointStream_AVR8.o
                0x00001aa4                Endpoint_Write_Control_PStream_LE
 .text.Endpoint_ConfigureEndpoint_Prv
                0x00001b72       0x6a ../lufa/LUFA/Drivers/USB/Core/AVR8/Endpoint_AVR8.o
                0x00001b72                Endpoint_ConfigureEndpoint_Prv
 .text.Endpoint_ConfigureEndpointTable
                0x00001bdc       0x78 ../lufa/LUFA/Drivers/USB/Core/AVR8/Endpoint_AVR8.o
                0x00001bdc                Endpoint_ConfigureEndpointTable
 .text.Endpoint_ClearStatusStage
                0x00001c54       0x42 ../lufa/LUFA/Drivers/USB/Core/AVR8/Endpoint_AVR8.o
                0x00001c54                Endpoint_ClearStatusStage
 .text.Endpoint_WaitUntilReady
                0x00001c96       0x66 ../lufa/LUFA/Drivers/USB/Core/AVR8/Endpoint_AVR8.o
                0x00001c96                Endpoint_WaitUntilReady
 .text.USB_ResetInterface
                0x00001cfc       0x80 ../lufa/LUFA/Drivers/USB/Core/AVR8/USBController_AVR8.o
                0x00001cfc                USB_ResetInterface
 .text.USB_Init
                0x00001d7c       0x20 ../lufa/LUFA/Drivers/USB/Core/AVR8/USBController_AVR8.o
                0x00001d7c                USB_Init
 .text.USB_INT_DisableAllInterrupts
                0x00001d9c       0x10 ../lufa/LUFA/Drivers/USB/Core/AVR8/USBInterrupt_AVR8.o
                0x00001d9c                USB_INT_DisableAllInterrupts
 .text.USB_INT_ClearAllInterrupts
                0x00001dac        0xa ../lufa/LUFA/Drivers/USB/Core/AVR8/USBInterrupt_AVR8.o
                0x00001dac                USB_INT_ClearAllInterrupts
 .text.__vector_10
                0x00001db6      0x192 ../lufa/LUFA/Drivers/USB/Core/AVR8/USBInterrupt_AVR8.o
                0x00001db6                __vector_10
 .text.USB_Device_ProcessControlRequest
                0x00001f48      0x2d2 ../lufa/LUFA/Drivers/USB/Core/DeviceStandardReq.o
                0x00001f48                USB_Device_ProcessControlRequest
 .text.USB_Event_Stub
                0x0000221a        0x2 ../lufa/LUFA/Drivers/USB/Core/Events.o
                0x0000221a                EVENT_USB_Device_WakeUp
                0x0000221a                USB_Event_Stub
                0x0000221a                EVENT_USB_Device_Suspend
                0x0000221a                EVENT_USB_Device_Reset
 .text.USB_USBTask
                0x0000221c       0x38 ../lufa/LUFA/Drivers/USB/Core/USBTask.o
                0x0000221c                USB_USBTask
 .text.HID_Device_ProcessControlRequest
                0x00002254      0x274 ../lufa/LUFA/Drivers/USB/Class/Device/HIDClassDevice.o
                0x00002254                HID_Device_ProcessControlRequest
 .text.HID_Device_ConfigureEndpoints
                0x000024c8       0x32 ../lufa/LUFA/Drivers/USB/Class/Device/HIDClassDevice.o
                0x000024c8                HID_Device_ConfigureEndpoints
 .text.HID_Device_USBTask
                0x000024fa      0x18e ../lufa/LUFA/Drivers/USB/Class/Device/HIDClassDevice.o
                0x000024fa                HID_Device_USBTask
 .text.avr-libc.fplib
                0x00002688        0x4 /usr/local/CrossPack-AVR-20130212/lib/gcc/avr/4.6.2/../../../../avr/lib/avr5/libm.a(divsf3.o)
                0x00002688                __divsf3
 .text.avr-libc.fplib
                0x0000268c       0xcc /usr/local/CrossPack-AVR-20130212/lib/gcc/avr/4.6.2/../../../../avr/lib/avr5/libm.a(divsf3x.o)
                0x000026a2                __divsf3x
                0x000026a6                __divsf3_pse
 .text.avr-libc.fplib
                0x00002758        0xa /usr/local/CrossPack-AVR-20130212/lib/gcc/avr/4.6.2/../../../../avr/lib/avr5/libm.a(fixsfsi.o)
                0x00002758                __fixsfsi
 .text.avr-libc.fplib
                0x00002762       0x58 /usr/local/CrossPack-AVR-20130212/lib/gcc/avr/4.6.2/../../../../avr/lib/avr5/libm.a(fixunssfsi.o)
                0x00002762                __fixunssfsi
 .text.avr-libc.fplib
                0x000027ba        0xc /usr/local/CrossPack-AVR-20130212/lib/gcc/avr/4.6.2/../../../../avr/lib/avr5/libm.a(fp_inf.o)
                0x000027ba                __fp_inf
 .text.avr-libc.fplib
                0x000027c6        0x6 /usr/local/CrossPack-AVR-20130212/lib/gcc/avr/4.6.2/../../../../avr/lib/avr5/libm.a(fp_nan.o)
                0x000027c6                __fp_nan
 .text.avr-libc.fplib
                0x000027cc        0xe /usr/local/CrossPack-AVR-20130212/lib/gcc/avr/4.6.2/../../../../avr/lib/avr5/libm.a(fp_pscA.o)
                0x000027cc                __fp_pscA
 .text.avr-libc.fplib
                0x000027da        0xe /usr/local/CrossPack-AVR-20130212/lib/gcc/avr/4.6.2/../../../../avr/lib/avr5/libm.a(fp_pscB.o)
                0x000027da                __fp_pscB
 .text.avr-libc.fplib
                0x000027e8       0x22 /usr/local/CrossPack-AVR-20130212/lib/gcc/avr/4.6.2/../../../../avr/lib/avr5/libm.a(fp_round.o)
                0x000027e8                __fp_round
 .text.avr-libc.fplib
                0x0000280a       0x44 /usr/local/CrossPack-AVR-20130212/lib/gcc/avr/4.6.2/../../../../avr/lib/avr5/libm.a(fp_split3.o)
                0x0000280a                __fp_split3
                0x0000281a                __fp_splitA
 .text.avr-libc.fplib
                0x0000284e        0xe /usr/local/CrossPack-AVR-20130212/lib/gcc/avr/4.6.2/../../../../avr/lib/avr5/libm.a(fp_zero.o)
                0x0000284e                __fp_zero
                0x00002850                __fp_szero
 .text.avr-libc.fplib
                0x0000285c        0x4 /usr/local/CrossPack-AVR-20130212/lib/gcc/avr/4.6.2/../../../../avr/lib/avr5/libm.a(mulsf3.o)
                0x0000285c                __mulsf3
 .text.avr-libc.fplib
                0x00002860       0xc2 /usr/local/CrossPack-AVR-20130212/lib/gcc/avr/4.6.2/../../../../avr/lib/avr5/libm.a(mulsf3x.o)
                0x00002874                __mulsf3x
                0x00002878                __mulsf3_pse
 .text.libgcc   0x00002922       0x28 /usr/local/CrossPack-AVR-20130212/lib/gcc/avr/4.6.2/avr5/libgcc.a(_udivmodhi4.o)
                0x00002922                __udivmodhi4
 .text.avr-libc
                0x0000294a       0x1a /usr/local/CrossPack-AVR-20130212/lib/gcc/avr/4.6.2/../../../../avr/lib/avr5/libc.a(memcmp.o)
                0x0000294a                memcmp
 .text.avr-libc
                0x00002964       0x12 /usr/local/CrossPack-AVR-20130212/lib/gcc/avr/4.6.2/../../../../avr/lib/avr5/libc.a(memcpy.o)
                0x00002964                memcpy
 .text.avr-libc
                0x00002976        0xe /usr/local/CrossPack-AVR-20130212/lib/gcc/avr/4.6.2/../../../../avr/lib/avr5/libc.a(memset.o)
                0x00002976                memset
                0x00002984                . = ALIGN (0x2)
 *(.fini9)
 .fini9         0x00002984        0x0 /usr/local/CrossPack-AVR-20130212/lib/gcc/avr/4.6.2/avr5/libgcc.a(_exit.o)
                0x00002984                exit
                0x00002984                _exit
 *(.fini9)
 *(.fini8)
 *(.fini8)
 *(.fini7)
 *(.fini7)
 *(.fini6)
 *(.fini6)
 *(.fini5)
 *(.fini5)
 *(.fini4)
 *(.fini4)
 *(.fini3)
 *(.fini3)
 *(.fini2)
 *(.fini2)
 *(.fini1)
 *(.fini1)
 *(.fini0)
 .fini0         0x00002984        0x4 /usr/local/CrossPack-AVR-20130212/lib/gcc/avr/4.6.2/avr5/libgcc.a(_exit.o)
 *(.fini0)
                0x00002988                _etext = .

.data           0x00800100      0x23a load address 0x00002988
                0x00800100                PROVIDE (__data_start, .)
 *(.data)
 .data          0x00800100        0x0 /usr/local/CrossPack-AVR-20130212/lib/gcc/avr/4.6.2/../../../../avr/lib/avr5/crtm32u4.o
 .data          0x00800100       0xb4 GenericHID.o
                0x00800108                gas_pressure_threshold
                0x0080010a                event_buffer
                0x00800194                sensor_evt_thresh
                0x008001a4                Generic_HID_Interface
 .data          0x008001b4        0x0 Descriptors.o
 .data          0x008001b4        0x0 AirwaySensors.o
 .data          0x008001b4        0x0 Timer.o
 .data          0x008001b4      0x130 RFID.o
                0x008001b4                tags
                0x008002e0                inprog_message
                0x008002e2                usable_message
 .data          0x008002e4       0x46 EscharotomyArm.o
                0x008002e4                pulse_delay_ms
                0x008002e6                pulse
 .data          0x0080032a        0x0 FlowSensor.o
 .data          0x0080032a        0x0 RunningVariance.o
 .data          0x0080032a        0x0 ../lufa/LUFA/Drivers/USB/Class/Common/HIDParser.o
 .data          0x0080032a        0x0 ../lufa/LUFA/Drivers/USB/Core/AVR8/Device_AVR8.o
 .data          0x0080032a        0x0 ../lufa/LUFA/Drivers/USB/Core/AVR8/EndpointStream_AVR8.o
 .data          0x0080032a        0x0 ../lufa/LUFA/Drivers/USB/Core/AVR8/Endpoint_AVR8.o
 .data          0x0080032a        0x0 ../lufa/LUFA/Drivers/USB/Core/AVR8/Host_AVR8.o
 .data          0x0080032a        0x0 ../lufa/LUFA/Drivers/USB/Core/AVR8/PipeStream_AVR8.o
 .data          0x0080032a        0x0 ../lufa/LUFA/Drivers/USB/Core/AVR8/Pipe_AVR8.o
 .data          0x0080032a        0x0 ../lufa/LUFA/Drivers/USB/Core/AVR8/USBController_AVR8.o
 .data          0x0080032a        0x0 ../lufa/LUFA/Drivers/USB/Core/AVR8/USBInterrupt_AVR8.o
 .data          0x0080032a        0x0 ../lufa/LUFA/Drivers/USB/Core/ConfigDescriptors.o
 .data          0x0080032a        0x0 ../lufa/LUFA/Drivers/USB/Core/DeviceStandardReq.o
 .data          0x0080032a        0x0 ../lufa/LUFA/Drivers/USB/Core/Events.o
 .data          0x0080032a        0x0 ../lufa/LUFA/Drivers/USB/Core/HostStandardReq.o
 .data          0x0080032a        0x0 ../lufa/LUFA/Drivers/USB/Core/USBTask.o
 .data          0x0080032a        0x0 ../lufa/LUFA/Drivers/USB/Class/Device/AudioClassDevice.o
 .data          0x0080032a        0x8 ../lufa/LUFA/Drivers/USB/Class/Device/CDCClassDevice.o
 .data          0x00800332        0x0 ../lufa/LUFA/Drivers/USB/Class/Device/HIDClassDevice.o
 .data          0x00800332        0x0 ../lufa/LUFA/Drivers/USB/Class/Device/MassStorageClassDevice.o
 .data          0x00800332        0x0 ../lufa/LUFA/Drivers/USB/Class/Device/MIDIClassDevice.o
 .data          0x00800332        0x0 ../lufa/LUFA/Drivers/USB/Class/Device/PrinterClassDevice.o
 .data          0x00800332        0x8 ../lufa/LUFA/Drivers/USB/Class/Device/RNDISClassDevice.o
 .data          0x0080033a        0x0 ../lufa/LUFA/Drivers/USB/Class/Host/AndroidAccessoryClassHost.o
 .data          0x0080033a        0x0 ../lufa/LUFA/Drivers/USB/Class/Host/AudioClassHost.o
 .data          0x0080033a        0x0 ../lufa/LUFA/Drivers/USB/Class/Host/CDCClassHost.o
 .data          0x0080033a        0x0 ../lufa/LUFA/Drivers/USB/Class/Host/HIDClassHost.o
 .data          0x0080033a        0x0 ../lufa/LUFA/Drivers/USB/Class/Host/MassStorageClassHost.o
 .data          0x0080033a        0x0 ../lufa/LUFA/Drivers/USB/Class/Host/MIDIClassHost.o
 .data          0x0080033a        0x0 ../lufa/LUFA/Drivers/USB/Class/Host/PrinterClassHost.o
 .data          0x0080033a        0x0 ../lufa/LUFA/Drivers/USB/Class/Host/RNDISClassHost.o
 .data          0x0080033a        0x0 ../lufa/LUFA/Drivers/USB/Class/Host/StillImageClassHost.o
 .data          0x0080033a        0x0 /usr/local/CrossPack-AVR-20130212/lib/gcc/avr/4.6.2/../../../../avr/lib/avr5/libm.a(addsf3.o)
 .data          0x0080033a        0x0 /usr/local/CrossPack-AVR-20130212/lib/gcc/avr/4.6.2/../../../../avr/lib/avr5/libm.a(addsf3x.o)
 .data          0x0080033a        0x0 /usr/local/CrossPack-AVR-20130212/lib/gcc/avr/4.6.2/../../../../avr/lib/avr5/libm.a(divsf3.o)
 .data          0x0080033a        0x0 /usr/local/CrossPack-AVR-20130212/lib/gcc/avr/4.6.2/../../../../avr/lib/avr5/libm.a(divsf3x.o)
 .data          0x0080033a        0x0 /usr/local/CrossPack-AVR-20130212/lib/gcc/avr/4.6.2/../../../../avr/lib/avr5/libm.a(fixsfsi.o)
 .data          0x0080033a        0x0 /usr/local/CrossPack-AVR-20130212/lib/gcc/avr/4.6.2/../../../../avr/lib/avr5/libm.a(fixunssfsi.o)
 .data          0x0080033a        0x0 /usr/local/CrossPack-AVR-20130212/lib/gcc/avr/4.6.2/../../../../avr/lib/avr5/libm.a(floatsisf.o)
 .data          0x0080033a        0x0 /usr/local/CrossPack-AVR-20130212/lib/gcc/avr/4.6.2/../../../../avr/lib/avr5/libm.a(fp_inf.o)
 .data          0x0080033a        0x0 /usr/local/CrossPack-AVR-20130212/lib/gcc/avr/4.6.2/../../../../avr/lib/avr5/libm.a(fp_nan.o)
 .data          0x0080033a        0x0 /usr/local/CrossPack-AVR-20130212/lib/gcc/avr/4.6.2/../../../../avr/lib/avr5/libm.a(fp_pscA.o)
 .data          0x0080033a        0x0 /usr/local/CrossPack-AVR-20130212/lib/gcc/avr/4.6.2/../../../../avr/lib/avr5/libm.a(fp_pscB.o)
 .data          0x0080033a        0x0 /usr/local/CrossPack-AVR-20130212/lib/gcc/avr/4.6.2/../../../../avr/lib/avr5/libm.a(fp_round.o)
 .data          0x0080033a        0x0 /usr/local/CrossPack-AVR-20130212/lib/gcc/avr/4.6.2/../../../../avr/lib/avr5/libm.a(fp_split3.o)
 .data          0x0080033a        0x0 /usr/local/CrossPack-AVR-20130212/lib/gcc/avr/4.6.2/../../../../avr/lib/avr5/libm.a(fp_zero.o)
 .data          0x0080033a        0x0 /usr/local/CrossPack-AVR-20130212/lib/gcc/avr/4.6.2/../../../../avr/lib/avr5/libm.a(gesf2.o)
 .data          0x0080033a        0x0 /usr/local/CrossPack-AVR-20130212/lib/gcc/avr/4.6.2/../../../../avr/lib/avr5/libm.a(mulsf3.o)
 .data          0x0080033a        0x0 /usr/local/CrossPack-AVR-20130212/lib/gcc/avr/4.6.2/../../../../avr/lib/avr5/libm.a(mulsf3x.o)
 .data          0x0080033a        0x0 /usr/local/CrossPack-AVR-20130212/lib/gcc/avr/4.6.2/../../../../avr/lib/avr5/libm.a(fp_cmp.o)
 .data          0x0080033a        0x0 /usr/local/CrossPack-AVR-20130212/lib/gcc/avr/4.6.2/avr5/libgcc.a(_udivmodhi4.o)
 .data          0x0080033a        0x0 /usr/local/CrossPack-AVR-20130212/lib/gcc/avr/4.6.2/avr5/libgcc.a(_udivmodsi4.o)
 .data          0x0080033a        0x0 /usr/local/CrossPack-AVR-20130212/lib/gcc/avr/4.6.2/avr5/libgcc.a(_exit.o)
 .data          0x0080033a        0x0 /usr/local/CrossPack-AVR-20130212/lib/gcc/avr/4.6.2/avr5/libgcc.a(_copy_data.o)
 .data          0x0080033a        0x0 /usr/local/CrossPack-AVR-20130212/lib/gcc/avr/4.6.2/avr5/libgcc.a(_clear_bss.o)
 .data          0x0080033a        0x0 /usr/local/CrossPack-AVR-20130212/lib/gcc/avr/4.6.2/../../../../avr/lib/avr5/libc.a(memcpy_P.o)
 .data          0x0080033a        0x0 /usr/local/CrossPack-AVR-20130212/lib/gcc/avr/4.6.2/../../../../avr/lib/avr5/libc.a(strlen_P.o)
 .data          0x0080033a        0x0 /usr/local/CrossPack-AVR-20130212/lib/gcc/avr/4.6.2/../../../../avr/lib/avr5/libc.a(memcmp.o)
 .data          0x0080033a        0x0 /usr/local/CrossPack-AVR-20130212/lib/gcc/avr/4.6.2/../../../../avr/lib/avr5/libc.a(memcpy.o)
 .data          0x0080033a        0x0 /usr/local/CrossPack-AVR-20130212/lib/gcc/avr/4.6.2/../../../../avr/lib/avr5/libc.a(memset.o)
 .data          0x0080033a        0x0 /usr/local/CrossPack-AVR-20130212/lib/gcc/avr/4.6.2/../../../../avr/lib/avr5/libc.a(eerd_byte_atmega32u4.o)
 .data          0x0080033a        0x0 /usr/local/CrossPack-AVR-20130212/lib/gcc/avr/4.6.2/../../../../avr/lib/avr5/libc.a(eeupd_byte_atmega32u4.o)
 *(.data*)
 *(.rodata)
 *(.rodata*)
 *(.gnu.linkonce.d*)
                0x0080033a                . = ALIGN (0x2)
                0x0080033a                _edata = .
                0x0080033a                PROVIDE (__data_end, .)

.bss            0x0080033a      0x320
                0x0080033a                PROVIDE (__bss_start, .)
 *(.bss)
 .bss           0x0080033a      0x103 GenericHID.o
                0x0080033a                pstm_st
                0x0080033b                stm_reqd_offset
                0x0080033c                stm_reqd_stringid
                0x0080033d                stm_state
 .bss           0x0080043d        0xc Timer.o
                0x0080043d                time_oset
                0x00800445                cur_millis
 .bss           0x00800449        0x1 FlowSensor.o
                0x00800449                last_flowmsg_rcvd
 *(.bss*)
 *(COMMON)
 COMMON         0x0080044a      0x173 GenericHID.o
                0x0080044a                lung_flow_stop_time
                0x0080044e                esophageal_msg_waiting
                0x0080044f                eschar_msg_state_4
                0x00800450                prox2act
                0x0080054f                pin7_start_time_host
                0x00800557                bvm_sitch
                0x00800558                hypervent_msg_waiting
                0x00800559                sensor_varnces
                0x00800569                KETAMINE_msg_waiting
                0x0080056a                bvm_off_msg_waiting
                0x0080056b                vent_sitch
                0x0080056c                eschar_msg_state_1
                0x0080056d                heat_msg_waiting
                0x0080056e                rfid_usable_to_send
                0x0080056f                last_blip
                0x00800573                eso_flow_stop_time
                0x00800577                ETOMIDATE_msg_waiting
                0x00800578                HID_Report_IDs
                0x00800579                prox2act_msg_waiting
                0x0080057a                lung_st
                0x0080057b                eso_st
                0x0080057c                MORPHINE_msg_waiting
                0x0080057d                stomach_last_sent_event
                0x00800581                blip_msg_waiting
                0x00800582                esophageal_st
                0x00800583                eschar_msg_state_5
                0x00800584                pin7_evt_dur
                0x00800588                stomach_evt_occuring
                0x00800589                right_bronchus_evt_occuring
                0x0080058a                left_bronchus_evt_occuring
                0x0080058b                pin7_start_time
                0x0080058f                mask_main_exclusion
                0x00800590                ROC_msg_waiting
                0x00800591                PROPOFOL_msg_waiting
                0x00800592                eschar_msg_state_3
                0x00800593                vent_msg_waiting
                0x00800594                pin7_evt_start_host
                0x0080059c                eschar_msg_state_2
                0x0080059d                dur_waiting
                0x0080059e                parsed_rfid_ready
                0x0080059f                FENTANYL_msg_waiting
                0x008005a0                o2_msg_waiting
                0x008005a1                ANTIBIOTICS_msg_waiting
                0x008005a2                mainstem_msg_waiting
                0x008005a3                LIDOCANE_msg_waiting
                0x008005a4                adc_values
                0x008005bc                pin7_evt_avail
 COMMON         0x008005bd       0x88 RFID.o
                0x008005bd                msgbuf_2
                0x008005fd                last_rfid_read
                0x00800601                last_buzzer_enable
                0x00800605                msgbuf_1
 COMMON         0x00800645        0x5 EscharotomyArm.o
                0x00800645                pulse_enabled
                0x00800646                last_loop_start
 COMMON         0x0080064a        0x3 FlowSensor.o
                0x0080064a                iv_connected
                0x0080064b                fs_module_st
                0x0080064c                last_fs_st
 COMMON         0x0080064d        0x3 ../lufa/LUFA/Drivers/USB/Core/DeviceStandardReq.o
                0x0080064d                USB_Device_ConfigurationNumber
                0x0080064e                USB_Device_CurrentlySelfPowered
                0x0080064f                USB_Device_RemoteWakeupEnabled
 COMMON         0x00800650        0xa ../lufa/LUFA/Drivers/USB/Core/USBTask.o
                0x00800650                USB_IsInitialized
                0x00800651                USB_DeviceState
                0x00800652                USB_ControlRequest
                0x0080065a                PROVIDE (__bss_end, .)
                0x00002988                __data_load_start = LOADADDR (.data)
                0x00002bc2                __data_load_end = (__data_load_start + SIZEOF (.data))

.noinit         0x0080065a        0x4
                0x0080065a                PROVIDE (__noinit_start, .)
 *(.noinit*)
 .noinit        0x0080065a        0x4 GenericHID.o
                0x0080065a                Boot_Key
                0x0080065e                PROVIDE (__noinit_end, .)
                0x0080065e                _end = .
                0x0080065e                PROVIDE (__heap_start, .)

.eeprom         0x00810000        0x0
 *(.eeprom*)
                0x00810000                __eeprom_end = .

.fuse
 *(.fuse)
 *(.lfuse)
 *(.hfuse)
 *(.efuse)

.lock
 *(.lock*)

.signature
 *(.signature*)

.stab           0x00000000     0x2808
 *(.stab)
 .stab          0x00000000      0x6cc /usr/local/CrossPack-AVR-20130212/lib/gcc/avr/4.6.2/../../../../avr/lib/avr5/crtm32u4.o
 .stab          0x000006cc       0x78 /usr/local/CrossPack-AVR-20130212/lib/gcc/avr/4.6.2/../../../../avr/lib/avr5/libm.a(addsf3.o)
                                 0x84 (size before relaxing)
 .stab          0x00000744      0x4bc /usr/local/CrossPack-AVR-20130212/lib/gcc/avr/4.6.2/../../../../avr/lib/avr5/libm.a(addsf3x.o)
                                0x4c8 (size before relaxing)
 .stab          0x00000c00       0x48 /usr/local/CrossPack-AVR-20130212/lib/gcc/avr/4.6.2/../../../../avr/lib/avr5/libm.a(divsf3.o)
                                 0x54 (size before relaxing)
 .stab          0x00000c48      0x510 /usr/local/CrossPack-AVR-20130212/lib/gcc/avr/4.6.2/../../../../avr/lib/avr5/libm.a(divsf3x.o)
                                0x51c (size before relaxing)
 .stab          0x00001158       0x6c /usr/local/CrossPack-AVR-20130212/lib/gcc/avr/4.6.2/../../../../avr/lib/avr5/libm.a(fixsfsi.o)
                                 0x78 (size before relaxing)
 .stab          0x000011c4      0x240 /usr/local/CrossPack-AVR-20130212/lib/gcc/avr/4.6.2/../../../../avr/lib/avr5/libm.a(fixunssfsi.o)
                                0x24c (size before relaxing)
 .stab          0x00001404      0x318 /usr/local/CrossPack-AVR-20130212/lib/gcc/avr/4.6.2/../../../../avr/lib/avr5/libm.a(floatsisf.o)
                                0x324 (size before relaxing)
 .stab          0x0000171c       0x78 /usr/local/CrossPack-AVR-20130212/lib/gcc/avr/4.6.2/../../../../avr/lib/avr5/libm.a(fp_inf.o)
                                 0x84 (size before relaxing)
 .stab          0x00001794       0x54 /usr/local/CrossPack-AVR-20130212/lib/gcc/avr/4.6.2/../../../../avr/lib/avr5/libm.a(fp_nan.o)
                                 0x60 (size before relaxing)
 .stab          0x000017e8       0x84 /usr/local/CrossPack-AVR-20130212/lib/gcc/avr/4.6.2/../../../../avr/lib/avr5/libm.a(fp_pscA.o)
                                 0x90 (size before relaxing)
 .stab          0x0000186c       0x84 /usr/local/CrossPack-AVR-20130212/lib/gcc/avr/4.6.2/../../../../avr/lib/avr5/libm.a(fp_pscB.o)
                                 0x90 (size before relaxing)
 .stab          0x000018f0       0xfc /usr/local/CrossPack-AVR-20130212/lib/gcc/avr/4.6.2/../../../../avr/lib/avr5/libm.a(fp_round.o)
                                0x108 (size before relaxing)
 .stab          0x000019ec      0x1d4 /usr/local/CrossPack-AVR-20130212/lib/gcc/avr/4.6.2/../../../../avr/lib/avr5/libm.a(fp_split3.o)
                                0x1e0 (size before relaxing)
 .stab          0x00001bc0       0x90 /usr/local/CrossPack-AVR-20130212/lib/gcc/avr/4.6.2/../../../../avr/lib/avr5/libm.a(fp_zero.o)
                                 0x9c (size before relaxing)
 .stab          0x00001c50       0x6c /usr/local/CrossPack-AVR-20130212/lib/gcc/avr/4.6.2/../../../../avr/lib/avr5/libm.a(gesf2.o)
                                 0x78 (size before relaxing)
 .stab          0x00001cbc       0x48 /usr/local/CrossPack-AVR-20130212/lib/gcc/avr/4.6.2/../../../../avr/lib/avr5/libm.a(mulsf3.o)
                                 0x54 (size before relaxing)
 .stab          0x00001d04      0x4d4 /usr/local/CrossPack-AVR-20130212/lib/gcc/avr/4.6.2/../../../../avr/lib/avr5/libm.a(mulsf3x.o)
                                0x4e0 (size before relaxing)
 .stab          0x000021d8      0x1e0 /usr/local/CrossPack-AVR-20130212/lib/gcc/avr/4.6.2/../../../../avr/lib/avr5/libm.a(fp_cmp.o)
                                0x1ec (size before relaxing)
 .stab          0x000023b8       0x84 /usr/local/CrossPack-AVR-20130212/lib/gcc/avr/4.6.2/../../../../avr/lib/avr5/libc.a(memcpy_P.o)
                                 0x90 (size before relaxing)
 .stab          0x0000243c       0x84 /usr/local/CrossPack-AVR-20130212/lib/gcc/avr/4.6.2/../../../../avr/lib/avr5/libc.a(strlen_P.o)
                                 0x90 (size before relaxing)
 .stab          0x000024c0       0xb4 /usr/local/CrossPack-AVR-20130212/lib/gcc/avr/4.6.2/../../../../avr/lib/avr5/libc.a(memcmp.o)
                                 0xc0 (size before relaxing)
 .stab          0x00002574       0x84 /usr/local/CrossPack-AVR-20130212/lib/gcc/avr/4.6.2/../../../../avr/lib/avr5/libc.a(memcpy.o)
                                 0x90 (size before relaxing)
 .stab          0x000025f8       0x6c /usr/local/CrossPack-AVR-20130212/lib/gcc/avr/4.6.2/../../../../avr/lib/avr5/libc.a(memset.o)
                                 0x78 (size before relaxing)
 .stab          0x00002664       0x90 /usr/local/CrossPack-AVR-20130212/lib/gcc/avr/4.6.2/../../../../avr/lib/avr5/libc.a(eerd_byte_atmega32u4.o)
                                 0x9c (size before relaxing)
 .stab          0x000026f4      0x114 /usr/local/CrossPack-AVR-20130212/lib/gcc/avr/4.6.2/../../../../avr/lib/avr5/libc.a(eeupd_byte_atmega32u4.o)
                                0x120 (size before relaxing)

.stabstr        0x00000000      0x96f
 *(.stabstr)
 .stabstr       0x00000000      0x96f /usr/local/CrossPack-AVR-20130212/lib/gcc/avr/4.6.2/../../../../avr/lib/avr5/crtm32u4.o

.stab.excl
 *(.stab.excl)

.stab.exclstr
 *(.stab.exclstr)

.stab.index
 *(.stab.index)

.stab.indexstr
 *(.stab.indexstr)

.comment
 *(.comment)

.debug
 *(.debug)

.line
 *(.line)

.debug_srcinfo
 *(.debug_srcinfo)

.debug_sfnames
 *(.debug_sfnames)

.debug_aranges  0x00000000      0x7e8
 *(.debug_aranges)
 .debug_aranges
                0x00000000       0x98 GenericHID.o
 .debug_aranges
                0x00000098       0x20 Descriptors.o
 .debug_aranges
                0x000000b8       0x78 AirwaySensors.o
 .debug_aranges
                0x00000130       0x50 Timer.o
 .debug_aranges
                0x00000180       0x50 RFID.o
 .debug_aranges
                0x000001d0       0x58 EscharotomyArm.o
 .debug_aranges
                0x00000228       0x40 FlowSensor.o
 .debug_aranges
                0x00000268       0x38 RunningVariance.o
 .debug_aranges
                0x000002a0       0x38 ../lufa/LUFA/Drivers/USB/Class/Common/HIDParser.o
 .debug_aranges
                0x000002d8       0x20 ../lufa/LUFA/Drivers/USB/Core/AVR8/Device_AVR8.o
 .debug_aranges
                0x000002f8       0xc8 ../lufa/LUFA/Drivers/USB/Core/AVR8/EndpointStream_AVR8.o
 .debug_aranges
                0x000003c0       0x40 ../lufa/LUFA/Drivers/USB/Core/AVR8/Endpoint_AVR8.o
 .debug_aranges
                0x00000400       0x30 ../lufa/LUFA/Drivers/USB/Core/AVR8/USBController_AVR8.o
 .debug_aranges
                0x00000430       0x30 ../lufa/LUFA/Drivers/USB/Core/AVR8/USBInterrupt_AVR8.o
 .debug_aranges
                0x00000460       0x38 ../lufa/LUFA/Drivers/USB/Core/ConfigDescriptors.o
 .debug_aranges
                0x00000498       0x20 ../lufa/LUFA/Drivers/USB/Core/DeviceStandardReq.o
 .debug_aranges
                0x000004b8       0x20 ../lufa/LUFA/Drivers/USB/Core/Events.o
 .debug_aranges
                0x000004d8       0x20 ../lufa/LUFA/Drivers/USB/Core/USBTask.o
 .debug_aranges
                0x000004f8       0x30 ../lufa/LUFA/Drivers/USB/Class/Device/AudioClassDevice.o
 .debug_aranges
                0x00000528       0xa8 ../lufa/LUFA/Drivers/USB/Class/Device/CDCClassDevice.o
 .debug_aranges
                0x000005d0       0x30 ../lufa/LUFA/Drivers/USB/Class/Device/HIDClassDevice.o
 .debug_aranges
                0x00000600       0x30 ../lufa/LUFA/Drivers/USB/Class/Device/MassStorageClassDevice.o
 .debug_aranges
                0x00000630       0x40 ../lufa/LUFA/Drivers/USB/Class/Device/MIDIClassDevice.o
 .debug_aranges
                0x00000670       0x90 ../lufa/LUFA/Drivers/USB/Class/Device/PrinterClassDevice.o
 .debug_aranges
                0x00000700       0x48 ../lufa/LUFA/Drivers/USB/Class/Device/RNDISClassDevice.o
 .debug_aranges
                0x00000748       0x20 /usr/local/CrossPack-AVR-20130212/lib/gcc/avr/4.6.2/avr5/libgcc.a(_udivmodhi4.o)
 .debug_aranges
                0x00000768       0x20 /usr/local/CrossPack-AVR-20130212/lib/gcc/avr/4.6.2/avr5/libgcc.a(_udivmodsi4.o)
 .debug_aranges
                0x00000788       0x20 /usr/local/CrossPack-AVR-20130212/lib/gcc/avr/4.6.2/avr5/libgcc.a(_exit.o)
 .debug_aranges
                0x000007a8       0x20 /usr/local/CrossPack-AVR-20130212/lib/gcc/avr/4.6.2/avr5/libgcc.a(_copy_data.o)
 .debug_aranges
                0x000007c8       0x20 /usr/local/CrossPack-AVR-20130212/lib/gcc/avr/4.6.2/avr5/libgcc.a(_clear_bss.o)

.debug_pubnames
 *(.debug_pubnames)

.debug_info     0x00000000     0xcfb1
 *(.debug_info)
 .debug_info    0x00000000     0x22a5 GenericHID.o
 .debug_info    0x000022a5      0x774 Descriptors.o
 .debug_info    0x00002a19      0x6f9 AirwaySensors.o
 .debug_info    0x00003112      0x26f Timer.o
 .debug_info    0x00003381      0xa15 RFID.o
 .debug_info    0x00003d96      0x2e5 EscharotomyArm.o
 .debug_info    0x0000407b      0x6c9 FlowSensor.o
 .debug_info    0x00004744      0x19d RunningVariance.o
 .debug_info    0x000048e1      0x6fc ../lufa/LUFA/Drivers/USB/Class/Common/HIDParser.o
 .debug_info    0x00004fdd       0xca ../lufa/LUFA/Drivers/USB/Core/AVR8/Device_AVR8.o
 .debug_info    0x000050a7     0x15d4 ../lufa/LUFA/Drivers/USB/Core/AVR8/EndpointStream_AVR8.o
 .debug_info    0x0000667b      0x618 ../lufa/LUFA/Drivers/USB/Core/AVR8/Endpoint_AVR8.o
 .debug_info    0x00006c93       0x5e ../lufa/LUFA/Drivers/USB/Core/AVR8/Host_AVR8.o
 .debug_info    0x00006cf1       0x5e ../lufa/LUFA/Drivers/USB/Core/AVR8/PipeStream_AVR8.o
 .debug_info    0x00006d4f       0x5e ../lufa/LUFA/Drivers/USB/Core/AVR8/Pipe_AVR8.o
 .debug_info    0x00006dad      0x487 ../lufa/LUFA/Drivers/USB/Core/AVR8/USBController_AVR8.o
 .debug_info    0x00007234      0x5ce ../lufa/LUFA/Drivers/USB/Core/AVR8/USBInterrupt_AVR8.o
 .debug_info    0x00007802      0x382 ../lufa/LUFA/Drivers/USB/Core/ConfigDescriptors.o
 .debug_info    0x00007b84      0x98c ../lufa/LUFA/Drivers/USB/Core/DeviceStandardReq.o
 .debug_info    0x00008510       0x77 ../lufa/LUFA/Drivers/USB/Core/Events.o
 .debug_info    0x00008587       0x5e ../lufa/LUFA/Drivers/USB/Core/HostStandardReq.o
 .debug_info    0x000085e5      0x25b ../lufa/LUFA/Drivers/USB/Core/USBTask.o
 .debug_info    0x00008840      0x59a ../lufa/LUFA/Drivers/USB/Class/Device/AudioClassDevice.o
 .debug_info    0x00008dda      0xd51 ../lufa/LUFA/Drivers/USB/Class/Device/CDCClassDevice.o
 .debug_info    0x00009b2b      0x6a8 ../lufa/LUFA/Drivers/USB/Class/Device/HIDClassDevice.o
 .debug_info    0x0000a1d3      0x7db ../lufa/LUFA/Drivers/USB/Class/Device/MassStorageClassDevice.o
 .debug_info    0x0000a9ae      0x4ef ../lufa/LUFA/Drivers/USB/Class/Device/MIDIClassDevice.o
 .debug_info    0x0000ae9d      0xb2b ../lufa/LUFA/Drivers/USB/Class/Device/PrinterClassDevice.o
 .debug_info    0x0000b9c8      0xedb ../lufa/LUFA/Drivers/USB/Class/Device/RNDISClassDevice.o
 .debug_info    0x0000c8a3       0x5e ../lufa/LUFA/Drivers/USB/Class/Host/AndroidAccessoryClassHost.o
 .debug_info    0x0000c901       0x5e ../lufa/LUFA/Drivers/USB/Class/Host/AudioClassHost.o
 .debug_info    0x0000c95f       0x5e ../lufa/LUFA/Drivers/USB/Class/Host/CDCClassHost.o
 .debug_info    0x0000c9bd       0x5e ../lufa/LUFA/Drivers/USB/Class/Host/HIDClassHost.o
 .debug_info    0x0000ca1b       0x5e ../lufa/LUFA/Drivers/USB/Class/Host/MassStorageClassHost.o
 .debug_info    0x0000ca79       0x5e ../lufa/LUFA/Drivers/USB/Class/Host/MIDIClassHost.o
 .debug_info    0x0000cad7       0x5e ../lufa/LUFA/Drivers/USB/Class/Host/PrinterClassHost.o
 .debug_info    0x0000cb35       0x5e ../lufa/LUFA/Drivers/USB/Class/Host/RNDISClassHost.o
 .debug_info    0x0000cb93       0x5e ../lufa/LUFA/Drivers/USB/Class/Host/StillImageClassHost.o
 .debug_info    0x0000cbf1       0xc0 /usr/local/CrossPack-AVR-20130212/lib/gcc/avr/4.6.2/avr5/libgcc.a(_udivmodhi4.o)
 .debug_info    0x0000ccb1       0xc0 /usr/local/CrossPack-AVR-20130212/lib/gcc/avr/4.6.2/avr5/libgcc.a(_udivmodsi4.o)
 .debug_info    0x0000cd71       0xc0 /usr/local/CrossPack-AVR-20130212/lib/gcc/avr/4.6.2/avr5/libgcc.a(_exit.o)
 .debug_info    0x0000ce31       0xc0 /usr/local/CrossPack-AVR-20130212/lib/gcc/avr/4.6.2/avr5/libgcc.a(_copy_data.o)
 .debug_info    0x0000cef1       0xc0 /usr/local/CrossPack-AVR-20130212/lib/gcc/avr/4.6.2/avr5/libgcc.a(_clear_bss.o)
 *(.gnu.linkonce.wi.*)

.debug_abbrev   0x00000000     0x2e49
 *(.debug_abbrev)
 .debug_abbrev  0x00000000      0x427 GenericHID.o
 .debug_abbrev  0x00000427      0x192 Descriptors.o
 .debug_abbrev  0x000005b9      0x1c0 AirwaySensors.o
 .debug_abbrev  0x00000779      0x154 Timer.o
 .debug_abbrev  0x000008cd      0x1e8 RFID.o
 .debug_abbrev  0x00000ab5       0xfd EscharotomyArm.o
 .debug_abbrev  0x00000bb2      0x168 FlowSensor.o
 .debug_abbrev  0x00000d1a      0x103 RunningVariance.o
 .debug_abbrev  0x00000e1d      0x1ec ../lufa/LUFA/Drivers/USB/Class/Common/HIDParser.o
 .debug_abbrev  0x00001009       0x7d ../lufa/LUFA/Drivers/USB/Core/AVR8/Device_AVR8.o
 .debug_abbrev  0x00001086      0x1c9 ../lufa/LUFA/Drivers/USB/Core/AVR8/EndpointStream_AVR8.o
 .debug_abbrev  0x0000124f      0x20e ../lufa/LUFA/Drivers/USB/Core/AVR8/Endpoint_AVR8.o
 .debug_abbrev  0x0000145d       0x2a ../lufa/LUFA/Drivers/USB/Core/AVR8/Host_AVR8.o
 .debug_abbrev  0x00001487       0x2a ../lufa/LUFA/Drivers/USB/Core/AVR8/PipeStream_AVR8.o
 .debug_abbrev  0x000014b1       0x2a ../lufa/LUFA/Drivers/USB/Core/AVR8/Pipe_AVR8.o
 .debug_abbrev  0x000014db      0x135 ../lufa/LUFA/Drivers/USB/Core/AVR8/USBController_AVR8.o
 .debug_abbrev  0x00001610      0x17e ../lufa/LUFA/Drivers/USB/Core/AVR8/USBInterrupt_AVR8.o
 .debug_abbrev  0x0000178e      0x155 ../lufa/LUFA/Drivers/USB/Core/ConfigDescriptors.o
 .debug_abbrev  0x000018e3      0x234 ../lufa/LUFA/Drivers/USB/Core/DeviceStandardReq.o
 .debug_abbrev  0x00001b17       0x41 ../lufa/LUFA/Drivers/USB/Core/Events.o
 .debug_abbrev  0x00001b58       0x2a ../lufa/LUFA/Drivers/USB/Core/HostStandardReq.o
 .debug_abbrev  0x00001b82      0x15c ../lufa/LUFA/Drivers/USB/Core/USBTask.o
 .debug_abbrev  0x00001cde      0x176 ../lufa/LUFA/Drivers/USB/Class/Device/AudioClassDevice.o
 .debug_abbrev  0x00001e54      0x377 ../lufa/LUFA/Drivers/USB/Class/Device/CDCClassDevice.o
 .debug_abbrev  0x000021cb      0x1bc ../lufa/LUFA/Drivers/USB/Class/Device/HIDClassDevice.o
 .debug_abbrev  0x00002387      0x205 ../lufa/LUFA/Drivers/USB/Class/Device/MassStorageClassDevice.o
 .debug_abbrev  0x0000258c      0x19d ../lufa/LUFA/Drivers/USB/Class/Device/MIDIClassDevice.o
 .debug_abbrev  0x00002729      0x27e ../lufa/LUFA/Drivers/USB/Class/Device/PrinterClassDevice.o
 .debug_abbrev  0x000029a7      0x2c4 ../lufa/LUFA/Drivers/USB/Class/Device/RNDISClassDevice.o
 .debug_abbrev  0x00002c6b       0x2a ../lufa/LUFA/Drivers/USB/Class/Host/AndroidAccessoryClassHost.o
 .debug_abbrev  0x00002c95       0x2a ../lufa/LUFA/Drivers/USB/Class/Host/AudioClassHost.o
 .debug_abbrev  0x00002cbf       0x2a ../lufa/LUFA/Drivers/USB/Class/Host/CDCClassHost.o
 .debug_abbrev  0x00002ce9       0x2a ../lufa/LUFA/Drivers/USB/Class/Host/HIDClassHost.o
 .debug_abbrev  0x00002d13       0x2a ../lufa/LUFA/Drivers/USB/Class/Host/MassStorageClassHost.o
 .debug_abbrev  0x00002d3d       0x2a ../lufa/LUFA/Drivers/USB/Class/Host/MIDIClassHost.o
 .debug_abbrev  0x00002d67       0x2a ../lufa/LUFA/Drivers/USB/Class/Host/PrinterClassHost.o
 .debug_abbrev  0x00002d91       0x2a ../lufa/LUFA/Drivers/USB/Class/Host/RNDISClassHost.o
 .debug_abbrev  0x00002dbb       0x2a ../lufa/LUFA/Drivers/USB/Class/Host/StillImageClassHost.o
 .debug_abbrev  0x00002de5       0x14 /usr/local/CrossPack-AVR-20130212/lib/gcc/avr/4.6.2/avr5/libgcc.a(_udivmodhi4.o)
 .debug_abbrev  0x00002df9       0x14 /usr/local/CrossPack-AVR-20130212/lib/gcc/avr/4.6.2/avr5/libgcc.a(_udivmodsi4.o)
 .debug_abbrev  0x00002e0d       0x14 /usr/local/CrossPack-AVR-20130212/lib/gcc/avr/4.6.2/avr5/libgcc.a(_exit.o)
 .debug_abbrev  0x00002e21       0x14 /usr/local/CrossPack-AVR-20130212/lib/gcc/avr/4.6.2/avr5/libgcc.a(_copy_data.o)
 .debug_abbrev  0x00002e35       0x14 /usr/local/CrossPack-AVR-20130212/lib/gcc/avr/4.6.2/avr5/libgcc.a(_clear_bss.o)

.debug_line     0x00000000     0x52e8
 *(.debug_line)
 .debug_line    0x00000000      0x939 GenericHID.o
 .debug_line    0x00000939      0x1c6 Descriptors.o
 .debug_line    0x00000aff      0x1d2 AirwaySensors.o
 .debug_line    0x00000cd1      0x120 Timer.o
 .debug_line    0x00000df1      0x1ca RFID.o
 .debug_line    0x00000fbb      0x19f EscharotomyArm.o
 .debug_line    0x0000115a      0x1bc FlowSensor.o
 .debug_line    0x00001316       0x96 RunningVariance.o
 .debug_line    0x000013ac      0x281 ../lufa/LUFA/Drivers/USB/Class/Common/HIDParser.o
 .debug_line    0x0000162d      0x123 ../lufa/LUFA/Drivers/USB/Core/AVR8/Device_AVR8.o
 .debug_line    0x00001750      0xc71 ../lufa/LUFA/Drivers/USB/Core/AVR8/EndpointStream_AVR8.o
 .debug_line    0x000023c1      0x371 ../lufa/LUFA/Drivers/USB/Core/AVR8/Endpoint_AVR8.o
 .debug_line    0x00002732       0x1a ../lufa/LUFA/Drivers/USB/Core/AVR8/Host_AVR8.o
 .debug_line    0x0000274c       0x1a ../lufa/LUFA/Drivers/USB/Core/AVR8/PipeStream_AVR8.o
 .debug_line    0x00002766       0x1a ../lufa/LUFA/Drivers/USB/Core/AVR8/Pipe_AVR8.o
 .debug_line    0x00002780      0x295 ../lufa/LUFA/Drivers/USB/Core/AVR8/USBController_AVR8.o
 .debug_line    0x00002a15      0x369 ../lufa/LUFA/Drivers/USB/Core/AVR8/USBInterrupt_AVR8.o
 .debug_line    0x00002d7e      0x18b ../lufa/LUFA/Drivers/USB/Core/ConfigDescriptors.o
 .debug_line    0x00002f09      0x32c ../lufa/LUFA/Drivers/USB/Core/DeviceStandardReq.o
 .debug_line    0x00003235       0x54 ../lufa/LUFA/Drivers/USB/Core/Events.o
 .debug_line    0x00003289       0x1a ../lufa/LUFA/Drivers/USB/Core/HostStandardReq.o
 .debug_line    0x000032a3      0x166 ../lufa/LUFA/Drivers/USB/Core/USBTask.o
 .debug_line    0x00003409      0x2fa ../lufa/LUFA/Drivers/USB/Class/Device/AudioClassDevice.o
 .debug_line    0x00003703      0x677 ../lufa/LUFA/Drivers/USB/Class/Device/CDCClassDevice.o
 .debug_line    0x00003d7a      0x376 ../lufa/LUFA/Drivers/USB/Class/Device/HIDClassDevice.o
 .debug_line    0x000040f0      0x377 ../lufa/LUFA/Drivers/USB/Class/Device/MassStorageClassDevice.o
 .debug_line    0x00004467      0x2ea ../lufa/LUFA/Drivers/USB/Class/Device/MIDIClassDevice.o
 .debug_line    0x00004751      0x4d4 ../lufa/LUFA/Drivers/USB/Class/Device/PrinterClassDevice.o
 .debug_line    0x00004c25      0x3cc ../lufa/LUFA/Drivers/USB/Class/Device/RNDISClassDevice.o
 .debug_line    0x00004ff1       0x1a ../lufa/LUFA/Drivers/USB/Class/Host/AndroidAccessoryClassHost.o
 .debug_line    0x0000500b       0x1a ../lufa/LUFA/Drivers/USB/Class/Host/AudioClassHost.o
 .debug_line    0x00005025       0x1a ../lufa/LUFA/Drivers/USB/Class/Host/CDCClassHost.o
 .debug_line    0x0000503f       0x1a ../lufa/LUFA/Drivers/USB/Class/Host/HIDClassHost.o
 .debug_line    0x00005059       0x1a ../lufa/LUFA/Drivers/USB/Class/Host/MassStorageClassHost.o
 .debug_line    0x00005073       0x1a ../lufa/LUFA/Drivers/USB/Class/Host/MIDIClassHost.o
 .debug_line    0x0000508d       0x1a ../lufa/LUFA/Drivers/USB/Class/Host/PrinterClassHost.o
 .debug_line    0x000050a7       0x1a ../lufa/LUFA/Drivers/USB/Class/Host/RNDISClassHost.o
 .debug_line    0x000050c1       0x1a ../lufa/LUFA/Drivers/USB/Class/Host/StillImageClassHost.o
 .debug_line    0x000050db       0x6e /usr/local/CrossPack-AVR-20130212/lib/gcc/avr/4.6.2/avr5/libgcc.a(_udivmodhi4.o)
 .debug_line    0x00005149       0x7c /usr/local/CrossPack-AVR-20130212/lib/gcc/avr/4.6.2/avr5/libgcc.a(_udivmodsi4.o)
 .debug_line    0x000051c5       0x5c /usr/local/CrossPack-AVR-20130212/lib/gcc/avr/4.6.2/avr5/libgcc.a(_exit.o)
 .debug_line    0x00005221       0x65 /usr/local/CrossPack-AVR-20130212/lib/gcc/avr/4.6.2/avr5/libgcc.a(_copy_data.o)
 .debug_line    0x00005286       0x62 /usr/local/CrossPack-AVR-20130212/lib/gcc/avr/4.6.2/avr5/libgcc.a(_clear_bss.o)

.debug_frame    0x00000000     0x1634
 *(.debug_frame)
 .debug_frame   0x00000000      0x198 GenericHID.o
 .debug_frame   0x00000198       0x24 Descriptors.o
 .debug_frame   0x000001bc      0x218 AirwaySensors.o
 .debug_frame   0x000003d4      0x120 Timer.o
 .debug_frame   0x000004f4       0xe8 RFID.o
 .debug_frame   0x000005dc       0xa0 EscharotomyArm.o
 .debug_frame   0x0000067c       0x98 FlowSensor.o
 .debug_frame   0x00000714       0xc0 RunningVariance.o
 .debug_frame   0x000007d4      0x110 ../lufa/LUFA/Drivers/USB/Class/Common/HIDParser.o
 .debug_frame   0x000008e4       0x24 ../lufa/LUFA/Drivers/USB/Core/AVR8/Device_AVR8.o
 .debug_frame   0x00000908      0x42c ../lufa/LUFA/Drivers/USB/Core/AVR8/EndpointStream_AVR8.o
 .debug_frame   0x00000d34       0x78 ../lufa/LUFA/Drivers/USB/Core/AVR8/Endpoint_AVR8.o
 .debug_frame   0x00000dac       0x58 ../lufa/LUFA/Drivers/USB/Core/AVR8/USBController_AVR8.o
 .debug_frame   0x00000e04       0x8c ../lufa/LUFA/Drivers/USB/Core/AVR8/USBInterrupt_AVR8.o
 .debug_frame   0x00000e90       0xbc ../lufa/LUFA/Drivers/USB/Core/ConfigDescriptors.o
 .debug_frame   0x00000f4c       0x38 ../lufa/LUFA/Drivers/USB/Core/DeviceStandardReq.o
 .debug_frame   0x00000f84       0x24 ../lufa/LUFA/Drivers/USB/Core/Events.o
 .debug_frame   0x00000fa8       0x2c ../lufa/LUFA/Drivers/USB/Core/USBTask.o
 .debug_frame   0x00000fd4       0xa8 ../lufa/LUFA/Drivers/USB/Class/Device/AudioClassDevice.o
 .debug_frame   0x0000107c      0x184 ../lufa/LUFA/Drivers/USB/Class/Device/CDCClassDevice.o
 .debug_frame   0x00001200       0xf4 ../lufa/LUFA/Drivers/USB/Class/Device/HIDClassDevice.o
 .debug_frame   0x000012f4       0x80 ../lufa/LUFA/Drivers/USB/Class/Device/MassStorageClassDevice.o
 .debug_frame   0x00001374       0x70 ../lufa/LUFA/Drivers/USB/Class/Device/MIDIClassDevice.o
 .debug_frame   0x000013e4      0x144 ../lufa/LUFA/Drivers/USB/Class/Device/PrinterClassDevice.o
 .debug_frame   0x00001528      0x10c ../lufa/LUFA/Drivers/USB/Class/Device/RNDISClassDevice.o

.debug_str      0x00000000     0x47e2
 *(.debug_str)
 .debug_str     0x00000000      0xbbf GenericHID.o
                                0xc8b (size before relaxing)
 .debug_str     0x00000bbf      0x6d2 Descriptors.o
                                0x86f (size before relaxing)
 .debug_str     0x00001291      0x182 AirwaySensors.o
                                0x2c8 (size before relaxing)
 .debug_str     0x00001413       0x77 Timer.o
                                0x142 (size before relaxing)
 .debug_str     0x0000148a      0x218 RFID.o
                                0x32f (size before relaxing)
 .debug_str     0x000016a2       0x9e EscharotomyArm.o
                                0x1d7 (size before relaxing)
 .debug_str     0x00001740      0x1c8 FlowSensor.o
                                0x37e (size before relaxing)
 .debug_str     0x00001908       0x60 RunningVariance.o
                                 0xbf (size before relaxing)
 .debug_str     0x00001968      0x40f ../lufa/LUFA/Drivers/USB/Class/Common/HIDParser.o
                                0x5b3 (size before relaxing)
 .debug_str     0x00001d77       0x79 ../lufa/LUFA/Drivers/USB/Core/AVR8/Device_AVR8.o
                                0x116 (size before relaxing)
 .debug_str     0x00001df0      0x643 ../lufa/LUFA/Drivers/USB/Core/AVR8/EndpointStream_AVR8.o
                                0x73c (size before relaxing)
 .debug_str     0x00002433      0x2f0 ../lufa/LUFA/Drivers/USB/Core/AVR8/Endpoint_AVR8.o
                                0x538 (size before relaxing)
 .debug_str     0x00002723       0x2f ../lufa/LUFA/Drivers/USB/Core/AVR8/Host_AVR8.o
                                 0xbe (size before relaxing)
 .debug_str     0x00002752       0x35 ../lufa/LUFA/Drivers/USB/Core/AVR8/PipeStream_AVR8.o
                                 0xc4 (size before relaxing)
 .debug_str     0x00002787       0x2f ../lufa/LUFA/Drivers/USB/Core/AVR8/Pipe_AVR8.o
                                 0xbe (size before relaxing)
 .debug_str     0x000027b6      0x1c2 ../lufa/LUFA/Drivers/USB/Core/AVR8/USBController_AVR8.o
                                0x420 (size before relaxing)
 .debug_str     0x00002978       0xeb ../lufa/LUFA/Drivers/USB/Core/AVR8/USBInterrupt_AVR8.o
                                0x392 (size before relaxing)
 .debug_str     0x00002a63      0x229 ../lufa/LUFA/Drivers/USB/Core/ConfigDescriptors.o
                                0x2fe (size before relaxing)
 .debug_str     0x00002c8c      0x424 ../lufa/LUFA/Drivers/USB/Core/DeviceStandardReq.o
                                0x82c (size before relaxing)
 .debug_str     0x000030b0       0x36 ../lufa/LUFA/Drivers/USB/Core/Events.o
                                 0xc5 (size before relaxing)
 .debug_str     0x000030e6       0x30 ../lufa/LUFA/Drivers/USB/Core/HostStandardReq.o
                                 0xbf (size before relaxing)
 .debug_str     0x00003116       0x6c ../lufa/LUFA/Drivers/USB/Core/USBTask.o
                                0x27c (size before relaxing)
 .debug_str     0x00003182      0x271 ../lufa/LUFA/Drivers/USB/Class/Device/AudioClassDevice.o
                                0x4fc (size before relaxing)
 .debug_str     0x000033f3      0x3f2 ../lufa/LUFA/Drivers/USB/Class/Device/CDCClassDevice.o
                                0x8ee (size before relaxing)
 .debug_str     0x000037e5      0x14d ../lufa/LUFA/Drivers/USB/Class/Device/HIDClassDevice.o
                                0x52b (size before relaxing)
 .debug_str     0x00003932      0x23f ../lufa/LUFA/Drivers/USB/Class/Device/MassStorageClassDevice.o
                                0x68c (size before relaxing)
 .debug_str     0x00003b71      0x11a ../lufa/LUFA/Drivers/USB/Class/Device/MIDIClassDevice.o
                                0x52a (size before relaxing)
 .debug_str     0x00003c8b      0x26e ../lufa/LUFA/Drivers/USB/Class/Device/PrinterClassDevice.o
                                0x7c4 (size before relaxing)
 .debug_str     0x00003ef9      0x6f9 ../lufa/LUFA/Drivers/USB/Class/Device/RNDISClassDevice.o
                                0xbd3 (size before relaxing)
 .debug_str     0x000045f2       0x40 ../lufa/LUFA/Drivers/USB/Class/Host/AndroidAccessoryClassHost.o
                                 0xcf (size before relaxing)
 .debug_str     0x00004632       0x35 ../lufa/LUFA/Drivers/USB/Class/Host/AudioClassHost.o
                                 0xc4 (size before relaxing)
 .debug_str     0x00004667       0x33 ../lufa/LUFA/Drivers/USB/Class/Host/CDCClassHost.o
                                 0xc2 (size before relaxing)
 .debug_str     0x0000469a       0x33 ../lufa/LUFA/Drivers/USB/Class/Host/HIDClassHost.o
                                 0xc2 (size before relaxing)
 .debug_str     0x000046cd       0x3b ../lufa/LUFA/Drivers/USB/Class/Host/MassStorageClassHost.o
                                 0xca (size before relaxing)
 .debug_str     0x00004708       0x34 ../lufa/LUFA/Drivers/USB/Class/Host/MIDIClassHost.o
                                 0xc3 (size before relaxing)
 .debug_str     0x0000473c       0x37 ../lufa/LUFA/Drivers/USB/Class/Host/PrinterClassHost.o
                                 0xc6 (size before relaxing)
 .debug_str     0x00004773       0x35 ../lufa/LUFA/Drivers/USB/Class/Host/RNDISClassHost.o
                                 0xc4 (size before relaxing)
 .debug_str     0x000047a8       0x3a ../lufa/LUFA/Drivers/USB/Class/Host/StillImageClassHost.o
                                 0xc9 (size before relaxing)

.debug_loc      0x00000000     0x81b5
 *(.debug_loc)
 .debug_loc     0x00000000     0x131b GenericHID.o
 .debug_loc     0x0000131b      0x192 Descriptors.o
 .debug_loc     0x000014ad      0x95c AirwaySensors.o
 .debug_loc     0x00001e09      0x2fa Timer.o
 .debug_loc     0x00002103      0x2cf RFID.o
 .debug_loc     0x000023d2      0x126 EscharotomyArm.o
 .debug_loc     0x000024f8      0x23f FlowSensor.o
 .debug_loc     0x00002737      0x34f RunningVariance.o
 .debug_loc     0x00002a86      0xb47 ../lufa/LUFA/Drivers/USB/Class/Common/HIDParser.o
 .debug_loc     0x000035cd     0x1be5 ../lufa/LUFA/Drivers/USB/Core/AVR8/EndpointStream_AVR8.o
 .debug_loc     0x000051b2      0x361 ../lufa/LUFA/Drivers/USB/Core/AVR8/Endpoint_AVR8.o
 .debug_loc     0x00005513       0x49 ../lufa/LUFA/Drivers/USB/Core/AVR8/USBController_AVR8.o
 .debug_loc     0x0000555c      0x247 ../lufa/LUFA/Drivers/USB/Core/AVR8/USBInterrupt_AVR8.o
 .debug_loc     0x000057a3      0x433 ../lufa/LUFA/Drivers/USB/Core/ConfigDescriptors.o
 .debug_loc     0x00005bd6      0x284 ../lufa/LUFA/Drivers/USB/Core/DeviceStandardReq.o
 .debug_loc     0x00005e5a       0x49 ../lufa/LUFA/Drivers/USB/Core/USBTask.o
 .debug_loc     0x00005ea3      0x286 ../lufa/LUFA/Drivers/USB/Class/Device/AudioClassDevice.o
 .debug_loc     0x00006129      0x7bb ../lufa/LUFA/Drivers/USB/Class/Device/CDCClassDevice.o
 .debug_loc     0x000068e4      0x46f ../lufa/LUFA/Drivers/USB/Class/Device/HIDClassDevice.o
 .debug_loc     0x00006d53      0x22c ../lufa/LUFA/Drivers/USB/Class/Device/MassStorageClassDevice.o
 .debug_loc     0x00006f7f      0x225 ../lufa/LUFA/Drivers/USB/Class/Device/MIDIClassDevice.o
 .debug_loc     0x000071a4      0x6a4 ../lufa/LUFA/Drivers/USB/Class/Device/PrinterClassDevice.o
 .debug_loc     0x00007848      0x96d ../lufa/LUFA/Drivers/USB/Class/Device/RNDISClassDevice.o

.debug_macinfo
 *(.debug_macinfo)
OUTPUT(GenericHID.elf elf32-avr)
LOAD linker stubs

.debug_ranges   0x00000000      0xdb0
 .debug_ranges  0x00000000      0x570 GenericHID.o
 .debug_ranges  0x00000570       0x10 Descriptors.o
 .debug_ranges  0x00000580       0x68 AirwaySensors.o
 .debug_ranges  0x000005e8       0x40 Timer.o
 .debug_ranges  0x00000628       0x40 RFID.o
 .debug_ranges  0x00000668       0x48 EscharotomyArm.o
 .debug_ranges  0x000006b0       0x30 FlowSensor.o
 .debug_ranges  0x000006e0       0x28 RunningVariance.o
 .debug_ranges  0x00000708       0xc8 ../lufa/LUFA/Drivers/USB/Class/Common/HIDParser.o
 .debug_ranges  0x000007d0       0x10 ../lufa/LUFA/Drivers/USB/Core/AVR8/Device_AVR8.o
 .debug_ranges  0x000007e0      0x268 ../lufa/LUFA/Drivers/USB/Core/AVR8/EndpointStream_AVR8.o
 .debug_ranges  0x00000a48       0xa8 ../lufa/LUFA/Drivers/USB/Core/AVR8/Endpoint_AVR8.o
 .debug_ranges  0x00000af0       0x20 ../lufa/LUFA/Drivers/USB/Core/AVR8/USBController_AVR8.o
 .debug_ranges  0x00000b10       0x20 ../lufa/LUFA/Drivers/USB/Core/AVR8/USBInterrupt_AVR8.o
 .debug_ranges  0x00000b30       0x28 ../lufa/LUFA/Drivers/USB/Core/ConfigDescriptors.o
 .debug_ranges  0x00000b58       0x10 ../lufa/LUFA/Drivers/USB/Core/DeviceStandardReq.o
 .debug_ranges  0x00000b68       0x10 ../lufa/LUFA/Drivers/USB/Core/Events.o
 .debug_ranges  0x00000b78       0x10 ../lufa/LUFA/Drivers/USB/Core/USBTask.o
 .debug_ranges  0x00000b88       0x20 ../lufa/LUFA/Drivers/USB/Class/Device/AudioClassDevice.o
 .debug_ranges  0x00000ba8       0x98 ../lufa/LUFA/Drivers/USB/Class/Device/CDCClassDevice.o
 .debug_ranges  0x00000c40       0x20 ../lufa/LUFA/Drivers/USB/Class/Device/HIDClassDevice.o
 .debug_ranges  0x00000c60       0x20 ../lufa/LUFA/Drivers/USB/Class/Device/MassStorageClassDevice.o
 .debug_ranges  0x00000c80       0x30 ../lufa/LUFA/Drivers/USB/Class/Device/MIDIClassDevice.o
 .debug_ranges  0x00000cb0       0x80 ../lufa/LUFA/Drivers/USB/Class/Device/PrinterClassDevice.o
 .debug_ranges  0x00000d30       0x80 ../lufa/LUFA/Drivers/USB/Class/Device/RNDISClassDevice.o

Cross Reference Table

Symbol                                            File
ANTIBIOTICS_msg_waiting                           FlowSensor.o
                                                  GenericHID.o
Audio_Device_ConfigureEndpoints                   ../lufa/LUFA/Drivers/USB/Class/Device/AudioClassDevice.o
Audio_Device_Event_Stub                           ../lufa/LUFA/Drivers/USB/Class/Device/AudioClassDevice.o
Audio_Device_ProcessControlRequest                ../lufa/LUFA/Drivers/USB/Class/Device/AudioClassDevice.o
Boot_Key                                          GenericHID.o
Bootloader_Jump_Check                             GenericHID.o
CALLBACK_Audio_Device_GetSetEndpointProperty      ../lufa/LUFA/Drivers/USB/Class/Device/AudioClassDevice.o
CALLBACK_Audio_Device_GetSetInterfaceProperty     ../lufa/LUFA/Drivers/USB/Class/Device/AudioClassDevice.o
CALLBACK_HIDParser_FilterHIDReportItem            ../lufa/LUFA/Drivers/USB/Class/Common/HIDParser.o
CALLBACK_HID_Device_CreateHIDReport               GenericHID.o
                                                  ../lufa/LUFA/Drivers/USB/Class/Device/HIDClassDevice.o
CALLBACK_HID_Device_ProcessHIDReport              GenericHID.o
                                                  ../lufa/LUFA/Drivers/USB/Class/Device/HIDClassDevice.o
CALLBACK_MS_Device_SCSICommandReceived            ../lufa/LUFA/Drivers/USB/Class/Device/MassStorageClassDevice.o
CALLBACK_USB_GetDescriptor                        Descriptors.o
                                                  ../lufa/LUFA/Drivers/USB/Core/DeviceStandardReq.o
CDC_Device_BytesReceived                          ../lufa/LUFA/Drivers/USB/Class/Device/CDCClassDevice.o
CDC_Device_ConfigureEndpoints                     ../lufa/LUFA/Drivers/USB/Class/Device/CDCClassDevice.o
CDC_Device_CreateBlockingStream                   ../lufa/LUFA/Drivers/USB/Class/Device/CDCClassDevice.o
CDC_Device_CreateStream                           ../lufa/LUFA/Drivers/USB/Class/Device/CDCClassDevice.o
CDC_Device_Event_Stub                             ../lufa/LUFA/Drivers/USB/Class/Device/CDCClassDevice.o
CDC_Device_Flush                                  ../lufa/LUFA/Drivers/USB/Class/Device/CDCClassDevice.o
CDC_Device_ProcessControlRequest                  ../lufa/LUFA/Drivers/USB/Class/Device/CDCClassDevice.o
CDC_Device_ReceiveByte                            ../lufa/LUFA/Drivers/USB/Class/Device/CDCClassDevice.o
CDC_Device_SendByte                               ../lufa/LUFA/Drivers/USB/Class/Device/CDCClassDevice.o
CDC_Device_SendControlLineStateChange             ../lufa/LUFA/Drivers/USB/Class/Device/CDCClassDevice.o
CDC_Device_SendData                               ../lufa/LUFA/Drivers/USB/Class/Device/CDCClassDevice.o
CDC_Device_SendData_P                             ../lufa/LUFA/Drivers/USB/Class/Device/CDCClassDevice.o
CDC_Device_SendString                             ../lufa/LUFA/Drivers/USB/Class/Device/CDCClassDevice.o
CDC_Device_SendString_P                           ../lufa/LUFA/Drivers/USB/Class/Device/CDCClassDevice.o
CDC_Device_USBTask                                ../lufa/LUFA/Drivers/USB/Class/Device/CDCClassDevice.o
ConfigurationDescriptor                           Descriptors.o
DeviceDescriptor                                  Descriptors.o
ETOMIDATE_msg_waiting                             FlowSensor.o
                                                  GenericHID.o
EVENT_Audio_Device_StreamStartStop                ../lufa/LUFA/Drivers/USB/Class/Device/AudioClassDevice.o
EVENT_CDC_Device_BreakSent                        ../lufa/LUFA/Drivers/USB/Class/Device/CDCClassDevice.o
EVENT_CDC_Device_ControLineStateChanged           ../lufa/LUFA/Drivers/USB/Class/Device/CDCClassDevice.o
EVENT_CDC_Device_LineEncodingChanged              ../lufa/LUFA/Drivers/USB/Class/Device/CDCClassDevice.o
EVENT_PRNT_Device_SoftReset                       ../lufa/LUFA/Drivers/USB/Class/Device/PrinterClassDevice.o
EVENT_USB_Device_ConfigurationChanged             GenericHID.o
                                                  ../lufa/LUFA/Drivers/USB/Core/DeviceStandardReq.o
EVENT_USB_Device_Connect                          GenericHID.o
                                                  ../lufa/LUFA/Drivers/USB/Core/AVR8/USBInterrupt_AVR8.o
EVENT_USB_Device_ControlRequest                   GenericHID.o
                                                  ../lufa/LUFA/Drivers/USB/Core/DeviceStandardReq.o
EVENT_USB_Device_Disconnect                       GenericHID.o
                                                  ../lufa/LUFA/Drivers/USB/Core/AVR8/USBInterrupt_AVR8.o
EVENT_USB_Device_Reset                            ../lufa/LUFA/Drivers/USB/Core/Events.o
                                                  ../lufa/LUFA/Drivers/USB/Core/AVR8/USBInterrupt_AVR8.o
EVENT_USB_Device_StartOfFrame                     GenericHID.o
                                                  ../lufa/LUFA/Drivers/USB/Core/AVR8/USBInterrupt_AVR8.o
EVENT_USB_Device_Suspend                          ../lufa/LUFA/Drivers/USB/Core/Events.o
                                                  ../lufa/LUFA/Drivers/USB/Core/AVR8/USBInterrupt_AVR8.o
EVENT_USB_Device_WakeUp                           ../lufa/LUFA/Drivers/USB/Core/Events.o
                                                  ../lufa/LUFA/Drivers/USB/Core/AVR8/USBInterrupt_AVR8.o
Endpoint_ClearEndpoints                           ../lufa/LUFA/Drivers/USB/Core/AVR8/Endpoint_AVR8.o
Endpoint_ClearStatusStage                         ../lufa/LUFA/Drivers/USB/Core/AVR8/Endpoint_AVR8.o
                                                  ../lufa/LUFA/Drivers/USB/Class/Device/PrinterClassDevice.o
                                                  ../lufa/LUFA/Drivers/USB/Class/Device/MassStorageClassDevice.o
                                                  ../lufa/LUFA/Drivers/USB/Class/Device/HIDClassDevice.o
                                                  ../lufa/LUFA/Drivers/USB/Class/Device/CDCClassDevice.o
                                                  ../lufa/LUFA/Drivers/USB/Class/Device/AudioClassDevice.o
                                                  ../lufa/LUFA/Drivers/USB/Core/DeviceStandardReq.o
Endpoint_ConfigureEndpointTable                   ../lufa/LUFA/Drivers/USB/Core/AVR8/Endpoint_AVR8.o
                                                  ../lufa/LUFA/Drivers/USB/Class/Device/RNDISClassDevice.o
                                                  ../lufa/LUFA/Drivers/USB/Class/Device/PrinterClassDevice.o
                                                  ../lufa/LUFA/Drivers/USB/Class/Device/MIDIClassDevice.o
                                                  ../lufa/LUFA/Drivers/USB/Class/Device/MassStorageClassDevice.o
                                                  ../lufa/LUFA/Drivers/USB/Class/Device/HIDClassDevice.o
                                                  ../lufa/LUFA/Drivers/USB/Class/Device/CDCClassDevice.o
                                                  ../lufa/LUFA/Drivers/USB/Class/Device/AudioClassDevice.o
Endpoint_ConfigureEndpoint_Prv                    ../lufa/LUFA/Drivers/USB/Core/AVR8/Endpoint_AVR8.o
                                                  ../lufa/LUFA/Drivers/USB/Core/AVR8/USBInterrupt_AVR8.o
                                                  ../lufa/LUFA/Drivers/USB/Core/AVR8/USBController_AVR8.o
Endpoint_Discard_Stream                           ../lufa/LUFA/Drivers/USB/Core/AVR8/EndpointStream_AVR8.o
Endpoint_Null_Stream                              ../lufa/LUFA/Drivers/USB/Core/AVR8/EndpointStream_AVR8.o
Endpoint_Read_Control_EStream_BE                  ../lufa/LUFA/Drivers/USB/Core/AVR8/EndpointStream_AVR8.o
Endpoint_Read_Control_EStream_LE                  ../lufa/LUFA/Drivers/USB/Core/AVR8/EndpointStream_AVR8.o
Endpoint_Read_Control_Stream_BE                   ../lufa/LUFA/Drivers/USB/Core/AVR8/EndpointStream_AVR8.o
Endpoint_Read_Control_Stream_LE                   ../lufa/LUFA/Drivers/USB/Core/AVR8/EndpointStream_AVR8.o
                                                  ../lufa/LUFA/Drivers/USB/Class/Device/RNDISClassDevice.o
                                                  ../lufa/LUFA/Drivers/USB/Class/Device/HIDClassDevice.o
                                                  ../lufa/LUFA/Drivers/USB/Class/Device/AudioClassDevice.o
Endpoint_Read_EStream_BE                          ../lufa/LUFA/Drivers/USB/Core/AVR8/EndpointStream_AVR8.o
Endpoint_Read_EStream_LE                          ../lufa/LUFA/Drivers/USB/Core/AVR8/EndpointStream_AVR8.o
Endpoint_Read_Stream_BE                           ../lufa/LUFA/Drivers/USB/Core/AVR8/EndpointStream_AVR8.o
Endpoint_Read_Stream_LE                           ../lufa/LUFA/Drivers/USB/Core/AVR8/EndpointStream_AVR8.o
                                                  ../lufa/LUFA/Drivers/USB/Class/Device/RNDISClassDevice.o
                                                  ../lufa/LUFA/Drivers/USB/Class/Device/MIDIClassDevice.o
                                                  ../lufa/LUFA/Drivers/USB/Class/Device/MassStorageClassDevice.o
Endpoint_WaitUntilReady                           ../lufa/LUFA/Drivers/USB/Core/AVR8/Endpoint_AVR8.o
                                                  ../lufa/LUFA/Drivers/USB/Class/Device/RNDISClassDevice.o
                                                  ../lufa/LUFA/Drivers/USB/Class/Device/PrinterClassDevice.o
                                                  ../lufa/LUFA/Drivers/USB/Class/Device/MIDIClassDevice.o
                                                  ../lufa/LUFA/Drivers/USB/Class/Device/CDCClassDevice.o
                                                  ../lufa/LUFA/Drivers/USB/Core/AVR8/EndpointStream_AVR8.o
Endpoint_Write_Control_EStream_BE                 ../lufa/LUFA/Drivers/USB/Core/AVR8/EndpointStream_AVR8.o
Endpoint_Write_Control_EStream_LE                 ../lufa/LUFA/Drivers/USB/Core/AVR8/EndpointStream_AVR8.o
Endpoint_Write_Control_PStream_BE                 ../lufa/LUFA/Drivers/USB/Core/AVR8/EndpointStream_AVR8.o
Endpoint_Write_Control_PStream_LE                 ../lufa/LUFA/Drivers/USB/Core/AVR8/EndpointStream_AVR8.o
                                                  ../lufa/LUFA/Drivers/USB/Core/DeviceStandardReq.o
Endpoint_Write_Control_Stream_BE                  ../lufa/LUFA/Drivers/USB/Core/AVR8/EndpointStream_AVR8.o
Endpoint_Write_Control_Stream_LE                  ../lufa/LUFA/Drivers/USB/Core/AVR8/EndpointStream_AVR8.o
                                                  ../lufa/LUFA/Drivers/USB/Class/Device/RNDISClassDevice.o
                                                  ../lufa/LUFA/Drivers/USB/Class/Device/PrinterClassDevice.o
                                                  ../lufa/LUFA/Drivers/USB/Class/Device/HIDClassDevice.o
                                                  ../lufa/LUFA/Drivers/USB/Class/Device/AudioClassDevice.o
                                                  ../lufa/LUFA/Drivers/USB/Core/DeviceStandardReq.o
Endpoint_Write_EStream_BE                         ../lufa/LUFA/Drivers/USB/Core/AVR8/EndpointStream_AVR8.o
Endpoint_Write_EStream_LE                         ../lufa/LUFA/Drivers/USB/Core/AVR8/EndpointStream_AVR8.o
Endpoint_Write_PStream_BE                         ../lufa/LUFA/Drivers/USB/Core/AVR8/EndpointStream_AVR8.o
Endpoint_Write_PStream_LE                         ../lufa/LUFA/Drivers/USB/Core/AVR8/EndpointStream_AVR8.o
                                                  ../lufa/LUFA/Drivers/USB/Class/Device/CDCClassDevice.o
Endpoint_Write_Stream_BE                          ../lufa/LUFA/Drivers/USB/Core/AVR8/EndpointStream_AVR8.o
Endpoint_Write_Stream_LE                          ../lufa/LUFA/Drivers/USB/Core/AVR8/EndpointStream_AVR8.o
                                                  ../lufa/LUFA/Drivers/USB/Class/Device/RNDISClassDevice.o
                                                  ../lufa/LUFA/Drivers/USB/Class/Device/PrinterClassDevice.o
                                                  ../lufa/LUFA/Drivers/USB/Class/Device/MIDIClassDevice.o
                                                  ../lufa/LUFA/Drivers/USB/Class/Device/MassStorageClassDevice.o
                                                  ../lufa/LUFA/Drivers/USB/Class/Device/HIDClassDevice.o
                                                  ../lufa/LUFA/Drivers/USB/Class/Device/CDCClassDevice.o
FENTANYL_msg_waiting                              FlowSensor.o
                                                  GenericHID.o
GenericReport                                     Descriptors.o
Generic_HID_Interface                             GenericHID.o
HID_Device_ConfigureEndpoints                     ../lufa/LUFA/Drivers/USB/Class/Device/HIDClassDevice.o
                                                  GenericHID.o
HID_Device_ProcessControlRequest                  ../lufa/LUFA/Drivers/USB/Class/Device/HIDClassDevice.o
                                                  GenericHID.o
HID_Device_USBTask                                ../lufa/LUFA/Drivers/USB/Class/Device/HIDClassDevice.o
                                                  GenericHID.o
HID_Report_IDs                                    Descriptors.o
                                                  GenericHID.o
Jump_To_Bootloader                                GenericHID.o
KETAMINE_msg_waiting                              FlowSensor.o
                                                  GenericHID.o
LIDOCANE_msg_waiting                              FlowSensor.o
                                                  GenericHID.o
LanguageString                                    Descriptors.o
MIDI_Device_ConfigureEndpoints                    ../lufa/LUFA/Drivers/USB/Class/Device/MIDIClassDevice.o
MIDI_Device_Flush                                 ../lufa/LUFA/Drivers/USB/Class/Device/MIDIClassDevice.o
MIDI_Device_ReceiveEventPacket                    ../lufa/LUFA/Drivers/USB/Class/Device/MIDIClassDevice.o
MIDI_Device_SendEventPacket                       ../lufa/LUFA/Drivers/USB/Class/Device/MIDIClassDevice.o
MIDI_Device_USBTask                               ../lufa/LUFA/Drivers/USB/Class/Device/MIDIClassDevice.o
MORPHINE_msg_waiting                              FlowSensor.o
                                                  GenericHID.o
MS_Device_ConfigureEndpoints                      ../lufa/LUFA/Drivers/USB/Class/Device/MassStorageClassDevice.o
MS_Device_ProcessControlRequest                   ../lufa/LUFA/Drivers/USB/Class/Device/MassStorageClassDevice.o
MS_Device_USBTask                                 ../lufa/LUFA/Drivers/USB/Class/Device/MassStorageClassDevice.o
ManufacturerString                                Descriptors.o
PRNT_Device_BytesReceived                         ../lufa/LUFA/Drivers/USB/Class/Device/PrinterClassDevice.o
PRNT_Device_ConfigureEndpoints                    ../lufa/LUFA/Drivers/USB/Class/Device/PrinterClassDevice.o
PRNT_Device_CreateBlockingStream                  ../lufa/LUFA/Drivers/USB/Class/Device/PrinterClassDevice.o
PRNT_Device_CreateStream                          ../lufa/LUFA/Drivers/USB/Class/Device/PrinterClassDevice.o
PRNT_Device_Event_Stub                            ../lufa/LUFA/Drivers/USB/Class/Device/PrinterClassDevice.o
PRNT_Device_Flush                                 ../lufa/LUFA/Drivers/USB/Class/Device/PrinterClassDevice.o
PRNT_Device_ProcessControlRequest                 ../lufa/LUFA/Drivers/USB/Class/Device/PrinterClassDevice.o
PRNT_Device_ReceiveByte                           ../lufa/LUFA/Drivers/USB/Class/Device/PrinterClassDevice.o
PRNT_Device_SendByte                              ../lufa/LUFA/Drivers/USB/Class/Device/PrinterClassDevice.o
PRNT_Device_SendData                              ../lufa/LUFA/Drivers/USB/Class/Device/PrinterClassDevice.o
PRNT_Device_SendString                            ../lufa/LUFA/Drivers/USB/Class/Device/PrinterClassDevice.o
PRNT_Device_USBTask                               ../lufa/LUFA/Drivers/USB/Class/Device/PrinterClassDevice.o
PROPOFOL_msg_waiting                              FlowSensor.o
                                                  GenericHID.o
ProductString                                     Descriptors.o
RNDIS_Device_ConfigureEndpoints                   ../lufa/LUFA/Drivers/USB/Class/Device/RNDISClassDevice.o
RNDIS_Device_IsPacketReceived                     ../lufa/LUFA/Drivers/USB/Class/Device/RNDISClassDevice.o
RNDIS_Device_ProcessControlRequest                ../lufa/LUFA/Drivers/USB/Class/Device/RNDISClassDevice.o
RNDIS_Device_ReadPacket                           ../lufa/LUFA/Drivers/USB/Class/Device/RNDISClassDevice.o
RNDIS_Device_SendPacket                           ../lufa/LUFA/Drivers/USB/Class/Device/RNDISClassDevice.o
RNDIS_Device_USBTask                              ../lufa/LUFA/Drivers/USB/Class/Device/RNDISClassDevice.o
ROC_msg_waiting                                   FlowSensor.o
                                                  GenericHID.o
SetupHardware                                     GenericHID.o
USB_ControlRequest                                ../lufa/LUFA/Drivers/USB/Class/Device/RNDISClassDevice.o
                                                  ../lufa/LUFA/Drivers/USB/Class/Device/PrinterClassDevice.o
                                                  ../lufa/LUFA/Drivers/USB/Class/Device/MassStorageClassDevice.o
                                                  ../lufa/LUFA/Drivers/USB/Class/Device/HIDClassDevice.o
                                                  ../lufa/LUFA/Drivers/USB/Class/Device/CDCClassDevice.o
                                                  ../lufa/LUFA/Drivers/USB/Class/Device/AudioClassDevice.o
                                                  ../lufa/LUFA/Drivers/USB/Core/USBTask.o
                                                  ../lufa/LUFA/Drivers/USB/Core/DeviceStandardReq.o
                                                  ../lufa/LUFA/Drivers/USB/Core/AVR8/Endpoint_AVR8.o
                                                  ../lufa/LUFA/Drivers/USB/Core/AVR8/EndpointStream_AVR8.o
USB_DeviceState                                   ../lufa/LUFA/Drivers/USB/Class/Device/RNDISClassDevice.o
                                                  ../lufa/LUFA/Drivers/USB/Class/Device/PrinterClassDevice.o
                                                  ../lufa/LUFA/Drivers/USB/Class/Device/MIDIClassDevice.o
                                                  ../lufa/LUFA/Drivers/USB/Class/Device/MassStorageClassDevice.o
                                                  ../lufa/LUFA/Drivers/USB/Class/Device/HIDClassDevice.o
                                                  ../lufa/LUFA/Drivers/USB/Class/Device/CDCClassDevice.o
                                                  ../lufa/LUFA/Drivers/USB/Core/USBTask.o
                                                  ../lufa/LUFA/Drivers/USB/Core/DeviceStandardReq.o
                                                  ../lufa/LUFA/Drivers/USB/Core/AVR8/USBInterrupt_AVR8.o
                                                  ../lufa/LUFA/Drivers/USB/Core/AVR8/USBController_AVR8.o
                                                  ../lufa/LUFA/Drivers/USB/Core/AVR8/Endpoint_AVR8.o
                                                  ../lufa/LUFA/Drivers/USB/Core/AVR8/EndpointStream_AVR8.o
USB_Device_ConfigurationNumber                    ../lufa/LUFA/Drivers/USB/Core/DeviceStandardReq.o
                                                  ../lufa/LUFA/Drivers/USB/Core/AVR8/USBInterrupt_AVR8.o
                                                  ../lufa/LUFA/Drivers/USB/Core/AVR8/USBController_AVR8.o
USB_Device_CurrentlySelfPowered                   ../lufa/LUFA/Drivers/USB/Core/DeviceStandardReq.o
                                                  ../lufa/LUFA/Drivers/USB/Core/AVR8/USBController_AVR8.o
USB_Device_ProcessControlRequest                  ../lufa/LUFA/Drivers/USB/Core/DeviceStandardReq.o
                                                  ../lufa/LUFA/Drivers/USB/Core/USBTask.o
USB_Device_RemoteWakeupEnabled                    ../lufa/LUFA/Drivers/USB/Core/DeviceStandardReq.o
                                                  ../lufa/LUFA/Drivers/USB/Core/AVR8/USBController_AVR8.o
USB_Device_SendRemoteWakeup                       ../lufa/LUFA/Drivers/USB/Core/AVR8/Device_AVR8.o
USB_Disable                                       ../lufa/LUFA/Drivers/USB/Core/AVR8/USBController_AVR8.o
USB_Event_Stub                                    ../lufa/LUFA/Drivers/USB/Core/Events.o
USB_GetHIDReportItemInfo                          ../lufa/LUFA/Drivers/USB/Class/Common/HIDParser.o
USB_GetHIDReportSize                              ../lufa/LUFA/Drivers/USB/Class/Common/HIDParser.o
USB_GetNextDescriptorComp                         ../lufa/LUFA/Drivers/USB/Core/ConfigDescriptors.o
USB_GetNextDescriptorOfType                       ../lufa/LUFA/Drivers/USB/Core/ConfigDescriptors.o
USB_GetNextDescriptorOfTypeAfter                  ../lufa/LUFA/Drivers/USB/Core/ConfigDescriptors.o
USB_GetNextDescriptorOfTypeBefore                 ../lufa/LUFA/Drivers/USB/Core/ConfigDescriptors.o
USB_INT_ClearAllInterrupts                        ../lufa/LUFA/Drivers/USB/Core/AVR8/USBInterrupt_AVR8.o
                                                  ../lufa/LUFA/Drivers/USB/Core/AVR8/USBController_AVR8.o
USB_INT_DisableAllInterrupts                      ../lufa/LUFA/Drivers/USB/Core/AVR8/USBInterrupt_AVR8.o
                                                  ../lufa/LUFA/Drivers/USB/Core/AVR8/USBController_AVR8.o
USB_Init                                          ../lufa/LUFA/Drivers/USB/Core/AVR8/USBController_AVR8.o
                                                  GenericHID.o
USB_IsInitialized                                 ../lufa/LUFA/Drivers/USB/Core/USBTask.o
                                                  ../lufa/LUFA/Drivers/USB/Core/AVR8/USBController_AVR8.o
USB_ProcessHIDReport                              ../lufa/LUFA/Drivers/USB/Class/Common/HIDParser.o
USB_ResetInterface                                ../lufa/LUFA/Drivers/USB/Core/AVR8/USBController_AVR8.o
USB_SetHIDReportItemInfo                          ../lufa/LUFA/Drivers/USB/Class/Common/HIDParser.o
USB_USBTask                                       ../lufa/LUFA/Drivers/USB/Core/USBTask.o
                                                  ../lufa/LUFA/Drivers/USB/Class/Device/PrinterClassDevice.o
                                                  ../lufa/LUFA/Drivers/USB/Class/Device/MassStorageClassDevice.o
                                                  ../lufa/LUFA/Drivers/USB/Class/Device/CDCClassDevice.o
                                                  ../lufa/LUFA/Drivers/USB/Core/AVR8/EndpointStream_AVR8.o
                                                  GenericHID.o
__addsf3                                          /usr/local/CrossPack-AVR-20130212/lib/gcc/avr/4.6.2/../../../../avr/lib/avr5/libm.a(addsf3.o)
                                                  RunningVariance.o
__addsf3x                                         /usr/local/CrossPack-AVR-20130212/lib/gcc/avr/4.6.2/../../../../avr/lib/avr5/libm.a(addsf3x.o)
                                                  /usr/local/CrossPack-AVR-20130212/lib/gcc/avr/4.6.2/../../../../avr/lib/avr5/libm.a(addsf3.o)
__bad_interrupt                                   /usr/local/CrossPack-AVR-20130212/lib/gcc/avr/4.6.2/../../../../avr/lib/avr5/crtm32u4.o
__bss_end                                         /usr/local/CrossPack-AVR-20130212/lib/gcc/avr/4.6.2/avr5/libgcc.a(_clear_bss.o)
__bss_start                                       /usr/local/CrossPack-AVR-20130212/lib/gcc/avr/4.6.2/avr5/libgcc.a(_clear_bss.o)
__data_end                                        /usr/local/CrossPack-AVR-20130212/lib/gcc/avr/4.6.2/avr5/libgcc.a(_copy_data.o)
__data_load_start                                 /usr/local/CrossPack-AVR-20130212/lib/gcc/avr/4.6.2/avr5/libgcc.a(_copy_data.o)
__data_start                                      /usr/local/CrossPack-AVR-20130212/lib/gcc/avr/4.6.2/avr5/libgcc.a(_copy_data.o)
__divsf3                                          /usr/local/CrossPack-AVR-20130212/lib/gcc/avr/4.6.2/../../../../avr/lib/avr5/libm.a(divsf3.o)
                                                  RunningVariance.o
                                                  GenericHID.o
__divsf3_pse                                      /usr/local/CrossPack-AVR-20130212/lib/gcc/avr/4.6.2/../../../../avr/lib/avr5/libm.a(divsf3x.o)
__divsf3x                                         /usr/local/CrossPack-AVR-20130212/lib/gcc/avr/4.6.2/../../../../avr/lib/avr5/libm.a(divsf3x.o)
                                                  /usr/local/CrossPack-AVR-20130212/lib/gcc/avr/4.6.2/../../../../avr/lib/avr5/libm.a(divsf3.o)
__do_clear_bss                                    /usr/local/CrossPack-AVR-20130212/lib/gcc/avr/4.6.2/avr5/libgcc.a(_clear_bss.o)
                                                  ../lufa/LUFA/Drivers/USB/Class/Host/StillImageClassHost.o
                                                  ../lufa/LUFA/Drivers/USB/Class/Host/RNDISClassHost.o