Archive member included because of file (symbol)

/usr/local/CrossPack-AVR-20130212/lib/gcc/avr/4.6.2/../../../../avr/lib/avr5/libm.a(addsf3.o)
                              RunningVariance.o (__subsf3)
/usr/local/CrossPack-AVR-20130212/lib/gcc/avr/4.6.2/../../../../avr/lib/avr5/libm.a(addsf3x.o)
                              /usr/local/CrossPack-AVR-20130212/lib/gcc/avr/4.6.2/../../../../avr/lib/avr5/libm.a(addsf3.o) (__addsf3x)
/usr/local/CrossPack-AVR-20130212/lib/gcc/avr/4.6.2/../../../../avr/lib/avr5/libm.a(divsf3.o)
                              GenericHID.o (__divsf3)
/usr/local/CrossPack-AVR-20130212/lib/gcc/avr/4.6.2/../../../../avr/lib/avr5/libm.a(divsf3x.o)
                              /usr/local/CrossPack-AVR-20130212/lib/gcc/avr/4.6.2/../../../../avr/lib/avr5/libm.a(divsf3.o) (__divsf3x)
/usr/local/CrossPack-AVR-20130212/lib/gcc/avr/4.6.2/../../../../avr/lib/avr5/libm.a(fixsfsi.o)
                              GenericHID.o (__fixsfsi)
/usr/local/CrossPack-AVR-20130212/lib/gcc/avr/4.6.2/../../../../avr/lib/avr5/libm.a(fixunssfsi.o)
                              /usr/local/CrossPack-AVR-20130212/lib/gcc/avr/4.6.2/../../../../avr/lib/avr5/libm.a(fixsfsi.o) (__fixunssfsi)
/usr/local/CrossPack-AVR-20130212/lib/gcc/avr/4.6.2/../../../../avr/lib/avr5/libm.a(floatsisf.o)
                              AirwaySensors.o (__floatunsisf)
/usr/local/CrossPack-AVR-20130212/lib/gcc/avr/4.6.2/../../../../avr/lib/avr5/libm.a(fp_inf.o)
                              /usr/local/CrossPack-AVR-20130212/lib/gcc/avr/4.6.2/../../../../avr/lib/avr5/libm.a(addsf3x.o) (__fp_inf)
/usr/local/CrossPack-AVR-20130212/lib/gcc/avr/4.6.2/../../../../avr/lib/avr5/libm.a(fp_nan.o)
                              /usr/local/CrossPack-AVR-20130212/lib/gcc/avr/4.6.2/../../../../avr/lib/avr5/libm.a(addsf3x.o) (__fp_nan)
/usr/local/CrossPack-AVR-20130212/lib/gcc/avr/4.6.2/../../../../avr/lib/avr5/libm.a(fp_pscA.o)
                              /usr/local/CrossPack-AVR-20130212/lib/gcc/avr/4.6.2/../../../../avr/lib/avr5/libm.a(addsf3x.o) (__fp_pscA)
/usr/local/CrossPack-AVR-20130212/lib/gcc/avr/4.6.2/../../../../avr/lib/avr5/libm.a(fp_pscB.o)
                              /usr/local/CrossPack-AVR-20130212/lib/gcc/avr/4.6.2/../../../../avr/lib/avr5/libm.a(addsf3x.o) (__fp_pscB)
/usr/local/CrossPack-AVR-20130212/lib/gcc/avr/4.6.2/../../../../avr/lib/avr5/libm.a(fp_round.o)
                              /usr/local/CrossPack-AVR-20130212/lib/gcc/avr/4.6.2/../../../../avr/lib/avr5/libm.a(addsf3.o) (__fp_round)
/usr/local/CrossPack-AVR-20130212/lib/gcc/avr/4.6.2/../../../../avr/lib/avr5/libm.a(fp_split3.o)
                              /usr/local/CrossPack-AVR-20130212/lib/gcc/avr/4.6.2/../../../../avr/lib/avr5/libm.a(addsf3x.o) (__fp_split3)
/usr/local/CrossPack-AVR-20130212/lib/gcc/avr/4.6.2/../../../../avr/lib/avr5/libm.a(fp_zero.o)
                              /usr/local/CrossPack-AVR-20130212/lib/gcc/avr/4.6.2/../../../../avr/lib/avr5/libm.a(addsf3x.o) (__fp_zero)
/usr/local/CrossPack-AVR-20130212/lib/gcc/avr/4.6.2/../../../../avr/lib/avr5/libm.a(gesf2.o)
                              AirwaySensors.o (__gtsf2)
/usr/local/CrossPack-AVR-20130212/lib/gcc/avr/4.6.2/../../../../avr/lib/avr5/libm.a(mulsf3.o)
                              GenericHID.o (__mulsf3)
/usr/local/CrossPack-AVR-20130212/lib/gcc/avr/4.6.2/../../../../avr/lib/avr5/libm.a(mulsf3x.o)
                              /usr/local/CrossPack-AVR-20130212/lib/gcc/avr/4.6.2/../../../../avr/lib/avr5/libm.a(mulsf3.o) (__mulsf3x)
/usr/local/CrossPack-AVR-20130212/lib/gcc/avr/4.6.2/../../../../avr/lib/avr5/libm.a(fp_cmp.o)
                              /usr/local/CrossPack-AVR-20130212/lib/gcc/avr/4.6.2/../../../../avr/lib/avr5/libm.a(gesf2.o) (__fp_cmp)
/usr/local/CrossPack-AVR-20130212/lib/gcc/avr/4.6.2/avr5/libgcc.a(_udivmodhi4.o)
                              AirwaySensors.o (__udivmodhi4)
/usr/local/CrossPack-AVR-20130212/lib/gcc/avr/4.6.2/avr5/libgcc.a(_udivmodsi4.o)
                              EscharotomyArm.o (__udivmodsi4)
/usr/local/CrossPack-AVR-20130212/lib/gcc/avr/4.6.2/avr5/libgcc.a(_exit.o)
                              /usr/local/CrossPack-AVR-20130212/lib/gcc/avr/4.6.2/../../../../avr/lib/avr5/crtm32u4.o (exit)
/usr/local/CrossPack-AVR-20130212/lib/gcc/avr/4.6.2/avr5/libgcc.a(_copy_data.o)
                              GenericHID.o (__do_copy_data)
/usr/local/CrossPack-AVR-20130212/lib/gcc/avr/4.6.2/avr5/libgcc.a(_clear_bss.o)
                              GenericHID.o (__do_clear_bss)
/usr/local/CrossPack-AVR-20130212/lib/gcc/avr/4.6.2/../../../../avr/lib/avr5/libc.a(memcpy_P.o)
                              ../../../lufa/LUFA/Drivers/USB/Class/Device/RNDISClassDevice.o (memcpy_P)
/usr/local/CrossPack-AVR-20130212/lib/gcc/avr/4.6.2/../../../../avr/lib/avr5/libc.a(memcmp.o)
                              RFID.o (memcmp)
/usr/local/CrossPack-AVR-20130212/lib/gcc/avr/4.6.2/../../../../avr/lib/avr5/libc.a(memcpy.o)
[...]
Memory Configuration

Name             Origin             Length             Attributes
text             0x00000000         0x00020000         xr
data             0x00800060         0x0000ffa0         rw !x
eeprom           0x00810000         0x00010000         rw !x
fuse             0x00820000         0x00000400         rw !x
lock             0x00830000         0x00000400         rw !x
signature        0x00840000         0x00000400         rw !x
*default*        0x00000000         0xffffffff

Linker script and memory map

Address of section .data set to 0x800100
LOAD /usr/local/CrossPack-AVR-20130212/lib/gcc/avr/4.6.2/../../../../avr/lib/avr5/crtm32u4.o
LOAD GenericHID.o
LOAD Descriptors.o
LOAD AirwaySensors.o
LOAD Timer.o
LOAD RFID.o
LOAD EscharotomyArm.o
LOAD FlowSensor.o
LOAD RunningVariance.o
LOAD ../../../lufa/LUFA/Drivers/USB/Class/Common/HIDParser.o
LOAD ../../../lufa/LUFA/Drivers/USB/Core/AVR8/Device_AVR8.o
LOAD ../../../lufa/LUFA/Drivers/USB/Core/AVR8/EndpointStream_AVR8.o
LOAD ../../../lufa/LUFA/Drivers/USB/Core/AVR8/Endpoint_AVR8.o
LOAD ../../../lufa/LUFA/Drivers/USB/Core/AVR8/Host_AVR8.o
LOAD ../../../lufa/LUFA/Drivers/USB/Core/AVR8/PipeStream_AVR8.o
LOAD ../../../lufa/LUFA/Drivers/USB/Core/AVR8/Pipe_AVR8.o
LOAD ../../../lufa/LUFA/Drivers/USB/Core/AVR8/USBController_AVR8.o
LOAD ../../../lufa/LUFA/Drivers/USB/Core/AVR8/USBInterrupt_AVR8.o
LOAD ../../../lufa/LUFA/Drivers/USB/Core/ConfigDescriptors.o
LOAD ../../../lufa/LUFA/Drivers/USB/Core/DeviceStandardReq.o
LOAD ../../../lufa/LUFA/Drivers/USB/Core/Events.o
LOAD ../../../lufa/LUFA/Drivers/USB/Core/HostStandardReq.o
LOAD ../../../lufa/LUFA/Drivers/USB/Core/USBTask.o
LOAD ../../../lufa/LUFA/Drivers/USB/Class/Device/AudioClassDevice.o
LOAD ../../../lufa/LUFA/Drivers/USB/Class/Device/CDCClassDevice.o
LOAD ../../../lufa/LUFA/Drivers/USB/Class/Device/HIDClassDevice.o
LOAD ../../../lufa/LUFA/Drivers/USB/Class/Device/MassStorageClassDevice.o
LOAD ../../../lufa/LUFA/Drivers/USB/Class/Device/MIDIClassDevice.o
LOAD ../../../lufa/LUFA/Drivers/USB/Class/Device/PrinterClassDevice.o
LOAD ../../../lufa/LUFA/Drivers/USB/Class/Device/RNDISClassDevice.o
LOAD ../../../lufa/LUFA/Drivers/USB/Class/Host/AndroidAccessoryClassHost.o
LOAD ../../../lufa/LUFA/Drivers/USB/Class/Host/AudioClassHost.o
LOAD ../../../lufa/LUFA/Drivers/USB/Class/Host/CDCClassHost.o
LOAD ../../../lufa/LUFA/Drivers/USB/Class/Host/HIDClassHost.o
LOAD ../../../lufa/LUFA/Drivers/USB/Class/Host/MassStorageClassHost.o
LOAD ../../../lufa/LUFA/Drivers/USB/Class/Host/MIDIClassHost.o
LOAD ../../../lufa/LUFA/Drivers/USB/Class/Host/PrinterClassHost.o
LOAD ../../../lufa/LUFA/Drivers/USB/Class/Host/RNDISClassHost.o
LOAD ../../../lufa/LUFA/Drivers/USB/Class/Host/StillImageClassHost.o
LOAD /usr/local/CrossPack-AVR-20130212/lib/gcc/avr/4.6.2/../../../../avr/lib/avr5/libm.a
LOAD /usr/local/CrossPack-AVR-20130212/lib/gcc/avr/4.6.2/avr5/libgcc.a
LOAD /usr/local/CrossPack-AVR-20130212/lib/gcc/avr/4.6.2/../../../../avr/lib/avr5/libc.a
LOAD /usr/local/CrossPack-AVR-20130212/lib/gcc/avr/4.6.2/avr5/libgcc.a

.hash
 *(.hash)

.dynsym
 *(.dynsym)

.dynstr
 *(.dynstr)

.gnu.version
 *(.gnu.version)

.gnu.version_d
 *(.gnu.version_d)

.gnu.version_r
 *(.gnu.version_r)

.rel.init
 *(.rel.init)

.rela.init
 *(.rela.init)

.rel.text
 *(.rel.text)
 *(.rel.text.*)
 *(.rel.gnu.linkonce.t*)

.rela.text
 *(.rela.text)
 *(.rela.text.*)
 *(.rela.gnu.linkonce.t*)

.rel.fini
 *(.rel.fini)

.rela.fini
 *(.rela.fini)

.rel.rodata
 *(.rel.rodata)
 *(.rel.rodata.*)
 *(.rel.gnu.linkonce.r*)

.rela.rodata
 *(.rela.rodata)
 *(.rela.rodata.*)
 *(.rela.gnu.linkonce.r*)

.rel.data
 *(.rel.data)
 *(.rel.data.*)
 *(.rel.gnu.linkonce.d*)

.rela.data
 *(.rela.data)
 *(.rela.data.*)
 *(.rela.gnu.linkonce.d*)

.rel.ctors
 *(.rel.ctors)

.rela.ctors
 *(.rela.ctors)

.rel.dtors
 *(.rel.dtors)

.rela.dtors
 *(.rela.dtors)

.rel.got
 *(.rel.got)

.rela.got
 *(.rela.got)

.rel.bss
 *(.rel.bss)

.rela.bss
 *(.rela.bss)

.rel.plt
 *(.rel.plt)

.rela.plt
 *(.rela.plt)

.text           0x00000000     0x2904
 *(.vectors)
 .vectors       0x00000000       0xac /usr/local/CrossPack-AVR-20130212/lib/gcc/avr/4.6.2/../../../../avr/lib/avr5/crtm32u4.o
                0x00000000                __vectors
                0x00000000                __vector_default
 *(.vectors)
 *(.progmem.gcc*)
 *(.progmem*)
 .progmem.data  0x000000ac      0x178 GenericHID.o
                0x000000ac                pstr_ROC
                0x000000b6                pstr_LIDOCANE
                0x000000c5                pstr_PROPOFOL
                0x000000d4                pstr_ANTIBIOTICS
                0x000000e6                pstr_KETAMINE
                0x000000f5                pstr_FENTANYL
                0x00000104                pstr_MORPHINE
                0x00000113                pstr_ETOMIDATE
                0x00000123                heat_str
                0x00000129                blip_str
                0x0000012f                device_name_string
                0x0000013a                iv_arm_msg
                0x00000149                eschar_msg_5
                0x00000159                eschar_msg_4
                0x00000169                eschar_msg_3
                0x00000179                eschar_msg_2
                0x00000189                eschar_msg_1
                0x00000199                o2_msg_str
                0x0000019d                hypervent_msg_str
                0x000001b5                mainstem_msg_str
                0x000001d3                bvm_off_msg_str
                0x000001dc                vent_msg_str
                0x000001f1                esophageal_msg_str
                0x00000211                bio_report_string
 .progmem.data  0x00000224      0x24a Descriptors.o
                0x00000224                ProductString
                0x00000252                ManufacturerString
                0x0000026c                LanguageString
                0x00000270                ConfigurationDescriptor
                0x00000292                DeviceDescriptor
                0x000002a4                GenericReport
 .progmem.data  0x0000046e       0x91 RFID.o
                0x0000046e                o2_str
                0x00000472                temp_probe_str
                0x0000047e                pulse_ox_str
                0x00000488                bp_cuff_str
                0x00000491                ecg_str
                0x00000496                fluids_str
                0x0000049e                roc_str
                0x000004a3                lidocane_str
                0x000004ad                propofol_str
                0x000004b7                antibiotics_str
                0x000004c4                ketamine_str
                0x000004ce                fentanyl_str
                0x000004d8                morphine_str
                0x000004e2                succs_str
                0x000004e9                etomidate_str
                0x000004f4                vent_str
                0x000004fa                bvm_str
 .progmem.data  0x000004ff       0x5e FlowSensor.o
                0x000004ff                iv_connected_str
                0x0000050e                pstr_rcv_ROC
                0x00000513                pstr_rcv_LIDOCANE
                0x0000051d                pstr_rcv_PROPOFOL
                0x00000527                pstr_rcv_ANTIBIOTICS
                0x00000534                pstr_rcv_KETAMINE
                0x0000053e                pstr_rcv_FENTANYL
                0x00000548                pstr_rcv_MORPHINE
                0x00000552                pstr_rcv_ETOMIDATE
                0x0000055e                . = ALIGN (0x2)
 *fill*         0x0000055d        0x1 00
                0x0000055e                __trampolines_start = .
 *(.trampolines)
 .trampolines   0x0000055e        0x0 linker stubs
 *(.trampolines*)
                0x0000055e                __trampolines_end = .
 *(.jumptables)
 *(.jumptables*)
 *(.lowtext)
 *(.lowtext*)
                0x0000055e                __ctors_start = .
 *(.ctors)
                0x0000055e                __ctors_end = .
                0x0000055e                __dtors_start = .
 *(.dtors)
                0x0000055e                __dtors_end = .
 SORT(*)(.ctors)
 SORT(*)(.dtors)
 *(.init0)
 .init0         0x0000055e        0x0 /usr/local/CrossPack-AVR-20130212/lib/gcc/avr/4.6.2/../../../../avr/lib/avr5/crtm32u4.o
                0x0000055e                __init
 *(.init0)
 *(.init1)
 *(.init1)
 *(.init2)
 .init2         0x0000055e        0xc /usr/local/CrossPack-AVR-20130212/lib/gcc/avr/4.6.2/../../../../avr/lib/avr5/crtm32u4.o
 *(.init2)
 *(.init3)
 .init3         0x0000056a       0x3c GenericHID.o
                0x0000056a                Bootloader_Jump_Check
 *(.init3)
 *(.init4)
 .init4         0x000005a6       0x16 /usr/local/CrossPack-AVR-20130212/lib/gcc/avr/4.6.2/avr5/libgcc.a(_copy_data.o)
                0x000005a6                __do_copy_data
 .init4         0x000005bc       0x10 /usr/local/CrossPack-AVR-20130212/lib/gcc/avr/4.6.2/avr5/libgcc.a(_clear_bss.o)
                0x000005bc                __do_clear_bss
 *(.init4)
 *(.init5)
 *(.init5)
 *(.init6)
 *(.init6)
 *(.init7)
 *(.init7)
 *(.init8)
 *(.init8)
 *(.init9)
 .init9         0x000005cc        0x6 /usr/local/CrossPack-AVR-20130212/lib/gcc/avr/4.6.2/../../../../avr/lib/avr5/crtm32u4.o
 *(.init9)
 *(.text)
 .text          0x000005d2        0x2 /usr/local/CrossPack-AVR-20130212/lib/gcc/avr/4.6.2/../../../../avr/lib/avr5/crtm32u4.o
                0x000005d2                __vector_42
                0x000005d2                __vector_22
                0x000005d2                __vector_28
                0x000005d2                __vector_1
                0x000005d2                __vector_32
                0x000005d2                __vector_34
                0x000005d2                __vector_24
                0x000005d2                __vector_12
                0x000005d2                __bad_interrupt
                0x000005d2                __vector_6
                0x000005d2                __vector_31
                0x000005d2                __vector_35
                0x000005d2                __vector_39
                0x000005d2                __vector_3
                0x000005d2                __vector_23
                0x000005d2                __vector_30
                0x000005d2                __vector_25
                0x000005d2                __vector_11
                0x000005d2                __vector_13
                0x000005d2                __vector_17
                0x000005d2                __vector_19
                0x000005d2                __vector_7
                0x000005d2                __vector_41
                0x000005d2                __vector_27
                0x000005d2                __vector_5
                0x000005d2                __vector_33
                0x000005d2                __vector_37
                0x000005d2                __vector_4
                0x000005d2                __vector_9
                0x000005d2                __vector_2
                0x000005d2                __vector_15
                0x000005d2                __vector_36
                0x000005d2                __vector_29
                0x000005d2                __vector_40
                0x000005d2                __vector_8
                0x000005d2                __vector_26
                0x000005d2                __vector_14
                0x000005d2                __vector_16
                0x000005d2                __vector_18
                0x000005d2                __vector_20
                0x000005d2                __vector_38
                0x000005d4                . = ALIGN (0x2)
 *(.text.*)
 .text.LEDs_SetAllLEDs
                0x000005d4       0x28 GenericHID.o
 .text.Jump_To_Bootloader
                0x000005fc       0x4e GenericHID.o
                0x000005fc                Jump_To_Bootloader
 .text.adc_read
                0x0000064a       0x4c GenericHID.o
                0x0000064a                adc_read
 .text.adc_task
                0x00000696       0x2e GenericHID.o
                0x00000696                adc_task
 .text.lung_module_init
                0x000006c4       0x18 GenericHID.o
                0x000006c4                lung_module_init
 .text.lung_module_task
                0x000006dc       0xf0 GenericHID.o
                0x000006dc                lung_module_task
 .text.SetupHardware
                0x000007cc       0x62 GenericHID.o
                0x000007cc                SetupHardware
 .text.startup.main
                0x0000082e       0x1e GenericHID.o
                0x0000082e                main
 .text.EVENT_USB_Device_Connect
                0x0000084c        0x4 GenericHID.o
                0x0000084c                EVENT_USB_Device_Connect
 .text.EVENT_USB_Device_Disconnect
                0x00000850        0x4 GenericHID.o
                0x00000850                EVENT_USB_Device_Disconnect
 .text.EVENT_USB_Device_ConfigurationChanged
                0x00000854       0x1e GenericHID.o
                0x00000854                EVENT_USB_Device_ConfigurationChanged
 .text.EVENT_USB_Device_ControlRequest
                0x00000872        0x8 GenericHID.o
                0x00000872                EVENT_USB_Device_ControlRequest
 .text.EVENT_USB_Device_StartOfFrame
                0x0000087a       0x18 GenericHID.o
                0x0000087a                EVENT_USB_Device_StartOfFrame
 .text.CALLBACK_HID_Device_CreateHIDReport
                0x00000892      0x766 GenericHID.o
                0x00000892                CALLBACK_HID_Device_CreateHIDReport
 .text.CALLBACK_HID_Device_ProcessHIDReport
                0x00000ff8      0x13a GenericHID.o
                0x00000ff8                CALLBACK_HID_Device_ProcessHIDReport
 .text.CALLBACK_USB_GetDescriptor
                0x00001132       0x7a Descriptors.o
                0x00001132                CALLBACK_USB_GetDescriptor
 .text.deq_event
                0x000011ac       0x50 AirwaySensors.o
                0x000011ac                deq_event
 .text.uint32_to_wire
                0x000011fc        0xc AirwaySensors.o
                0x000011fc                uint32_to_wire
 .text.event_to_wire
                0x00001208       0x48 AirwaySensors.o
                0x00001208                event_to_wire
 .text.float_to_wire
                0x00001250       0x3c AirwaySensors.o
                0x00001250                float_to_wire
 .text.float_from_wire
                0x0000128c       0x44 AirwaySensors.o
                0x0000128c                float_from_wire
 .text.setup_timer
                0x000012d0       0x1c Timer.o
                0x000012d0                setup_timer
 .text.__vector_21
                0x000012ec       0x4a Timer.o
                0x000012ec                __vector_21
 .text.millis   0x00001336       0x1e Timer.o
                0x00001336                millis
 .text.host_millis
                0x00001354       0xf2 Timer.o
                0x00001354                host_millis
 .text.set_time_oset
                0x00001446       0xe0 Timer.o
                0x00001446                set_time_oset
 .text.time_to_wire
                0x00001526       0x52 Timer.o
                0x00001526                time_to_wire
 .text.time_from_wire
                0x00001578       0x4e Timer.o
                0x00001578                time_from_wire
 .text.rfid_sendcommand_readtags
                0x000015c6       0x2c RFID.o
                0x000015c6                rfid_sendcommand_readtags
 .text.classify_tag
                0x000015f2       0xce RFID.o
                0x000015f2                classify_tag
 .text.rfid_enable_buzzer
                0x000016c0       0x1a RFID.o
                0x000016c0                rfid_enable_buzzer
 .text.heat_enable
                0x000016da        0x4 EscharotomyArm.o
                0x000016da                heat_enable
 .text.pulse_stop
                0x000016de        0x6 EscharotomyArm.o
                0x000016de                pulse_stop
 .text.pulse_set_delay
                0x000016e4       0x1a EscharotomyArm.o
                0x000016e4                pulse_set_delay
 .text.ram_prog_cmp
                0x000016fe       0x34 FlowSensor.o
                0x000016fe                ram_prog_cmp
 .text.flow_sensor_handle_PROX
                0x00001732       0xd2 FlowSensor.o
                0x00001732                flow_sensor_handle_PROX
 .text.flow_sensor_handle_ACT
                0x00001804       0x16 FlowSensor.o
                0x00001804                flow_sensor_handle_ACT
 .text.Endpoint_Write_Stream_LE
                0x0000181a       0xa0 ../../../lufa/LUFA/Drivers/USB/Core/AVR8/EndpointStream_AVR8.o
                0x0000181a                Endpoint_Write_Stream_LE
 .text.Endpoint_Write_Control_Stream_LE
                0x000018ba       0xcc ../../../lufa/LUFA/Drivers/USB/Core/AVR8/EndpointStream_AVR8.o
                0x000018ba                Endpoint_Write_Control_Stream_LE
 .text.Endpoint_Read_Control_Stream_LE
                0x00001986       0x9c ../../../lufa/LUFA/Drivers/USB/Core/AVR8/EndpointStream_AVR8.o
                0x00001986                Endpoint_Read_Control_Stream_LE
 .text.Endpoint_Write_Control_PStream_LE
                0x00001a22       0xce ../../../lufa/LUFA/Drivers/USB/Core/AVR8/EndpointStream_AVR8.o
                0x00001a22                Endpoint_Write_Control_PStream_LE
 .text.Endpoint_ConfigureEndpoint_Prv
                0x00001af0       0x6a ../../../lufa/LUFA/Drivers/USB/Core/AVR8/Endpoint_AVR8.o
                0x00001af0                Endpoint_ConfigureEndpoint_Prv
 .text.Endpoint_ConfigureEndpointTable
                0x00001b5a       0x78 ../../../lufa/LUFA/Drivers/USB/Core/AVR8/Endpoint_AVR8.o
                0x00001b5a                Endpoint_ConfigureEndpointTable
 .text.Endpoint_ClearStatusStage
                0x00001bd2       0x42 ../../../lufa/LUFA/Drivers/USB/Core/AVR8/Endpoint_AVR8.o
                0x00001bd2                Endpoint_ClearStatusStage
 .text.Endpoint_WaitUntilReady
                0x00001c14       0x66 ../../../lufa/LUFA/Drivers/USB/Core/AVR8/Endpoint_AVR8.o
                0x00001c14                Endpoint_WaitUntilReady
 .text.USB_ResetInterface
                0x00001c7a       0x80 ../../../lufa/LUFA/Drivers/USB/Core/AVR8/USBController_AVR8.o
                0x00001c7a                USB_ResetInterface
 .text.USB_Init
                0x00001cfa       0x20 ../../../lufa/LUFA/Drivers/USB/Core/AVR8/USBController_AVR8.o
                0x00001cfa                USB_Init
 .text.USB_INT_DisableAllInterrupts
                0x00001d1a       0x10 ../../../lufa/LUFA/Drivers/USB/Core/AVR8/USBInterrupt_AVR8.o
                0x00001d1a                USB_INT_DisableAllInterrupts
 .text.USB_INT_ClearAllInterrupts
                0x00001d2a        0xa ../../../lufa/LUFA/Drivers/USB/Core/AVR8/USBInterrupt_AVR8.o
                0x00001d2a                USB_INT_ClearAllInterrupts
 .text.__vector_10
                0x00001d34      0x192 ../../../lufa/LUFA/Drivers/USB/Core/AVR8/USBInterrupt_AVR8.o
                0x00001d34                __vector_10
 .text.USB_Device_ProcessControlRequest
                0x00001ec6      0x2d0 ../../../lufa/LUFA/Drivers/USB/Core/DeviceStandardReq.o
                0x00001ec6                USB_Device_ProcessControlRequest
 .text.USB_Event_Stub
                0x00002196        0x2 ../../../lufa/LUFA/Drivers/USB/Core/Events.o
                0x00002196                EVENT_USB_Device_WakeUp
                0x00002196                USB_Event_Stub
                0x00002196                EVENT_USB_Device_Suspend
                0x00002196                EVENT_USB_Device_Reset
 .text.USB_USBTask
                0x00002198       0x38 ../../../lufa/LUFA/Drivers/USB/Core/USBTask.o
                0x00002198                USB_USBTask
 .text.HID_Device_ProcessControlRequest
                0x000021d0      0x274 ../../../lufa/LUFA/Drivers/USB/Class/Device/HIDClassDevice.o
                0x000021d0                HID_Device_ProcessControlRequest
 .text.HID_Device_ConfigureEndpoints
                0x00002444       0x32 ../../../lufa/LUFA/Drivers/USB/Class/Device/HIDClassDevice.o
                0x00002444                HID_Device_ConfigureEndpoints
 .text.HID_Device_USBTask
                0x00002476      0x18e ../../../lufa/LUFA/Drivers/USB/Class/Device/HIDClassDevice.o
                0x00002476                HID_Device_USBTask
 .text.avr-libc.fplib
                0x00002604        0x4 /usr/local/CrossPack-AVR-20130212/lib/gcc/avr/4.6.2/../../../../avr/lib/avr5/libm.a(divsf3.o)
                0x00002604                __divsf3
 .text.avr-libc.fplib
                0x00002608       0xcc /usr/local/CrossPack-AVR-20130212/lib/gcc/avr/4.6.2/../../../../avr/lib/avr5/libm.a(divsf3x.o)
                0x0000261e                __divsf3x
                0x00002622                __divsf3_pse
 .text.avr-libc.fplib
                0x000026d4        0xa /usr/local/CrossPack-AVR-20130212/lib/gcc/avr/4.6.2/../../../../avr/lib/avr5/libm.a(fixsfsi.o)
                0x000026d4                __fixsfsi
 .text.avr-libc.fplib
                0x000026de       0x58 /usr/local/CrossPack-AVR-20130212/lib/gcc/avr/4.6.2/../../../../avr/lib/avr5/libm.a(fixunssfsi.o)
                0x000026de                __fixunssfsi
 .text.avr-libc.fplib
                0x00002736        0xc /usr/local/CrossPack-AVR-20130212/lib/gcc/avr/4.6.2/../../../../avr/lib/avr5/libm.a(fp_inf.o)
                0x00002736                __fp_inf
 .text.avr-libc.fplib
                0x00002742        0x6 /usr/local/CrossPack-AVR-20130212/lib/gcc/avr/4.6.2/../../../../avr/lib/avr5/libm.a(fp_nan.o)
                0x00002742                __fp_nan
 .text.avr-libc.fplib
                0x00002748        0xe /usr/local/CrossPack-AVR-20130212/lib/gcc/avr/4.6.2/../../../../avr/lib/avr5/libm.a(fp_pscA.o)
                0x00002748                __fp_pscA
 .text.avr-libc.fplib
                0x00002756        0xe /usr/local/CrossPack-AVR-20130212/lib/gcc/avr/4.6.2/../../../../avr/lib/avr5/libm.a(fp_pscB.o)
                0x00002756                __fp_pscB
 .text.avr-libc.fplib
                0x00002764       0x22 /usr/local/CrossPack-AVR-20130212/lib/gcc/avr/4.6.2/../../../../avr/lib/avr5/libm.a(fp_round.o)
                0x00002764                __fp_round
 .text.avr-libc.fplib
                0x00002786       0x44 /usr/local/CrossPack-AVR-20130212/lib/gcc/avr/4.6.2/../../../../avr/lib/avr5/libm.a(fp_split3.o)
                0x00002786                __fp_split3
                0x00002796                __fp_splitA
 .text.avr-libc.fplib
                0x000027ca        0xe /usr/local/CrossPack-AVR-20130212/lib/gcc/avr/4.6.2/../../../../avr/lib/avr5/libm.a(fp_zero.o)
                0x000027ca                __fp_zero
                0x000027cc                __fp_szero
 .text.avr-libc.fplib
                0x000027d8        0x4 /usr/local/CrossPack-AVR-20130212/lib/gcc/avr/4.6.2/../../../../avr/lib/avr5/libm.a(mulsf3.o)
                0x000027d8                __mulsf3
 .text.avr-libc.fplib
                0x000027dc       0xc2 /usr/local/CrossPack-AVR-20130212/lib/gcc/avr/4.6.2/../../../../avr/lib/avr5/libm.a(mulsf3x.o)
                0x000027f0                __mulsf3x
                0x000027f4                __mulsf3_pse
 .text.libgcc   0x0000289e       0x28 /usr/local/CrossPack-AVR-20130212/lib/gcc/avr/4.6.2/avr5/libgcc.a(_udivmodhi4.o)
                0x0000289e                __udivmodhi4
 .text.avr-libc
                0x000028c6       0x1a /usr/local/CrossPack-AVR-20130212/lib/gcc/avr/4.6.2/../../../../avr/lib/avr5/libc.a(memcmp.o)
                0x000028c6                memcmp
 .text.avr-libc
                0x000028e0       0x12 /usr/local/CrossPack-AVR-20130212/lib/gcc/avr/4.6.2/../../../../avr/lib/avr5/libc.a(memcpy.o)
                0x000028e0                memcpy
 .text.avr-libc
                0x000028f2        0xe /usr/local/CrossPack-AVR-20130212/lib/gcc/avr/4.6.2/../../../../avr/lib/avr5/libc.a(memset.o)
                0x000028f2                memset
                0x00002900                . = ALIGN (0x2)
 *(.fini9)
 .fini9         0x00002900        0x0 /usr/local/CrossPack-AVR-20130212/lib/gcc/avr/4.6.2/avr5/libgcc.a(_exit.o)
                0x00002900                exit
                0x00002900                _exit
 *(.fini9)
 *(.fini8)
 *(.fini8)
 *(.fini7)
 *(.fini7)
 *(.fini6)
 *(.fini6)
 *(.fini5)
 *(.fini5)
 *(.fini4)
 *(.fini4)
 *(.fini3)
 *(.fini3)
 *(.fini2)
 *(.fini2)
 *(.fini1)
 *(.fini1)
 *(.fini0)
 .fini0         0x00002900        0x4 /usr/local/CrossPack-AVR-20130212/lib/gcc/avr/4.6.2/avr5/libgcc.a(_exit.o)
 *(.fini0)
                0x00002904                _etext = .

.data           0x00800100      0x23a load address 0x00002904
                0x00800100                PROVIDE (__data_start, .)
 *(.data)
 .data          0x00800100        0x0 /usr/local/CrossPack-AVR-20130212/lib/gcc/avr/4.6.2/../../../../avr/lib/avr5/crtm32u4.o
 .data          0x00800100       0xb4 GenericHID.o
                0x00800108                gas_pressure_threshold
                0x0080010a                event_buffer
                0x00800194                sensor_evt_thresh
                0x008001a4                Generic_HID_Interface
 .data          0x008001b4        0x0 Descriptors.o
 .data          0x008001b4        0x0 AirwaySensors.o
 .data          0x008001b4        0x0 Timer.o
 .data          0x008001b4      0x130 RFID.o
                0x008001b4                tags
                0x008002e0                inprog_message
                0x008002e2                usable_message
 .data          0x008002e4       0x46 EscharotomyArm.o
                0x008002e4                pulse_delay_ms
                0x008002e6                pulse
 .data          0x0080032a        0x0 FlowSensor.o
 .data          0x0080032a        0x0 RunningVariance.o
 .data          0x0080032a        0x0 ../../../lufa/LUFA/Drivers/USB/Class/Common/HIDParser.o
 .data          0x0080032a        0x0 ../../../lufa/LUFA/Drivers/USB/Core/AVR8/Device_AVR8.o
 .data          0x0080032a        0x0 ../../../lufa/LUFA/Drivers/USB/Core/AVR8/EndpointStream_AVR8.o
 .data          0x0080032a        0x0 ../../../lufa/LUFA/Drivers/USB/Core/AVR8/Endpoint_AVR8.o
 .data          0x0080032a        0x0 ../../../lufa/LUFA/Drivers/USB/Core/AVR8/Host_AVR8.o
 .data          0x0080032a        0x0 ../../../lufa/LUFA/Drivers/USB/Core/AVR8/PipeStream_AVR8.o
 .data          0x0080032a        0x0 ../../../lufa/LUFA/Drivers/USB/Core/AVR8/Pipe_AVR8.o
 .data          0x0080032a        0x0 ../../../lufa/LUFA/Drivers/USB/Core/AVR8/USBController_AVR8.o
 .data          0x0080032a        0x0 ../../../lufa/LUFA/Drivers/USB/Core/AVR8/USBInterrupt_AVR8.o
 .data          0x0080032a        0x0 ../../../lufa/LUFA/Drivers/USB/Core/ConfigDescriptors.o
 .data          0x0080032a        0x0 ../../../lufa/LUFA/Drivers/USB/Core/DeviceStandardReq.o
 .data          0x0080032a        0x0 ../../../lufa/LUFA/Drivers/USB/Core/Events.o
 .data          0x0080032a        0x0 ../../../lufa/LUFA/Drivers/USB/Core/HostStandardReq.o
 .data          0x0080032a        0x0 ../../../lufa/LUFA/Drivers/USB/Core/USBTask.o
 .data          0x0080032a        0x0 ../../../lufa/LUFA/Drivers/USB/Class/Device/AudioClassDevice.o
 .data          0x0080032a        0x8 ../../../lufa/LUFA/Drivers/USB/Class/Device/CDCClassDevice.o
 .data          0x00800332        0x0 ../../../lufa/LUFA/Drivers/USB/Class/Device/HIDClassDevice.o
 .data          0x00800332        0x0 ../../../lufa/LUFA/Drivers/USB/Class/Device/MassStorageClassDevice.o
 .data          0x00800332        0x0 ../../../lufa/LUFA/Drivers/USB/Class/Device/MIDIClassDevice.o
 .data          0x00800332        0x0 ../../../lufa/LUFA/Drivers/USB/Class/Device/PrinterClassDevice.o
 .data          0x00800332        0x8 ../../../lufa/LUFA/Drivers/USB/Class/Device/RNDISClassDevice.o
 .data          0x0080033a        0x0 ../../../lufa/LUFA/Drivers/USB/Class/Host/AndroidAccessoryClassHost.o
 .data          0x0080033a        0x0 ../../../lufa/LUFA/Drivers/USB/Class/Host/AudioClassHost.o
 .data          0x0080033a        0x0 ../../../lufa/LUFA/Drivers/USB/Class/Host/CDCClassHost.o
 .data          0x0080033a        0x0 ../../../lufa/LUFA/Drivers/USB/Class/Host/HIDClassHost.o
 .data          0x0080033a        0x0 ../../../lufa/LUFA/Drivers/USB/Class/Host/MassStorageClassHost.o
 .data          0x0080033a        0x0 ../../../lufa/LUFA/Drivers/USB/Class/Host/MIDIClassHost.o
 .data          0x0080033a        0x0 ../../../lufa/LUFA/Drivers/USB/Class/Host/PrinterClassHost.o
 .data          0x0080033a        0x0 ../../../lufa/LUFA/Drivers/USB/Class/Host/RNDISClassHost.o
 .data          0x0080033a        0x0 ../../../lufa/LUFA/Drivers/USB/Class/Host/StillImageClassHost.o
 .data          0x0080033a        0x0 /usr/local/CrossPack-AVR-20130212/lib/gcc/avr/4.6.2/../../../../avr/lib/avr5/libm.a(addsf3.o)
 .data          0x0080033a        0x0 /usr/local/CrossPack-AVR-20130212/lib/gcc/avr/4.6.2/../../../../avr/lib/avr5/libm.a(addsf3x.o)
 .data          0x0080033a        0x0 /usr/local/CrossPack-AVR-20130212/lib/gcc/avr/4.6.2/../../../../avr/lib/avr5/libm.a(divsf3.o)
 .data          0x0080033a        0x0 /usr/local/CrossPack-AVR-20130212/lib/gcc/avr/4.6.2/../../../../avr/lib/avr5/libm.a(divsf3x.o)
 .data          0x0080033a        0x0 /usr/local/CrossPack-AVR-20130212/lib/gcc/avr/4.6.2/../../../../avr/lib/avr5/libm.a(fixsfsi.o)
 .data          0x0080033a        0x0 /usr/local/CrossPack-AVR-20130212/lib/gcc/avr/4.6.2/../../../../avr/lib/avr5/libm.a(fixunssfsi.o)
 .data          0x0080033a        0x0 /usr/local/CrossPack-AVR-20130212/lib/gcc/avr/4.6.2/../../../../avr/lib/avr5/libm.a(floatsisf.o)
 .data          0x0080033a        0x0 /usr/local/CrossPack-AVR-20130212/lib/gcc/avr/4.6.2/../../../../avr/lib/avr5/libm.a(fp_inf.o)
 .data          0x0080033a        0x0 /usr/local/CrossPack-AVR-20130212/lib/gcc/avr/4.6.2/../../../../avr/lib/avr5/libm.a(fp_nan.o)
 .data          0x0080033a        0x0 /usr/local/CrossPack-AVR-20130212/lib/gcc/avr/4.6.2/../../../../avr/lib/avr5/libm.a(fp_pscA.o)
 .data          0x0080033a        0x0 /usr/local/CrossPack-AVR-20130212/lib/gcc/avr/4.6.2/../../../../avr/lib/avr5/libm.a(fp_pscB.o)
 .data          0x0080033a        0x0 /usr/local/CrossPack-AVR-20130212/lib/gcc/avr/4.6.2/../../../../avr/lib/avr5/libm.a(fp_round.o)
 .data          0x0080033a        0x0 /usr/local/CrossPack-AVR-20130212/lib/gcc/avr/4.6.2/../../../../avr/lib/avr5/libm.a(fp_split3.o)
 .data          0x0080033a        0x0 /usr/local/CrossPack-AVR-20130212/lib/gcc/avr/4.6.2/../../../../avr/lib/avr5/libm.a(fp_zero.o)
 .data          0x0080033a        0x0 /usr/local/CrossPack-AVR-20130212/lib/gcc/avr/4.6.2/../../../../avr/lib/avr5/libm.a(gesf2.o)
 .data          0x0080033a        0x0 /usr/local/CrossPack-AVR-20130212/lib/gcc/avr/4.6.2/../../../../avr/lib/avr5/libm.a(mulsf3.o)
 .data          0x0080033a        0x0 /usr/local/CrossPack-AVR-20130212/lib/gcc/avr/4.6.2/../../../../avr/lib/avr5/libm.a(mulsf3x.o)
 .data          0x0080033a        0x0 /usr/local/CrossPack-AVR-20130212/lib/gcc/avr/4.6.2/../../../../avr/lib/avr5/libm.a(fp_cmp.o)
 .data          0x0080033a        0x0 /usr/local/CrossPack-AVR-20130212/lib/gcc/avr/4.6.2/avr5/libgcc.a(_udivmodhi4.o)
 .data          0x0080033a        0x0 /usr/local/CrossPack-AVR-20130212/lib/gcc/avr/4.6.2/avr5/libgcc.a(_udivmodsi4.o)
 .data          0x0080033a        0x0 /usr/local/CrossPack-AVR-20130212/lib/gcc/avr/4.6.2/avr5/libgcc.a(_exit.o)
 .data          0x0080033a        0x0 /usr/local/CrossPack-AVR-20130212/lib/gcc/avr/4.6.2/avr5/libgcc.a(_copy_data.o)
 .data          0x0080033a        0x0 /usr/local/CrossPack-AVR-20130212/lib/gcc/avr/4.6.2/avr5/libgcc.a(_clear_bss.o)
 .data          0x0080033a        0x0 /usr/local/CrossPack-AVR-20130212/lib/gcc/avr/4.6.2/../../../../avr/lib/avr5/libc.a(memcpy_P.o)
 .data          0x0080033a        0x0 /usr/local/CrossPack-AVR-20130212/lib/gcc/avr/4.6.2/../../../../avr/lib/avr5/libc.a(memcmp.o)
 .data          0x0080033a        0x0 /usr/local/CrossPack-AVR-20130212/lib/gcc/avr/4.6.2/../../../../avr/lib/avr5/libc.a(memcpy.o)
 .data          0x0080033a        0x0 /usr/local/CrossPack-AVR-20130212/lib/gcc/avr/4.6.2/../../../../avr/lib/avr5/libc.a(memset.o)
 .data          0x0080033a        0x0 /usr/local/CrossPack-AVR-20130212/lib/gcc/avr/4.6.2/../../../../avr/lib/avr5/libc.a(eerd_byte_atmega32u4.o)
 .data          0x0080033a        0x0 /usr/local/CrossPack-AVR-20130212/lib/gcc/avr/4.6.2/../../../../avr/lib/avr5/libc.a(eeupd_byte_atmega32u4.o)
 *(.data*)
 *(.rodata)
 *(.rodata*)
 *(.gnu.linkonce.d*)
                0x0080033a                . = ALIGN (0x2)
                0x0080033a                _edata = .
                0x0080033a                PROVIDE (__data_end, .)

.bss            0x0080033a      0x30b
                0x0080033a                PROVIDE (__bss_start, .)
 *(.bss)
 .bss           0x0080033a      0x102 GenericHID.o
                0x0080033a                stm_reqd_offset
                0x0080033b                stm_reqd_stringid
                0x0080033c                stm_state
 .bss           0x0080043c        0xc Timer.o
                0x0080043c                time_oset
                0x00800444                cur_millis
 .bss           0x00800448        0x1 FlowSensor.o
                0x00800448                last_flowmsg_rcvd
 *(.bss*)
 *(COMMON)
 COMMON         0x00800449      0x15f GenericHID.o
                0x00800449                lung_flow_stop_time
                0x0080044d                esophageal_msg_waiting
                0x0080044e                eschar_msg_state_4
                0x0080044f                prox2act
                0x0080054e                bvm_sitch
                0x0080054f                hypervent_msg_waiting
                0x00800550                sensor_varnces
                0x00800560                KETAMINE_msg_waiting
                0x00800561                bvm_off_msg_waiting
                0x00800562                vent_sitch
                0x00800563                eschar_msg_state_1
                0x00800564                heat_msg_waiting
                0x00800565                rfid_usable_to_send
                0x00800566                last_blip
                0x0080056a                gas_pressure_learned
                0x0080056b                eso_flow_stop_time
                0x0080056f                ETOMIDATE_msg_waiting
                0x00800570                HID_Report_IDs
                0x00800571                prox2act_msg_waiting
                0x00800572                lung_st
                0x00800573                eso_st
                0x00800574                MORPHINE_msg_waiting
                0x00800575                stomach_last_sent_event
                0x00800579                gas_pressure_learning_started
                0x0080057d                blip_msg_waiting
                0x0080057e                esophageal_st
                0x0080057f                eschar_msg_state_5
                0x00800580                stomach_evt_occuring
                0x00800581                right_bronchus_evt_occuring
                0x00800582                left_bronchus_evt_occuring
                0x00800583                mask_main_exclusion
                0x00800584                ROC_msg_waiting
                0x00800585                PROPOFOL_msg_waiting
                0x00800586                eschar_msg_state_3
                0x00800587                vent_msg_waiting
                0x00800588                eschar_msg_state_2
                0x00800589                dur_waiting
                0x0080058a                parsed_rfid_ready
                0x0080058b                FENTANYL_msg_waiting
                0x0080058c                o2_msg_waiting
                0x0080058d                ANTIBIOTICS_msg_waiting
                0x0080058e                mainstem_msg_waiting
                0x0080058f                LIDOCANE_msg_waiting
                0x00800590                adc_values
 COMMON         0x008005a8       0x88 RFID.o
                0x008005a8                msgbuf_2
                0x008005e8                last_rfid_read
                0x008005ec                last_buzzer_enable
                0x008005f0                msgbuf_1
 COMMON         0x00800630        0x5 EscharotomyArm.o
                0x00800630                pulse_enabled
                0x00800631                last_loop_start
 COMMON         0x00800635        0x3 FlowSensor.o
                0x00800635                iv_connected
                0x00800636                fs_module_st
                0x00800637                last_fs_st
 COMMON         0x00800638        0x3 ../../../lufa/LUFA/Drivers/USB/Core/DeviceStandardReq.o
                0x00800638                USB_Device_ConfigurationNumber
                0x00800639                USB_Device_CurrentlySelfPowered
                0x0080063a                USB_Device_RemoteWakeupEnabled
 COMMON         0x0080063b        0xa ../../../lufa/LUFA/Drivers/USB/Core/USBTask.o
                0x0080063b                USB_IsInitialized
                0x0080063c                USB_DeviceState
                0x0080063d                USB_ControlRequest
                0x00800645                PROVIDE (__bss_end, .)
                0x00002904                __data_load_start = LOADADDR (.data)
                0x00002b3e                __data_load_end = (__data_load_start + SIZEOF (.data))

.noinit         0x00800645        0x4
                0x00800645                PROVIDE (__noinit_start, .)
 *(.noinit*)
 .noinit        0x00800645        0x4 GenericHID.o
                0x00800645                Boot_Key
                0x00800649                PROVIDE (__noinit_end, .)
                0x00800649                _end = .
                0x00800649                PROVIDE (__heap_start, .)

.eeprom         0x00810000        0x0
 *(.eeprom*)
                0x00810000                __eeprom_end = .

.fuse
 *(.fuse)
 *(.lfuse)
 *(.hfuse)
 *(.efuse)

.lock
 *(.lock*)

.signature
 *(.signature*)

.stab           0x00000000     0x2784
 *(.stab)
 .stab          0x00000000      0x6cc /usr/local/CrossPack-AVR-20130212/lib/gcc/avr/4.6.2/../../../../avr/lib/avr5/crtm32u4.o
 .stab          0x000006cc       0x78 /usr/local/CrossPack-AVR-20130212/lib/gcc/avr/4.6.2/../../../../avr/lib/avr5/libm.a(addsf3.o)
                                 0x84 (size before relaxing)
 .stab          0x00000744      0x4bc /usr/local/CrossPack-AVR-20130212/lib/gcc/avr/4.6.2/../../../../avr/lib/avr5/libm.a(addsf3x.o)
                                0x4c8 (size before relaxing)
 .stab          0x00000c00       0x48 /usr/local/CrossPack-AVR-20130212/lib/gcc/avr/4.6.2/../../../../avr/lib/avr5/libm.a(divsf3.o)
                                 0x54 (size before relaxing)
 .stab          0x00000c48      0x510 /usr/local/CrossPack-AVR-20130212/lib/gcc/avr/4.6.2/../../../../avr/lib/avr5/libm.a(divsf3x.o)
                                0x51c (size before relaxing)
 .stab          0x00001158       0x6c /usr/local/CrossPack-AVR-20130212/lib/gcc/avr/4.6.2/../../../../avr/lib/avr5/libm.a(fixsfsi.o)
                                 0x78 (size before relaxing)
 .stab          0x000011c4      0x240 /usr/local/CrossPack-AVR-20130212/lib/gcc/avr/4.6.2/../../../../avr/lib/avr5/libm.a(fixunssfsi.o)
                                0x24c (size before relaxing)
 .stab          0x00001404      0x318 /usr/local/CrossPack-AVR-20130212/lib/gcc/avr/4.6.2/../../../../avr/lib/avr5/libm.a(floatsisf.o)
                                0x324 (size before relaxing)
 .stab          0x0000171c       0x78 /usr/local/CrossPack-AVR-20130212/lib/gcc/avr/4.6.2/../../../../avr/lib/avr5/libm.a(fp_inf.o)
                                 0x84 (size before relaxing)
 .stab          0x00001794       0x54 /usr/local/CrossPack-AVR-20130212/lib/gcc/avr/4.6.2/../../../../avr/lib/avr5/libm.a(fp_nan.o)
                                 0x60 (size before relaxing)
 .stab          0x000017e8       0x84 /usr/local/CrossPack-AVR-20130212/lib/gcc/avr/4.6.2/../../../../avr/lib/avr5/libm.a(fp_pscA.o)
                                 0x90 (size before relaxing)
 .stab          0x0000186c       0x84 /usr/local/CrossPack-AVR-20130212/lib/gcc/avr/4.6.2/../../../../avr/lib/avr5/libm.a(fp_pscB.o)
                                 0x90 (size before relaxing)
 .stab          0x000018f0       0xfc /usr/local/CrossPack-AVR-20130212/lib/gcc/avr/4.6.2/../../../../avr/lib/avr5/libm.a(fp_round.o)
                                0x108 (size before relaxing)
 .stab          0x000019ec      0x1d4 /usr/local/CrossPack-AVR-20130212/lib/gcc/avr/4.6.2/../../../../avr/lib/avr5/libm.a(fp_split3.o)
                                0x1e0 (size before relaxing)
 .stab          0x00001bc0       0x90 /usr/local/CrossPack-AVR-20130212/lib/gcc/avr/4.6.2/../../../../avr/lib/avr5/libm.a(fp_zero.o)
                                 0x9c (size before relaxing)
 .stab          0x00001c50       0x6c /usr/local/CrossPack-AVR-20130212/lib/gcc/avr/4.6.2/../../../../avr/lib/avr5/libm.a(gesf2.o)
                                 0x78 (size before relaxing)
 .stab          0x00001cbc       0x48 /usr/local/CrossPack-AVR-20130212/lib/gcc/avr/4.6.2/../../../../avr/lib/avr5/libm.a(mulsf3.o)
                                 0x54 (size before relaxing)
 .stab          0x00001d04      0x4d4 /usr/local/CrossPack-AVR-20130212/lib/gcc/avr/4.6.2/../../../../avr/lib/avr5/libm.a(mulsf3x.o)
                                0x4e0 (size before relaxing)
 .stab          0x000021d8      0x1e0 /usr/local/CrossPack-AVR-20130212/lib/gcc/avr/4.6.2/../../../../avr/lib/avr5/libm.a(fp_cmp.o)
                                0x1ec (size before relaxing)
 .stab          0x000023b8       0x84 /usr/local/CrossPack-AVR-20130212/lib/gcc/avr/4.6.2/../../../../avr/lib/avr5/libc.a(memcpy_P.o)
                                 0x90 (size before relaxing)
 .stab          0x0000243c       0xb4 /usr/local/CrossPack-AVR-20130212/lib/gcc/avr/4.6.2/../../../../avr/lib/avr5/libc.a(memcmp.o)
                                 0xc0 (size before relaxing)
 .stab          0x000024f0       0x84 /usr/local/CrossPack-AVR-20130212/lib/gcc/avr/4.6.2/../../../../avr/lib/avr5/libc.a(memcpy.o)
                                 0x90 (size before relaxing)
 .stab          0x00002574       0x6c /usr/local/CrossPack-AVR-20130212/lib/gcc/avr/4.6.2/../../../../avr/lib/avr5/libc.a(memset.o)
                                 0x78 (size before relaxing)
 .stab          0x000025e0       0x90 /usr/local/CrossPack-AVR-20130212/lib/gcc/avr/4.6.2/../../../../avr/lib/avr5/libc.a(eerd_byte_atmega32u4.o)
                                 0x9c (size before relaxing)
 .stab          0x00002670      0x114 /usr/local/CrossPack-AVR-20130212/lib/gcc/avr/4.6.2/../../../../avr/lib/avr5/libc.a(eeupd_byte_atmega32u4.o)
                                0x120 (size before relaxing)

.stabstr        0x00000000      0x910
 *(.stabstr)
 .stabstr       0x00000000      0x910 /usr/local/CrossPack-AVR-20130212/lib/gcc/avr/4.6.2/../../../../avr/lib/avr5/crtm32u4.o

.stab.excl
 *(.stab.excl)

.stab.exclstr
 *(.stab.exclstr)

.stab.index
 *(.stab.index)

.stab.indexstr
 *(.stab.indexstr)

.comment
 *(.comment)

.debug
 *(.debug)

.line
 *(.line)

.debug_srcinfo
 *(.debug_srcinfo)

.debug_sfnames
 *(.debug_sfnames)

.debug_aranges  0x00000000      0x7d8
 *(.debug_aranges)
 .debug_aranges
                0x00000000       0x98 GenericHID.o
 .debug_aranges
                0x00000098       0x20 Descriptors.o
 .debug_aranges
                0x000000b8       0x78 AirwaySensors.o
 .debug_aranges
                0x00000130       0x50 Timer.o
 .debug_aranges
                0x00000180       0x50 RFID.o
 .debug_aranges
                0x000001d0       0x58 EscharotomyArm.o
 .debug_aranges
                0x00000228       0x40 FlowSensor.o
 .debug_aranges
                0x00000268       0x38 RunningVariance.o
 .debug_aranges
                0x000002a0       0x38 ../../../lufa/LUFA/Drivers/USB/Class/Common/HIDParser.o
 .debug_aranges
                0x000002d8       0x20 ../../../lufa/LUFA/Drivers/USB/Core/AVR8/Device_AVR8.o
 .debug_aranges
                0x000002f8       0xc8 ../../../lufa/LUFA/Drivers/USB/Core/AVR8/EndpointStream_AVR8.o
 .debug_aranges
                0x000003c0       0x40 ../../../lufa/LUFA/Drivers/USB/Core/AVR8/Endpoint_AVR8.o
 .debug_aranges
                0x00000400       0x30 ../../../lufa/LUFA/Drivers/USB/Core/AVR8/USBController_AVR8.o
 .debug_aranges
                0x00000430       0x30 ../../../lufa/LUFA/Drivers/USB/Core/AVR8/USBInterrupt_AVR8.o
 .debug_aranges
                0x00000460       0x38 ../../../lufa/LUFA/Drivers/USB/Core/ConfigDescriptors.o
 .debug_aranges
                0x00000498       0x20 ../../../lufa/LUFA/Drivers/USB/Core/DeviceStandardReq.o
 .debug_aranges
                0x000004b8       0x20 ../../../lufa/LUFA/Drivers/USB/Core/Events.o
 .debug_aranges
                0x000004d8       0x20 ../../../lufa/LUFA/Drivers/USB/Core/USBTask.o
 .debug_aranges
                0x000004f8       0x30 ../../../lufa/LUFA/Drivers/USB/Class/Device/AudioClassDevice.o
 .debug_aranges
                0x00000528       0x98 ../../../lufa/LUFA/Drivers/USB/Class/Device/CDCClassDevice.o
 .debug_aranges
                0x000005c0       0x30 ../../../lufa/LUFA/Drivers/USB/Class/Device/HIDClassDevice.o
 .debug_aranges
                0x000005f0       0x30 ../../../lufa/LUFA/Drivers/USB/Class/Device/MassStorageClassDevice.o
 .debug_aranges
                0x00000620       0x40 ../../../lufa/LUFA/Drivers/USB/Class/Device/MIDIClassDevice.o
 .debug_aranges
                0x00000660       0x90 ../../../lufa/LUFA/Drivers/USB/Class/Device/PrinterClassDevice.o
 .debug_aranges
                0x000006f0       0x48 ../../../lufa/LUFA/Drivers/USB/Class/Device/RNDISClassDevice.o
 .debug_aranges
                0x00000738       0x20 /usr/local/CrossPack-AVR-20130212/lib/gcc/avr/4.6.2/avr5/libgcc.a(_udivmodhi4.o)
 .debug_aranges
                0x00000758       0x20 /usr/local/CrossPack-AVR-20130212/lib/gcc/avr/4.6.2/avr5/libgcc.a(_udivmodsi4.o)
 .debug_aranges
                0x00000778       0x20 /usr/local/CrossPack-AVR-20130212/lib/gcc/avr/4.6.2/avr5/libgcc.a(_exit.o)
 .debug_aranges
                0x00000798       0x20 /usr/local/CrossPack-AVR-20130212/lib/gcc/avr/4.6.2/avr5/libgcc.a(_copy_data.o)
 .debug_aranges
                0x000007b8       0x20 /usr/local/CrossPack-AVR-20130212/lib/gcc/avr/4.6.2/avr5/libgcc.a(_clear_bss.o)

.debug_pubnames
 *(.debug_pubnames)

.debug_info     0x00000000     0xcda2
 *(.debug_info)
 .debug_info    0x00000000     0x219b GenericHID.o
 .debug_info    0x0000219b      0x774 Descriptors.o
 .debug_info    0x0000290f      0x6f9 AirwaySensors.o
 .debug_info    0x00003008      0x26f Timer.o
 .debug_info    0x00003277      0xa15 RFID.o
 .debug_info    0x00003c8c      0x2e5 EscharotomyArm.o
 .debug_info    0x00003f71      0x6c9 FlowSensor.o
 .debug_info    0x0000463a      0x19d RunningVariance.o
 .debug_info    0x000047d7      0x6fc ../../../lufa/LUFA/Drivers/USB/Class/Common/HIDParser.o
 .debug_info    0x00004ed3       0xca ../../../lufa/LUFA/Drivers/USB/Core/AVR8/Device_AVR8.o
 .debug_info    0x00004f9d     0x15d4 ../../../lufa/LUFA/Drivers/USB/Core/AVR8/EndpointStream_AVR8.o
 .debug_info    0x00006571      0x618 ../../../lufa/LUFA/Drivers/USB/Core/AVR8/Endpoint_AVR8.o
 .debug_info    0x00006b89       0x5e ../../../lufa/LUFA/Drivers/USB/Core/AVR8/Host_AVR8.o
 .debug_info    0x00006be7       0x5e ../../../lufa/LUFA/Drivers/USB/Core/AVR8/PipeStream_AVR8.o
 .debug_info    0x00006c45       0x5e ../../../lufa/LUFA/Drivers/USB/Core/AVR8/Pipe_AVR8.o
 .debug_info    0x00006ca3      0x487 ../../../lufa/LUFA/Drivers/USB/Core/AVR8/USBController_AVR8.o
 .debug_info    0x0000712a      0x5ce ../../../lufa/LUFA/Drivers/USB/Core/AVR8/USBInterrupt_AVR8.o
 .debug_info    0x000076f8      0x382 ../../../lufa/LUFA/Drivers/USB/Core/ConfigDescriptors.o
 .debug_info    0x00007a7a      0x98c ../../../lufa/LUFA/Drivers/USB/Core/DeviceStandardReq.o
 .debug_info    0x00008406       0x77 ../../../lufa/LUFA/Drivers/USB/Core/Events.o
 .debug_info    0x0000847d       0x5e ../../../lufa/LUFA/Drivers/USB/Core/HostStandardReq.o
 .debug_info    0x000084db      0x25b ../../../lufa/LUFA/Drivers/USB/Core/USBTask.o
 .debug_info    0x00008736      0x59a ../../../lufa/LUFA/Drivers/USB/Class/Device/AudioClassDevice.o
 .debug_info    0x00008cd0      0xc4c ../../../lufa/LUFA/Drivers/USB/Class/Device/CDCClassDevice.o
 .debug_info    0x0000991c      0x6a8 ../../../lufa/LUFA/Drivers/USB/Class/Device/HIDClassDevice.o
 .debug_info    0x00009fc4      0x7db ../../../lufa/LUFA/Drivers/USB/Class/Device/MassStorageClassDevice.o
 .debug_info    0x0000a79f      0x4ef ../../../lufa/LUFA/Drivers/USB/Class/Device/MIDIClassDevice.o
 .debug_info    0x0000ac8e      0xb2b ../../../lufa/LUFA/Drivers/USB/Class/Device/PrinterClassDevice.o
 .debug_info    0x0000b7b9      0xedb ../../../lufa/LUFA/Drivers/USB/Class/Device/RNDISClassDevice.o
 .debug_info    0x0000c694       0x5e ../../../lufa/LUFA/Drivers/USB/Class/Host/AndroidAccessoryClassHost.o
 .debug_info    0x0000c6f2       0x5e ../../../lufa/LUFA/Drivers/USB/Class/Host/AudioClassHost.o
 .debug_info    0x0000c750       0x5e ../../../lufa/LUFA/Drivers/USB/Class/Host/CDCClassHost.o
 .debug_info    0x0000c7ae       0x5e ../../../lufa/LUFA/Drivers/USB/Class/Host/HIDClassHost.o
 .debug_info    0x0000c80c       0x5e ../../../lufa/LUFA/Drivers/USB/Class/Host/MassStorageClassHost.o
 .debug_info    0x0000c86a       0x5e ../../../lufa/LUFA/Drivers/USB/Class/Host/MIDIClassHost.o
 .debug_info    0x0000c8c8       0x5e ../../../lufa/LUFA/Drivers/USB/Class/Host/PrinterClassHost.o
 .debug_info    0x0000c926       0x5e ../../../lufa/LUFA/Drivers/USB/Class/Host/RNDISClassHost.o
 .debug_info    0x0000c984       0x5e ../../../lufa/LUFA/Drivers/USB/Class/Host/StillImageClassHost.o
 .debug_info    0x0000c9e2       0xc0 /usr/local/CrossPack-AVR-20130212/lib/gcc/avr/4.6.2/avr5/libgcc.a(_udivmodhi4.o)
 .debug_info    0x0000caa2       0xc0 /usr/local/CrossPack-AVR-20130212/lib/gcc/avr/4.6.2/avr5/libgcc.a(_udivmodsi4.o)
 .debug_info    0x0000cb62       0xc0 /usr/local/CrossPack-AVR-20130212/lib/gcc/avr/4.6.2/avr5/libgcc.a(_exit.o)
 .debug_info    0x0000cc22       0xc0 /usr/local/CrossPack-AVR-20130212/lib/gcc/avr/4.6.2/avr5/libgcc.a(_copy_data.o)
 .debug_info    0x0000cce2       0xc0 /usr/local/CrossPack-AVR-20130212/lib/gcc/avr/4.6.2/avr5/libgcc.a(_clear_bss.o)
 *(.gnu.linkonce.wi.*)

.debug_abbrev   0x00000000     0x2e23
 *(.debug_abbrev)
 .debug_abbrev  0x00000000      0x427 GenericHID.o
 .debug_abbrev  0x00000427      0x192 Descriptors.o
 .debug_abbrev  0x000005b9      0x1c0 AirwaySensors.o
 .debug_abbrev  0x00000779      0x154 Timer.o
 .debug_abbrev  0x000008cd      0x1e8 RFID.o
 .debug_abbrev  0x00000ab5       0xfd EscharotomyArm.o
 .debug_abbrev  0x00000bb2      0x168 FlowSensor.o
 .debug_abbrev  0x00000d1a      0x103 RunningVariance.o
 .debug_abbrev  0x00000e1d      0x1ec ../../../lufa/LUFA/Drivers/USB/Class/Common/HIDParser.o
 .debug_abbrev  0x00001009       0x7d ../../../lufa/LUFA/Drivers/USB/Core/AVR8/Device_AVR8.o
 .debug_abbrev  0x00001086      0x1c9 ../../../lufa/LUFA/Drivers/USB/Core/AVR8/EndpointStream_AVR8.o
 .debug_abbrev  0x0000124f      0x20e ../../../lufa/LUFA/Drivers/USB/Core/AVR8/Endpoint_AVR8.o
 .debug_abbrev  0x0000145d       0x2a ../../../lufa/LUFA/Drivers/USB/Core/AVR8/Host_AVR8.o
 .debug_abbrev  0x00001487       0x2a ../../../lufa/LUFA/Drivers/USB/Core/AVR8/PipeStream_AVR8.o
 .debug_abbrev  0x000014b1       0x2a ../../../lufa/LUFA/Drivers/USB/Core/AVR8/Pipe_AVR8.o
 .debug_abbrev  0x000014db      0x135 ../../../lufa/LUFA/Drivers/USB/Core/AVR8/USBController_AVR8.o
 .debug_abbrev  0x00001610      0x17e ../../../lufa/LUFA/Drivers/USB/Core/AVR8/USBInterrupt_AVR8.o
 .debug_abbrev  0x0000178e      0x155 ../../../lufa/LUFA/Drivers/USB/Core/ConfigDescriptors.o
 .debug_abbrev  0x000018e3      0x234 ../../../lufa/LUFA/Drivers/USB/Core/DeviceStandardReq.o
 .debug_abbrev  0x00001b17       0x41 ../../../lufa/LUFA/Drivers/USB/Core/Events.o
 .debug_abbrev  0x00001b58       0x2a ../../../lufa/LUFA/Drivers/USB/Core/HostStandardReq.o
 .debug_abbrev  0x00001b82      0x15c ../../../lufa/LUFA/Drivers/USB/Core/USBTask.o
 .debug_abbrev  0x00001cde      0x176 ../../../lufa/LUFA/Drivers/USB/Class/Device/AudioClassDevice.o
 .debug_abbrev  0x00001e54      0x351 ../../../lufa/LUFA/Drivers/USB/Class/Device/CDCClassDevice.o
 .debug_abbrev  0x000021a5      0x1bc ../../../lufa/LUFA/Drivers/USB/Class/Device/HIDClassDevice.o
 .debug_abbrev  0x00002361      0x205 ../../../lufa/LUFA/Drivers/USB/Class/Device/MassStorageClassDevice.o
 .debug_abbrev  0x00002566      0x19d ../../../lufa/LUFA/Drivers/USB/Class/Device/MIDIClassDevice.o
 .debug_abbrev  0x00002703      0x27e ../../../lufa/LUFA/Drivers/USB/Class/Device/PrinterClassDevice.o
 .debug_abbrev  0x00002981      0x2c4 ../../../lufa/LUFA/Drivers/USB/Class/Device/RNDISClassDevice.o
 .debug_abbrev  0x00002c45       0x2a ../../../lufa/LUFA/Drivers/USB/Class/Host/AndroidAccessoryClassHost.o
 .debug_abbrev  0x00002c6f       0x2a ../../../lufa/LUFA/Drivers/USB/Class/Host/AudioClassHost.o
 .debug_abbrev  0x00002c99       0x2a ../../../lufa/LUFA/Drivers/USB/Class/Host/CDCClassHost.o
 .debug_abbrev  0x00002cc3       0x2a ../../../lufa/LUFA/Drivers/USB/Class/Host/HIDClassHost.o
 .debug_abbrev  0x00002ced       0x2a ../../../lufa/LUFA/Drivers/USB/Class/Host/MassStorageClassHost.o
 .debug_abbrev  0x00002d17       0x2a ../../../lufa/LUFA/Drivers/USB/Class/Host/MIDIClassHost.o
 .debug_abbrev  0x00002d41       0x2a ../../../lufa/LUFA/Drivers/USB/Class/Host/PrinterClassHost.o
 .debug_abbrev  0x00002d6b       0x2a ../../../lufa/LUFA/Drivers/USB/Class/Host/RNDISClassHost.o
 .debug_abbrev  0x00002d95       0x2a ../../../lufa/LUFA/Drivers/USB/Class/Host/StillImageClassHost.o
 .debug_abbrev  0x00002dbf       0x14 /usr/local/CrossPack-AVR-20130212/lib/gcc/avr/4.6.2/avr5/libgcc.a(_udivmodhi4.o)
 .debug_abbrev  0x00002dd3       0x14 /usr/local/CrossPack-AVR-20130212/lib/gcc/avr/4.6.2/avr5/libgcc.a(_udivmodsi4.o)
 .debug_abbrev  0x00002de7       0x14 /usr/local/CrossPack-AVR-20130212/lib/gcc/avr/4.6.2/avr5/libgcc.a(_exit.o)
 .debug_abbrev  0x00002dfb       0x14 /usr/local/CrossPack-AVR-20130212/lib/gcc/avr/4.6.2/avr5/libgcc.a(_copy_data.o)
 .debug_abbrev  0x00002e0f       0x14 /usr/local/CrossPack-AVR-20130212/lib/gcc/avr/4.6.2/avr5/libgcc.a(_clear_bss.o)

.debug_line     0x00000000     0x537d
 *(.debug_line)
 .debug_line    0x00000000      0x916 GenericHID.o
 .debug_line    0x00000916      0x1d8 Descriptors.o
 .debug_line    0x00000aee      0x1d3 AirwaySensors.o
 .debug_line    0x00000cc1      0x120 Timer.o
 .debug_line    0x00000de1      0x1d0 RFID.o
 .debug_line    0x00000fb1      0x19f EscharotomyArm.o
 .debug_line    0x00001150      0x1bc FlowSensor.o
 .debug_line    0x0000130c       0x96 RunningVariance.o
 .debug_line    0x000013a2      0x287 ../../../lufa/LUFA/Drivers/USB/Class/Common/HIDParser.o
 .debug_line    0x00001629      0x12f ../../../lufa/LUFA/Drivers/USB/Core/AVR8/Device_AVR8.o
 .debug_line    0x00001758      0xc8f ../../../lufa/LUFA/Drivers/USB/Core/AVR8/EndpointStream_AVR8.o
 .debug_line    0x000023e7      0x395 ../../../lufa/LUFA/Drivers/USB/Core/AVR8/Endpoint_AVR8.o
 .debug_line    0x0000277c       0x1a ../../../lufa/LUFA/Drivers/USB/Core/AVR8/Host_AVR8.o
 .debug_line    0x00002796       0x1a ../../../lufa/LUFA/Drivers/USB/Core/AVR8/PipeStream_AVR8.o
 .debug_line    0x000027b0       0x1a ../../../lufa/LUFA/Drivers/USB/Core/AVR8/Pipe_AVR8.o
 .debug_line    0x000027ca      0x2b3 ../../../lufa/LUFA/Drivers/USB/Core/AVR8/USBController_AVR8.o
 .debug_line    0x00002a7d      0x387 ../../../lufa/LUFA/Drivers/USB/Core/AVR8/USBInterrupt_AVR8.o
 .debug_line    0x00002e04      0x197 ../../../lufa/LUFA/Drivers/USB/Core/ConfigDescriptors.o
 .debug_line    0x00002f9b      0x344 ../../../lufa/LUFA/Drivers/USB/Core/DeviceStandardReq.o
 .debug_line    0x000032df       0x5a ../../../lufa/LUFA/Drivers/USB/Core/Events.o
 .debug_line    0x00003339       0x1a ../../../lufa/LUFA/Drivers/USB/Core/HostStandardReq.o
 .debug_line    0x00003353      0x178 ../../../lufa/LUFA/Drivers/USB/Core/USBTask.o
 .debug_line    0x000034cb      0x318 ../../../lufa/LUFA/Drivers/USB/Class/Device/AudioClassDevice.o
 .debug_line    0x000037e3      0x596 ../../../lufa/LUFA/Drivers/USB/Class/Device/CDCClassDevice.o
 .debug_line    0x00003d79      0x394 ../../../lufa/LUFA/Drivers/USB/Class/Device/HIDClassDevice.o
 .debug_line    0x0000410d      0x395 ../../../lufa/LUFA/Drivers/USB/Class/Device/MassStorageClassDevice.o
 .debug_line    0x000044a2      0x308 ../../../lufa/LUFA/Drivers/USB/Class/Device/MIDIClassDevice.o
 .debug_line    0x000047aa      0x4f2 ../../../lufa/LUFA/Drivers/USB/Class/Device/PrinterClassDevice.o
 .debug_line    0x00004c9c      0x3ea ../../../lufa/LUFA/Drivers/USB/Class/Device/RNDISClassDevice.o
 .debug_line    0x00005086       0x1a ../../../lufa/LUFA/Drivers/USB/Class/Host/AndroidAccessoryClassHost.o
 .debug_line    0x000050a0       0x1a ../../../lufa/LUFA/Drivers/USB/Class/Host/AudioClassHost.o
 .debug_line    0x000050ba       0x1a ../../../lufa/LUFA/Drivers/USB/Class/Host/CDCClassHost.o
 .debug_line    0x000050d4       0x1a ../../../lufa/LUFA/Drivers/USB/Class/Host/HIDClassHost.o
 .debug_line    0x000050ee       0x1a ../../../lufa/LUFA/Drivers/USB/Class/Host/MassStorageClassHost.o
 .debug_line    0x00005108       0x1a ../../../lufa/LUFA/Drivers/USB/Class/Host/MIDIClassHost.o
 .debug_line    0x00005122       0x1a ../../../lufa/LUFA/Drivers/USB/Class/Host/PrinterClassHost.o
 .debug_line    0x0000513c       0x1a ../../../lufa/LUFA/Drivers/USB/Class/Host/RNDISClassHost.o
 .debug_line    0x00005156       0x1a ../../../lufa/LUFA/Drivers/USB/Class/Host/StillImageClassHost.o
 .debug_line    0x00005170       0x6e /usr/local/CrossPack-AVR-20130212/lib/gcc/avr/4.6.2/avr5/libgcc.a(_udivmodhi4.o)
 .debug_line    0x000051de       0x7c /usr/local/CrossPack-AVR-20130212/lib/gcc/avr/4.6.2/avr5/libgcc.a(_udivmodsi4.o)
 .debug_line    0x0000525a       0x5c /usr/local/CrossPack-AVR-20130212/lib/gcc/avr/4.6.2/avr5/libgcc.a(_exit.o)
 .debug_line    0x000052b6       0x65 /usr/local/CrossPack-AVR-20130212/lib/gcc/avr/4.6.2/avr5/libgcc.a(_copy_data.o)
 .debug_line    0x0000531b       0x62 /usr/local/CrossPack-AVR-20130212/lib/gcc/avr/4.6.2/avr5/libgcc.a(_clear_bss.o)

.debug_frame    0x00000000     0x15ec
 *(.debug_frame)
 .debug_frame   0x00000000      0x17c GenericHID.o
 .debug_frame   0x0000017c       0x24 Descriptors.o
 .debug_frame   0x000001a0      0x218 AirwaySensors.o
 .debug_frame   0x000003b8      0x120 Timer.o
 .debug_frame   0x000004d8       0xe8 RFID.o
 .debug_frame   0x000005c0       0xa0 EscharotomyArm.o
 .debug_frame   0x00000660       0x98 FlowSensor.o
 .debug_frame   0x000006f8       0xc0 RunningVariance.o
 .debug_frame   0x000007b8      0x110 ../../../lufa/LUFA/Drivers/USB/Class/Common/HIDParser.o
 .debug_frame   0x000008c8       0x24 ../../../lufa/LUFA/Drivers/USB/Core/AVR8/Device_AVR8.o
 .debug_frame   0x000008ec      0x42c ../../../lufa/LUFA/Drivers/USB/Core/AVR8/EndpointStream_AVR8.o
 .debug_frame   0x00000d18       0x78 ../../../lufa/LUFA/Drivers/USB/Core/AVR8/Endpoint_AVR8.o
 .debug_frame   0x00000d90       0x58 ../../../lufa/LUFA/Drivers/USB/Core/AVR8/USBController_AVR8.o
 .debug_frame   0x00000de8       0x8c ../../../lufa/LUFA/Drivers/USB/Core/AVR8/USBInterrupt_AVR8.o
 .debug_frame   0x00000e74       0xbc ../../../lufa/LUFA/Drivers/USB/Core/ConfigDescriptors.o
 .debug_frame   0x00000f30       0x38 ../../../lufa/LUFA/Drivers/USB/Core/DeviceStandardReq.o
 .debug_frame   0x00000f68       0x24 ../../../lufa/LUFA/Drivers/USB/Core/Events.o
 .debug_frame   0x00000f8c       0x2c ../../../lufa/LUFA/Drivers/USB/Core/USBTask.o
 .debug_frame   0x00000fb8       0xa8 ../../../lufa/LUFA/Drivers/USB/Class/Device/AudioClassDevice.o
 .debug_frame   0x00001060      0x158 ../../../lufa/LUFA/Drivers/USB/Class/Device/CDCClassDevice.o
 .debug_frame   0x000011b8       0xf4 ../../../lufa/LUFA/Drivers/USB/Class/Device/HIDClassDevice.o
 .debug_frame   0x000012ac       0x80 ../../../lufa/LUFA/Drivers/USB/Class/Device/MassStorageClassDevice.o
 .debug_frame   0x0000132c       0x70 ../../../lufa/LUFA/Drivers/USB/Class/Device/MIDIClassDevice.o
 .debug_frame   0x0000139c      0x144 ../../../lufa/LUFA/Drivers/USB/Class/Device/PrinterClassDevice.o
 .debug_frame   0x000014e0      0x10c ../../../lufa/LUFA/Drivers/USB/Class/Device/RNDISClassDevice.o

.debug_str      0x00000000     0x47fc
 *(.debug_str)
 .debug_str     0x00000000      0xb63 GenericHID.o
                                0xc1d (size before relaxing)
 .debug_str     0x00000b63      0x6d2 Descriptors.o
                                0x889 (size before relaxing)
 .debug_str     0x00001235      0x182 AirwaySensors.o
                                0x2e2 (size before relaxing)
 .debug_str     0x000013b7       0x77 Timer.o
                                0x15c (size before relaxing)
 .debug_str     0x0000142e      0x218 RFID.o
                                0x349 (size before relaxing)
 .debug_str     0x00001646       0x9e EscharotomyArm.o
                                0x1f1 (size before relaxing)
 .debug_str     0x000016e4      0x1c8 FlowSensor.o
                                0x398 (size before relaxing)
 .debug_str     0x000018ac       0x60 RunningVariance.o
                                 0xd9 (size before relaxing)
 .debug_str     0x0000190c      0x415 ../../../lufa/LUFA/Drivers/USB/Class/Common/HIDParser.o
                                0x5d3 (size before relaxing)
 .debug_str     0x00001d21       0x7f ../../../lufa/LUFA/Drivers/USB/Core/AVR8/Device_AVR8.o
                                0x136 (size before relaxing)
 .debug_str     0x00001da0      0x649 ../../../lufa/LUFA/Drivers/USB/Core/AVR8/EndpointStream_AVR8.o
                                0x75c (size before relaxing)
 .debug_str     0x000023e9      0x2f6 ../../../lufa/LUFA/Drivers/USB/Core/AVR8/Endpoint_AVR8.o
                                0x558 (size before relaxing)
 .debug_str     0x000026df       0x35 ../../../lufa/LUFA/Drivers/USB/Core/AVR8/Host_AVR8.o
                                 0xde (size before relaxing)
 .debug_str     0x00002714       0x3b ../../../lufa/LUFA/Drivers/USB/Core/AVR8/PipeStream_AVR8.o
                                 0xe4 (size before relaxing)
 .debug_str     0x0000274f       0x35 ../../../lufa/LUFA/Drivers/USB/Core/AVR8/Pipe_AVR8.o
                                 0xde (size before relaxing)
 .debug_str     0x00002784      0x1c8 ../../../lufa/LUFA/Drivers/USB/Core/AVR8/USBController_AVR8.o
                                0x440 (size before relaxing)
 .debug_str     0x0000294c       0xf1 ../../../lufa/LUFA/Drivers/USB/Core/AVR8/USBInterrupt_AVR8.o
                                0x3b2 (size before relaxing)
 .debug_str     0x00002a3d      0x22f ../../../lufa/LUFA/Drivers/USB/Core/ConfigDescriptors.o
                                0x31e (size before relaxing)
 .debug_str     0x00002c6c      0x42a ../../../lufa/LUFA/Drivers/USB/Core/DeviceStandardReq.o
                                0x84c (size before relaxing)
 .debug_str     0x00003096       0x3c ../../../lufa/LUFA/Drivers/USB/Core/Events.o
                                 0xe5 (size before relaxing)
 .debug_str     0x000030d2       0x36 ../../../lufa/LUFA/Drivers/USB/Core/HostStandardReq.o
                                 0xdf (size before relaxing)
 .debug_str     0x00003108       0x72 ../../../lufa/LUFA/Drivers/USB/Core/USBTask.o
                                0x29c (size before relaxing)
 .debug_str     0x0000317a      0x277 ../../../lufa/LUFA/Drivers/USB/Class/Device/AudioClassDevice.o
                                0x51c (size before relaxing)
 .debug_str     0x000033f1      0x3ba ../../../lufa/LUFA/Drivers/USB/Class/Device/CDCClassDevice.o
                                0x8d0 (size before relaxing)
 .debug_str     0x000037ab      0x153 ../../../lufa/LUFA/Drivers/USB/Class/Device/HIDClassDevice.o
                                0x54b (size before relaxing)
 .debug_str     0x000038fe      0x245 ../../../lufa/LUFA/Drivers/USB/Class/Device/MassStorageClassDevice.o
                                0x6ac (size before relaxing)
 .debug_str     0x00003b43      0x120 ../../../lufa/LUFA/Drivers/USB/Class/Device/MIDIClassDevice.o
                                0x54a (size before relaxing)
 .debug_str     0x00003c63      0x274 ../../../lufa/LUFA/Drivers/USB/Class/Device/PrinterClassDevice.o
                                0x7e4 (size before relaxing)
 .debug_str     0x00003ed7      0x6ff ../../../lufa/LUFA/Drivers/USB/Class/Device/RNDISClassDevice.o
                                0xbf3 (size before relaxing)
 .debug_str     0x000045d6       0x46 ../../../lufa/LUFA/Drivers/USB/Class/Host/AndroidAccessoryClassHost.o
                                 0xef (size before relaxing)
 .debug_str     0x0000461c       0x3b ../../../lufa/LUFA/Drivers/USB/Class/Host/AudioClassHost.o
                                 0xe4 (size before relaxing)
 .debug_str     0x00004657       0x39 ../../../lufa/LUFA/Drivers/USB/Class/Host/CDCClassHost.o
                                 0xe2 (size before relaxing)
 .debug_str     0x00004690       0x39 ../../../lufa/LUFA/Drivers/USB/Class/Host/HIDClassHost.o
                                 0xe2 (size before relaxing)
 .debug_str     0x000046c9       0x41 ../../../lufa/LUFA/Drivers/USB/Class/Host/MassStorageClassHost.o
                                 0xea (size before relaxing)
 .debug_str     0x0000470a       0x3a ../../../lufa/LUFA/Drivers/USB/Class/Host/MIDIClassHost.o
                                 0xe3 (size before relaxing)
 .debug_str     0x00004744       0x3d ../../../lufa/LUFA/Drivers/USB/Class/Host/PrinterClassHost.o
                                 0xe6 (size before relaxing)
 .debug_str     0x00004781       0x3b ../../../lufa/LUFA/Drivers/USB/Class/Host/RNDISClassHost.o
                                 0xe4 (size before relaxing)
 .debug_str     0x000047bc       0x40 ../../../lufa/LUFA/Drivers/USB/Class/Host/StillImageClassHost.o
                                 0xe9 (size before relaxing)

.debug_loc      0x00000000     0x7ec8
 *(.debug_loc)
 .debug_loc     0x00000000     0x11d5 GenericHID.o
 .debug_loc     0x000011d5      0x192 Descriptors.o
 .debug_loc     0x00001367      0x95c AirwaySensors.o
 .debug_loc     0x00001cc3      0x2fa Timer.o
 .debug_loc     0x00001fbd      0x2cf RFID.o
 .debug_loc     0x0000228c      0x126 EscharotomyArm.o
 .debug_loc     0x000023b2      0x23f FlowSensor.o
 .debug_loc     0x000025f1      0x34f RunningVariance.o
 .debug_loc     0x00002940      0xb47 ../../../lufa/LUFA/Drivers/USB/Class/Common/HIDParser.o
 .debug_loc     0x00003487     0x1be5 ../../../lufa/LUFA/Drivers/USB/Core/AVR8/EndpointStream_AVR8.o
 .debug_loc     0x0000506c      0x361 ../../../lufa/LUFA/Drivers/USB/Core/AVR8/Endpoint_AVR8.o
 .debug_loc     0x000053cd       0x49 ../../../lufa/LUFA/Drivers/USB/Core/AVR8/USBController_AVR8.o
 .debug_loc     0x00005416      0x247 ../../../lufa/LUFA/Drivers/USB/Core/AVR8/USBInterrupt_AVR8.o
 .debug_loc     0x0000565d      0x433 ../../../lufa/LUFA/Drivers/USB/Core/ConfigDescriptors.o
 .debug_loc     0x00005a90      0x284 ../../../lufa/LUFA/Drivers/USB/Core/DeviceStandardReq.o
 .debug_loc     0x00005d14       0x49 ../../../lufa/LUFA/Drivers/USB/Core/USBTask.o
 .debug_loc     0x00005d5d      0x286 ../../../lufa/LUFA/Drivers/USB/Class/Device/AudioClassDevice.o
 .debug_loc     0x00005fe3      0x634 ../../../lufa/LUFA/Drivers/USB/Class/Device/CDCClassDevice.o
 .debug_loc     0x00006617      0x46f ../../../lufa/LUFA/Drivers/USB/Class/Device/HIDClassDevice.o
 .debug_loc     0x00006a86      0x22c ../../../lufa/LUFA/Drivers/USB/Class/Device/MassStorageClassDevice.o
 .debug_loc     0x00006cb2      0x215 ../../../lufa/LUFA/Drivers/USB/Class/Device/MIDIClassDevice.o
 .debug_loc     0x00006ec7      0x694 ../../../lufa/LUFA/Drivers/USB/Class/Device/PrinterClassDevice.o
 .debug_loc     0x0000755b      0x96d ../../../lufa/LUFA/Drivers/USB/Class/Device/RNDISClassDevice.o

.debug_macinfo
 *(.debug_macinfo)
OUTPUT(GenericHID.elf elf32-avr)
LOAD linker stubs

.debug_ranges   0x00000000      0xda0
 .debug_ranges  0x00000000      0x570 GenericHID.o
 .debug_ranges  0x00000570       0x10 Descriptors.o
 .debug_ranges  0x00000580       0x68 AirwaySensors.o
 .debug_ranges  0x000005e8       0x40 Timer.o
 .debug_ranges  0x00000628       0x40 RFID.o
 .debug_ranges  0x00000668       0x48 EscharotomyArm.o
 .debug_ranges  0x000006b0       0x30 FlowSensor.o
 .debug_ranges  0x000006e0       0x28 RunningVariance.o
 .debug_ranges  0x00000708       0xc8 ../../../lufa/LUFA/Drivers/USB/Class/Common/HIDParser.o
 .debug_ranges  0x000007d0       0x10 ../../../lufa/LUFA/Drivers/USB/Core/AVR8/Device_AVR8.o
 .debug_ranges  0x000007e0      0x268 ../../../lufa/LUFA/Drivers/USB/Core/AVR8/EndpointStream_AVR8.o
 .debug_ranges  0x00000a48       0xa8 ../../../lufa/LUFA/Drivers/USB/Core/AVR8/Endpoint_AVR8.o
 .debug_ranges  0x00000af0       0x20 ../../../lufa/LUFA/Drivers/USB/Core/AVR8/USBController_AVR8.o
 .debug_ranges  0x00000b10       0x20 ../../../lufa/LUFA/Drivers/USB/Core/AVR8/USBInterrupt_AVR8.o
 .debug_ranges  0x00000b30       0x28 ../../../lufa/LUFA/Drivers/USB/Core/ConfigDescriptors.o
 .debug_ranges  0x00000b58       0x10 ../../../lufa/LUFA/Drivers/USB/Core/DeviceStandardReq.o
 .debug_ranges  0x00000b68       0x10 ../../../lufa/LUFA/Drivers/USB/Core/Events.o
 .debug_ranges  0x00000b78       0x10 ../../../lufa/LUFA/Drivers/USB/Core/USBTask.o
 .debug_ranges  0x00000b88       0x20 ../../../lufa/LUFA/Drivers/USB/Class/Device/AudioClassDevice.o
 .debug_ranges  0x00000ba8       0x88 ../../../lufa/LUFA/Drivers/USB/Class/Device/CDCClassDevice.o
 .debug_ranges  0x00000c30       0x20 ../../../lufa/LUFA/Drivers/USB/Class/Device/HIDClassDevice.o
 .debug_ranges  0x00000c50       0x20 ../../../lufa/LUFA/Drivers/USB/Class/Device/MassStorageClassDevice.o
 .debug_ranges  0x00000c70       0x30 ../../../lufa/LUFA/Drivers/USB/Class/Device/MIDIClassDevice.o
 .debug_ranges  0x00000ca0       0x80 ../../../lufa/LUFA/Drivers/USB/Class/Device/PrinterClassDevice.o
 .debug_ranges  0x00000d20       0x80 ../../../lufa/LUFA/Drivers/USB/Class/Device/RNDISClassDevice.o

Cross Reference Table

Symbol                                            File
ANTIBIOTICS_msg_waiting                           FlowSensor.o
                                                  GenericHID.o
Audio_Device_ConfigureEndpoints                   ../../../lufa/LUFA/Drivers/USB/Class/Device/AudioClassDevice.o
Audio_Device_Event_Stub                           ../../../lufa/LUFA/Drivers/USB/Class/Device/AudioClassDevice.o
Audio_Device_ProcessControlRequest                ../../../lufa/LUFA/Drivers/USB/Class/Device/AudioClassDevice.o
Boot_Key                                          GenericHID.o
Bootloader_Jump_Check                             GenericHID.o
CALLBACK_Audio_Device_GetSetEndpointProperty      ../../../lufa/LUFA/Drivers/USB/Class/Device/AudioClassDevice.o
CALLBACK_Audio_Device_GetSetInterfaceProperty     ../../../lufa/LUFA/Drivers/USB/Class/Device/AudioClassDevice.o
CALLBACK_HIDParser_FilterHIDReportItem            ../../../lufa/LUFA/Drivers/USB/Class/Common/HIDParser.o
CALLBACK_HID_Device_CreateHIDReport               GenericHID.o
                                                  ../../../lufa/LUFA/Drivers/USB/Class/Device/HIDClassDevice.o
CALLBACK_HID_Device_ProcessHIDReport              GenericHID.o
                                                  ../../../lufa/LUFA/Drivers/USB/Class/Device/HIDClassDevice.o
CALLBACK_MS_Device_SCSICommandReceived            ../../../lufa/LUFA/Drivers/USB/Class/Device/MassStorageClassDevice.o
CALLBACK_USB_GetDescriptor                        Descriptors.o
                                                  ../../../lufa/LUFA/Drivers/USB/Core/DeviceStandardReq.o
CDC_Device_BytesReceived                          ../../../lufa/LUFA/Drivers/USB/Class/Device/CDCClassDevice.o
CDC_Device_ConfigureEndpoints                     ../../../lufa/LUFA/Drivers/USB/Class/Device/CDCClassDevice.o
CDC_Device_CreateBlockingStream                   ../../../lufa/LUFA/Drivers/USB/Class/Device/CDCClassDevice.o
CDC_Device_CreateStream                           ../../../lufa/LUFA/Drivers/USB/Class/Device/CDCClassDevice.o
CDC_Device_Event_Stub                             ../../../lufa/LUFA/Drivers/USB/Class/Device/CDCClassDevice.o
CDC_Device_Flush                                  ../../../lufa/LUFA/Drivers/USB/Class/Device/CDCClassDevice.o
CDC_Device_ProcessControlRequest                  ../../../lufa/LUFA/Drivers/USB/Class/Device/CDCClassDevice.o
CDC_Device_ReceiveByte                            ../../../lufa/LUFA/Drivers/USB/Class/Device/CDCClassDevice.o
CDC_Device_SendByte                               ../../../lufa/LUFA/Drivers/USB/Class/Device/CDCClassDevice.o
CDC_Device_SendControlLineStateChange             ../../../lufa/LUFA/Drivers/USB/Class/Device/CDCClassDevice.o
CDC_Device_SendData                               ../../../lufa/LUFA/Drivers/USB/Class/Device/CDCClassDevice.o
CDC_Device_SendString                             ../../../lufa/LUFA/Drivers/USB/Class/Device/CDCClassDevice.o
CDC_Device_USBTask                                ../../../lufa/LUFA/Drivers/USB/Class/Device/CDCClassDevice.o
ConfigurationDescriptor                           Descriptors.o
DeviceDescriptor                                  Descriptors.o
ETOMIDATE_msg_waiting                             FlowSensor.o
                                                  GenericHID.o
EVENT_Audio_Device_StreamStartStop                ../../../lufa/LUFA/Drivers/USB/Class/Device/AudioClassDevice.o
EVENT_CDC_Device_BreakSent                        ../../../lufa/LUFA/Drivers/USB/Class/Device/CDCClassDevice.o
EVENT_CDC_Device_ControLineStateChanged           ../../../lufa/LUFA/Drivers/USB/Class/Device/CDCClassDevice.o
EVENT_CDC_Device_LineEncodingChanged              ../../../lufa/LUFA/Drivers/USB/Class/Device/CDCClassDevice.o
EVENT_PRNT_Device_SoftReset                       ../../../lufa/LUFA/Drivers/USB/Class/Device/PrinterClassDevice.o
EVENT_USB_Device_ConfigurationChanged             GenericHID.o
                                                  ../../../lufa/LUFA/Drivers/USB/Core/DeviceStandardReq.o
EVENT_USB_Device_Connect                          GenericHID.o
                                                  ../../../lufa/LUFA/Drivers/USB/Core/AVR8/USBInterrupt_AVR8.o
EVENT_USB_Device_ControlRequest                   GenericHID.o
                                                  ../../../lufa/LUFA/Drivers/USB/Core/DeviceStandardReq.o
EVENT_USB_Device_Disconnect                       GenericHID.o
                                                  ../../../lufa/LUFA/Drivers/USB/Core/AVR8/USBInterrupt_AVR8.o
EVENT_USB_Device_Reset                            ../../../lufa/LUFA/Drivers/USB/Core/Events.o
                                                  ../../../lufa/LUFA/Drivers/USB/Core/AVR8/USBInterrupt_AVR8.o
EVENT_USB_Device_StartOfFrame                     GenericHID.o
                                                  ../../../lufa/LUFA/Drivers/USB/Core/AVR8/USBInterrupt_AVR8.o
EVENT_USB_Device_Suspend                          ../../../lufa/LUFA/Drivers/USB/Core/Events.o
                                                  ../../../lufa/LUFA/Drivers/USB/Core/AVR8/USBInterrupt_AVR8.o
EVENT_USB_Device_WakeUp                           ../../../lufa/LUFA/Drivers/USB/Core/Events.o
                                                  ../../../lufa/LUFA/Drivers/USB/Core/AVR8/USBInterrupt_AVR8.o
Endpoint_ClearEndpoints                           ../../../lufa/LUFA/Drivers/USB/Core/AVR8/Endpoint_AVR8.o
Endpoint_ClearStatusStage                         ../../../lufa/LUFA/Drivers/USB/Core/AVR8/Endpoint_AVR8.o
                                                  ../../../lufa/LUFA/Drivers/USB/Class/Device/PrinterClassDevice.o
                                                  ../../../lufa/LUFA/Drivers/USB/Class/Device/MassStorageClassDevice.o
                                                  ../../../lufa/LUFA/Drivers/USB/Class/Device/HIDClassDevice.o
                                                  ../../../lufa/LUFA/Drivers/USB/Class/Device/CDCClassDevice.o
                                                  ../../../lufa/LUFA/Drivers/USB/Class/Device/AudioClassDevice.o
                                                  ../../../lufa/LUFA/Drivers/USB/Core/DeviceStandardReq.o
Endpoint_ConfigureEndpointTable                   ../../../lufa/LUFA/Drivers/USB/Core/AVR8/Endpoint_AVR8.o
                                                  ../../../lufa/LUFA/Drivers/USB/Class/Device/RNDISClassDevice.o
                                                  ../../../lufa/LUFA/Drivers/USB/Class/Device/PrinterClassDevice.o
                                                  ../../../lufa/LUFA/Drivers/USB/Class/Device/MIDIClassDevice.o
                                                  ../../../lufa/LUFA/Drivers/USB/Class/Device/MassStorageClassDevice.o
                                                  ../../../lufa/LUFA/Drivers/USB/Class/Device/HIDClassDevice.o
                                                  ../../../lufa/LUFA/Drivers/USB/Class/Device/CDCClassDevice.o
                                                  ../../../lufa/LUFA/Drivers/USB/Class/Device/AudioClassDevice.o
Endpoint_ConfigureEndpoint_Prv                    ../../../lufa/LUFA/Drivers/USB/Core/AVR8/Endpoint_AVR8.o
                                                  ../../../lufa/LUFA/Drivers/USB/Core/AVR8/USBInterrupt_AVR8.o
                                                  ../../../lufa/LUFA/Drivers/USB/Core/AVR8/USBController_AVR8.o
Endpoint_Discard_Stream                           ../../../lufa/LUFA/Drivers/USB/Core/AVR8/EndpointStream_AVR8.o
Endpoint_Null_Stream                              ../../../lufa/LUFA/Drivers/USB/Core/AVR8/EndpointStream_AVR8.o
Endpoint_Read_Control_EStream_BE                  ../../../lufa/LUFA/Drivers/USB/Core/AVR8/EndpointStream_AVR8.o
Endpoint_Read_Control_EStream_LE                  ../../../lufa/LUFA/Drivers/USB/Core/AVR8/EndpointStream_AVR8.o
Endpoint_Read_Control_Stream_BE                   ../../../lufa/LUFA/Drivers/USB/Core/AVR8/EndpointStream_AVR8.o
Endpoint_Read_Control_Stream_LE                   ../../../lufa/LUFA/Drivers/USB/Core/AVR8/EndpointStream_AVR8.o
                                                  ../../../lufa/LUFA/Drivers/USB/Class/Device/RNDISClassDevice.o
                                                  ../../../lufa/LUFA/Drivers/USB/Class/Device/HIDClassDevice.o
                                                  ../../../lufa/LUFA/Drivers/USB/Class/Device/AudioClassDevice.o
Endpoint_Read_EStream_BE                          ../../../lufa/LUFA/Drivers/USB/Core/AVR8/EndpointStream_AVR8.o
Endpoint_Read_EStream_LE                          ../../../lufa/LUFA/Drivers/USB/Core/AVR8/EndpointStream_AVR8.o
Endpoint_Read_Stream_BE                           ../../../lufa/LUFA/Drivers/USB/Core/AVR8/EndpointStream_AVR8.o
Endpoint_Read_Stream_LE                           ../../../lufa/LUFA/Drivers/USB/Core/AVR8/EndpointStream_AVR8.o
                                                  ../../../lufa/LUFA/Drivers/USB/Class/Device/RNDISClassDevice.o
                                                  ../../../lufa/LUFA/Drivers/USB/Class/Device/MIDIClassDevice.o
                                                  ../../../lufa/LUFA/Drivers/USB/Class/Device/MassStorageClassDevice.o
Endpoint_WaitUntilReady                           ../../../lufa/LUFA/Drivers/USB/Core/AVR8/Endpoint_AVR8.o
                                                  ../../../lufa/LUFA/Drivers/USB/Class/Device/RNDISClassDevice.o
                                                  ../../../lufa/LUFA/Drivers/USB/Class/Device/PrinterClassDevice.o
                                                  ../../../lufa/LUFA/Drivers/USB/Class/Device/MIDIClassDevice.o
                                                  ../../../lufa/LUFA/Drivers/USB/Class/Device/CDCClassDevice.o
                                                  ../../../lufa/LUFA/Drivers/USB/Core/AVR8/EndpointStream_AVR8.o
Endpoint_Write_Control_EStream_BE                 ../../../lufa/LUFA/Drivers/USB/Core/AVR8/EndpointStream_AVR8.o
Endpoint_Write_Control_EStream_LE                 ../../../lufa/LUFA/Drivers/USB/Core/AVR8/EndpointStream_AVR8.o
Endpoint_Write_Control_PStream_BE                 ../../../lufa/LUFA/Drivers/USB/Core/AVR8/EndpointStream_AVR8.o
Endpoint_Write_Control_PStream_LE                 ../../../lufa/LUFA/Drivers/USB/Core/AVR8/EndpointStream_AVR8.o
                                                  ../../../lufa/LUFA/Drivers/USB/Core/DeviceStandardReq.o
Endpoint_Write_Control_Stream_BE                  ../../../lufa/LUFA/Drivers/USB/Core/AVR8/EndpointStream_AVR8.o
Endpoint_Write_Control_Stream_LE                  ../../../lufa/LUFA/Drivers/USB/Core/AVR8/EndpointStream_AVR8.o
                                                  ../../../lufa/LUFA/Drivers/USB/Class/Device/RNDISClassDevice.o
                                                  ../../../lufa/LUFA/Drivers/USB/Class/Device/PrinterClassDevice.o
                                                  ../../../lufa/LUFA/Drivers/USB/Class/Device/HIDClassDevice.o
                                                  ../../../lufa/LUFA/Drivers/USB/Class/Device/AudioClassDevice.o
                                                  ../../../lufa/LUFA/Drivers/USB/Core/DeviceStandardReq.o
Endpoint_Write_EStream_BE                         ../../../lufa/LUFA/Drivers/USB/Core/AVR8/EndpointStream_AVR8.o
Endpoint_Write_EStream_LE                         ../../../lufa/LUFA/Drivers/USB/Core/AVR8/EndpointStream_AVR8.o
Endpoint_Write_PStream_BE                         ../../../lufa/LUFA/Drivers/USB/Core/AVR8/EndpointStream_AVR8.o
Endpoint_Write_PStream_LE                         ../../../lufa/LUFA/Drivers/USB/Core/AVR8/EndpointStream_AVR8.o
Endpoint_Write_Stream_BE                          ../../../lufa/LUFA/Drivers/USB/Core/AVR8/EndpointStream_AVR8.o
Endpoint_Write_Stream_LE                          ../../../lufa/LUFA/Drivers/USB/Core/AVR8/EndpointStream_AVR8.o
                                                  ../../../lufa/LUFA/Drivers/USB/Class/Device/RNDISClassDevice.o
                                                  ../../../lufa/LUFA/Drivers/USB/Class/Device/PrinterClassDevice.o
                                                  ../../../lufa/LUFA/Drivers/USB/Class/Device/MIDIClassDevice.o
                                                  ../../../lufa/LUFA/Drivers/USB/Class/Device/MassStorageClassDevice.o
                                                  ../../../lufa/LUFA/Drivers/USB/Class/Device/HIDClassDevice.o
                                                  ../../../lufa/LUFA/Drivers/USB/Class/Device/CDCClassDevice.o
FENTANYL_msg_waiting                              FlowSensor.o
                                                  GenericHID.o
GenericReport                                     Descriptors.o
Generic_HID_Interface                             GenericHID.o
HID_Device_ConfigureEndpoints                     ../../../lufa/LUFA/Drivers/USB/Class/Device/HIDClassDevice.o
                                                  GenericHID.o
HID_Device_ProcessControlRequest                  ../../../lufa/LUFA/Drivers/USB/Class/Device/HIDClassDevice.o
                                                  GenericHID.o
HID_Device_USBTask                                ../../../lufa/LUFA/Drivers/USB/Class/Device/HIDClassDevice.o
                                                  GenericHID.o
HID_Report_IDs                                    Descriptors.o
                                                  GenericHID.o
Jump_To_Bootloader                                GenericHID.o
KETAMINE_msg_waiting                              FlowSensor.o
                                                  GenericHID.o
LIDOCANE_msg_waiting                              FlowSensor.o
                                                  GenericHID.o
LanguageString                                    Descriptors.o
MIDI_Device_ConfigureEndpoints                    ../../../lufa/LUFA/Drivers/USB/Class/Device/MIDIClassDevice.o
MIDI_Device_Flush                                 ../../../lufa/LUFA/Drivers/USB/Class/Device/MIDIClassDevice.o
MIDI_Device_ReceiveEventPacket                    ../../../lufa/LUFA/Drivers/USB/Class/Device/MIDIClassDevice.o
MIDI_Device_SendEventPacket                       ../../../lufa/LUFA/Drivers/USB/Class/Device/MIDIClassDevice.o
MIDI_Device_USBTask                               ../../../lufa/LUFA/Drivers/USB/Class/Device/MIDIClassDevice.o
MORPHINE_msg_waiting                              FlowSensor.o
                                                  GenericHID.o
MS_Device_ConfigureEndpoints                      ../../../lufa/LUFA/Drivers/USB/Class/Device/MassStorageClassDevice.o
MS_Device_ProcessControlRequest                   ../../../lufa/LUFA/Drivers/USB/Class/Device/MassStorageClassDevice.o
MS_Device_USBTask                                 ../../../lufa/LUFA/Drivers/USB/Class/Device/MassStorageClassDevice.o
ManufacturerString                                Descriptors.o
PRNT_Device_BytesReceived                         ../../../lufa/LUFA/Drivers/USB/Class/Device/PrinterClassDevice.o
PRNT_Device_ConfigureEndpoints                    ../../../lufa/LUFA/Drivers/USB/Class/Device/PrinterClassDevice.o
PRNT_Device_CreateBlockingStream                  ../../../lufa/LUFA/Drivers/USB/Class/Device/PrinterClassDevice.o
PRNT_Device_CreateStream                          ../../../lufa/LUFA/Drivers/USB/Class/Device/PrinterClassDevice.o
PRNT_Device_Event_Stub                            ../../../lufa/LUFA/Drivers/USB/Class/Device/PrinterClassDevice.o
PRNT_Device_Flush                                 ../../../lufa/LUFA/Drivers/USB/Class/Device/PrinterClassDevice.o
PRNT_Device_ProcessControlRequest                 ../../../lufa/LUFA/Drivers/USB/Class/Device/PrinterClassDevice.o
PRNT_Device_ReceiveByte                           ../../../lufa/LUFA/Drivers/USB/Class/Device/PrinterClassDevice.o
PRNT_Device_SendByte                              ../../../lufa/LUFA/Drivers/USB/Class/Device/PrinterClassDevice.o
PRNT_Device_SendData                              ../../../lufa/LUFA/Drivers/USB/Class/Device/PrinterClassDevice.o
PRNT_Device_SendString                            ../../../lufa/LUFA/Drivers/USB/Class/Device/PrinterClassDevice.o
PRNT_Device_USBTask                               ../../../lufa/LUFA/Drivers/USB/Class/Device/PrinterClassDevice.o
PROPOFOL_msg_waiting                              FlowSensor.o
                                                  GenericHID.o
ProductString                                     Descriptors.o
RNDIS_Device_ConfigureEndpoints                   ../../../lufa/LUFA/Drivers/USB/Class/Device/RNDISClassDevice.o
RNDIS_Device_IsPacketReceived                     ../../../lufa/LUFA/Drivers/USB/Class/Device/RNDISClassDevice.o
RNDIS_Device_ProcessControlRequest                ../../../lufa/LUFA/Drivers/USB/Class/Device/RNDISClassDevice.o
RNDIS_Device_ReadPacket                           ../../../lufa/LUFA/Drivers/USB/Class/Device/RNDISClassDevice.o
RNDIS_Device_SendPacket                           ../../../lufa/LUFA/Drivers/USB/Class/Device/RNDISClassDevice.o
RNDIS_Device_USBTask                              ../../../lufa/LUFA/Drivers/USB/Class/Device/RNDISClassDevice.o
ROC_msg_waiting                                   FlowSensor.o
                                                  GenericHID.o
SetupHardware                                     GenericHID.o
USB_ControlRequest                                ../../../lufa/LUFA/Drivers/USB/Class/Device/RNDISClassDevice.o
                                                  ../../../lufa/LUFA/Drivers/USB/Class/Device/PrinterClassDevice.o
                                                  ../../../lufa/LUFA/Drivers/USB/Class/Device/MassStorageClassDevice.o
                                                  ../../../lufa/LUFA/Drivers/USB/Class/Device/HIDClassDevice.o
                                                  ../../../lufa/LUFA/Drivers/USB/Class/Device/CDCClassDevice.o
                                                  ../../../lufa/LUFA/Drivers/USB/Class/Device/AudioClassDevice.o
                                                  ../../../lufa/LUFA/Drivers/USB/Core/USBTask.o
                                                  ../../../lufa/LUFA/Drivers/USB/Core/DeviceStandardReq.o
                                                  ../../../lufa/LUFA/Drivers/USB/Core/AVR8/Endpoint_AVR8.o
                                                  ../../../lufa/LUFA/Drivers/USB/Core/AVR8/EndpointStream_AVR8.o
USB_DeviceState                                   ../../../lufa/LUFA/Drivers/USB/Class/Device/RNDISClassDevice.o
                                                  ../../../lufa/LUFA/Drivers/USB/Class/Device/PrinterClassDevice.o
                                                  ../../../lufa/LUFA/Drivers/USB/Class/Device/MIDIClassDevice.o
                                                  ../../../lufa/LUFA/Drivers/USB/Class/Device/MassStorageClassDevice.o
                                                  ../../../lufa/LUFA/Drivers/USB/Class/Device/HIDClassDevice.o
                                                  ../../../lufa/LUFA/Drivers/USB/Class/Device/CDCClassDevice.o
                                                  ../../../lufa/LUFA/Drivers/USB/Core/USBTask.o
                                                  ../../../lufa/LUFA/Drivers/USB/Core/DeviceStandardReq.o
                                                  ../../../lufa/LUFA/Drivers/USB/Core/AVR8/USBInterrupt_AVR8.o
                                                  ../../../lufa/LUFA/Drivers/USB/Core/AVR8/USBController_AVR8.o
                                                  ../../../lufa/LUFA/Drivers/USB/Core/AVR8/Endpoint_AVR8.o
                                                  ../../../lufa/LUFA/Drivers/USB/Core/AVR8/EndpointStream_AVR8.o
USB_Device_ConfigurationNumber                    ../../../lufa/LUFA/Drivers/USB/Core/DeviceStandardReq.o
                                                  ../../../lufa/LUFA/Drivers/USB/Core/AVR8/USBInterrupt_AVR8.o
                                                  ../../../lufa/LUFA/Drivers/USB/Core/AVR8/USBController_AVR8.o
USB_Device_CurrentlySelfPowered                   ../../../lufa/LUFA/Drivers/USB/Core/DeviceStandardReq.o
                                                  ../../../lufa/LUFA/Drivers/USB/Core/AVR8/USBController_AVR8.o
USB_Device_ProcessControlRequest                  ../../../lufa/LUFA/Drivers/USB/Core/DeviceStandardReq.o
                                                  ../../../lufa/LUFA/Drivers/USB/Core/USBTask.o
USB_Device_RemoteWakeupEnabled                    ../../../lufa/LUFA/Drivers/USB/Core/DeviceStandardReq.o
                                                  ../../../lufa/LUFA/Drivers/USB/Core/AVR8/USBController_AVR8.o
USB_Device_SendRemoteWakeup                       ../../../lufa/LUFA/Drivers/USB/Core/AVR8/Device_AVR8.o
USB_Disable                                       ../../../lufa/LUFA/Drivers/USB/Core/AVR8/USBController_AVR8.o
USB_Event_Stub                                    ../../../lufa/LUFA/Drivers/USB/Core/Events.o
USB_GetHIDReportItemInfo                          ../../../lufa/LUFA/Drivers/USB/Class/Common/HIDParser.o
USB_GetHIDReportSize                              ../../../lufa/LUFA/Drivers/USB/Class/Common/HIDParser.o
USB_GetNextDescriptorComp                         ../../../lufa/LUFA/Drivers/USB/Core/ConfigDescriptors.o
USB_GetNextDescriptorOfType                       ../../../lufa/LUFA/Drivers/USB/Core/ConfigDescriptors.o
USB_GetNextDescriptorOfTypeAfter                  ../../../lufa/LUFA/Drivers/USB/Core/ConfigDescriptors.o
USB_GetNextDescriptorOfTypeBefore                 ../../../lufa/LUFA/Drivers/USB/Core/ConfigDescriptors.o
USB_INT_ClearAllInterrupts                        ../../../lufa/LUFA/Drivers/USB/Core/AVR8/USBInterrupt_AVR8.o
                                                  ../../../lufa/LUFA/Drivers/USB/Core/AVR8/USBController_AVR8.o
USB_INT_DisableAllInterrupts                      ../../../lufa/LUFA/Drivers/USB/Core/AVR8/USBInterrupt_AVR8.o
                                                  ../../../lufa/LUFA/Drivers/USB/Core/AVR8/USBController_AVR8.o
USB_Init                                          ../../../lufa/LUFA/Drivers/USB/Core/AVR8/USBController_AVR8.o
                                                  GenericHID.o
USB_IsInitialized                                 ../../../lufa/LUFA/Drivers/USB/Core/USBTask.o
                                                  ../../../lufa/LUFA/Drivers/USB/Core/AVR8/USBController_AVR8.o
USB_ProcessHIDReport                              ../../../lufa/LUFA/Drivers/USB/Class/Common/HIDParser.o
USB_ResetInterface                                ../../../lufa/LUFA/Drivers/USB/Core/AVR8/USBController_AVR8.o
USB_SetHIDReportItemInfo                          ../../../lufa/LUFA/Drivers/USB/Class/Common/HIDParser.o
USB_USBTask                                       ../../../lufa/LUFA/Drivers/USB/Core/USBTask.o
                                                  ../../../lufa/LUFA/Drivers/USB/Class/Device/PrinterClassDevice.o
                                                  ../../../lufa/LUFA/Drivers/USB/Class/Device/MassStorageClassDevice.o
                                                  ../../../lufa/LUFA/Drivers/USB/Class/Device/CDCClassDevice.o
                                                  ../../../lufa/LUFA/Drivers/USB/Core/AVR8/EndpointStream_AVR8.o
                                                  GenericHID.o
__addsf3                                          /usr/local/CrossPack-AVR-20130212/lib/gcc/avr/4.6.2/../../../../avr/lib/avr5/libm.a(addsf3.o)
                                                  RunningVariance.o
__addsf3x                                         /usr/local/CrossPack-AVR-20130212/lib/gcc/avr/4.6.2/../../../../avr/lib/avr5/libm.a(addsf3x.o)